Component: ARM Compiler 5.06 update 7 (build 960) Tool: armlink [4d3601]

==============================================================================

Section Cross References

    startup_stm32f103xe.o(RESET) refers to startup_stm32f103xe.o(STACK) for __initial_sp
    startup_stm32f103xe.o(RESET) refers to startup_stm32f103xe.o(.text) for Reset_Handler
    startup_stm32f103xe.o(RESET) refers to stm32f1xx_it.o(i.NMI_Handler) for NMI_Handler
    startup_stm32f103xe.o(RESET) refers to stm32f1xx_it.o(i.HardFault_Handler) for HardFault_Handler
    startup_stm32f103xe.o(RESET) refers to stm32f1xx_it.o(i.MemManage_Handler) for MemManage_Handler
    startup_stm32f103xe.o(RESET) refers to stm32f1xx_it.o(i.BusFault_Handler) for BusFault_Handler
    startup_stm32f103xe.o(RESET) refers to stm32f1xx_it.o(i.UsageFault_Handler) for UsageFault_Handler
    startup_stm32f103xe.o(RESET) refers to stm32f1xx_it.o(i.SVC_Handler) for SVC_Handler
    startup_stm32f103xe.o(RESET) refers to stm32f1xx_it.o(i.DebugMon_Handler) for DebugMon_Handler
    startup_stm32f103xe.o(RESET) refers to stm32f1xx_it.o(i.PendSV_Handler) for PendSV_Handler
    startup_stm32f103xe.o(RESET) refers to stm32f1xx_it.o(i.SysTick_Handler) for SysTick_Handler
    startup_stm32f103xe.o(RESET) refers to stm32f1xx_it.o(i.DMA1_Channel6_IRQHandler) for DMA1_Channel6_IRQHandler
    startup_stm32f103xe.o(RESET) refers to stm32f1xx_it.o(i.DMA1_Channel7_IRQHandler) for DMA1_Channel7_IRQHandler
    startup_stm32f103xe.o(RESET) refers to stm32f1xx_it.o(i.TIM4_IRQHandler) for TIM4_IRQHandler
    startup_stm32f103xe.o(RESET) refers to stm32f1xx_it.o(i.I2C1_EV_IRQHandler) for I2C1_EV_IRQHandler
    startup_stm32f103xe.o(RESET) refers to stm32f1xx_it.o(i.I2C1_ER_IRQHandler) for I2C1_ER_IRQHandler
    startup_stm32f103xe.o(RESET) refers to stm32f1xx_it.o(i.USART2_IRQHandler) for USART2_IRQHandler
    startup_stm32f103xe.o(.text) refers to system_stm32f1xx.o(i.SystemInit) for SystemInit
    startup_stm32f103xe.o(.text) refers to entry.o(.ARM.Collect$$$$00000000) for __main
    main.o(i.SystemClock_Config) refers to memseta.o(.text) for __aeabi_memclr4
    main.o(i.SystemClock_Config) refers to stm32f1xx_hal_rcc.o(i.HAL_RCC_OscConfig) for HAL_RCC_OscConfig
    main.o(i.SystemClock_Config) refers to stm32f1xx_hal_rcc.o(i.HAL_RCC_ClockConfig) for HAL_RCC_ClockConfig
    main.o(i.fputc) refers to stm32f1xx_hal_uart.o(i.HAL_UART_Transmit) for HAL_UART_Transmit
    main.o(i.fputc) refers to usart.o(.bss) for huart1
    main.o(i.get_full_duplex) refers to w5500.o(i.WIZCHIP_READ) for WIZCHIP_READ
    main.o(i.get_link_speed) refers to w5500.o(i.WIZCHIP_READ) for WIZCHIP_READ
    main.o(i.get_link_status) refers to w5500.o(i.WIZCHIP_READ) for WIZCHIP_READ
    main.o(i.main) refers to stm32f1xx_hal.o(i.HAL_Init) for HAL_Init
    main.o(i.main) refers to main.o(i.SystemClock_Config) for SystemClock_Config
    main.o(i.main) refers to gpio.o(i.MX_GPIO_Init) for MX_GPIO_Init
    main.o(i.main) refers to dma.o(i.MX_DMA_Init) for MX_DMA_Init
    main.o(i.main) refers to spi.o(i.MX_SPI1_Init) for MX_SPI1_Init
    main.o(i.main) refers to usart.o(i.MX_USART1_UART_Init) for MX_USART1_UART_Init
    main.o(i.main) refers to i2c.o(i.MX_I2C1_Init) for MX_I2C1_Init
    main.o(i.main) refers to tim.o(i.MX_TIM4_Init) for MX_TIM4_Init
    main.o(i.main) refers to tim.o(i.MX_TIM1_Init) for MX_TIM1_Init
    main.o(i.main) refers to usart.o(i.MX_USART2_UART_Init) for MX_USART2_UART_Init
    main.o(i.main) refers to bsp_w5500.o(i.w5500_init) for w5500_init
    main.o(i.main) refers to bsp_w5500.o(i.w5500_dump) for w5500_dump
    main.o(i.main) refers to wizchip_conf.o(i.wizchip_getnetinfo) for wizchip_getnetinfo
    main.o(i.main) refers to printfa.o(i.__0printf) for __2printf
    main.o(i.main) refers to mqtt_app.o(i.mqtt_init) for mqtt_init
    main.o(i.main) refers to stm32f1xx_hal.o(i.HAL_Delay) for HAL_Delay
    main.o(i.main) refers to stm32f1xx_hal_tim.o(i.HAL_TIM_Base_Start_IT) for HAL_TIM_Base_Start_IT
    main.o(i.main) refers to mqtt_app.o(i.mqtt_loop) for mqtt_loop
    main.o(i.main) refers to sensor.o(i.Sensor_task) for Sensor_task
    main.o(i.main) refers to control.o(i.key_control) for key_control
    main.o(i.main) refers to mqtt_app.o(.bss) for g_MQTTclient
    main.o(i.main) refers to tim.o(.bss) for htim4
    main.o(i.ment_monitor_phy) refers to main.o(i.get_link_status) for get_link_status
    main.o(i.ment_monitor_phy) refers to printfa.o(i.__0printf) for __2printf
    main.o(i.ment_monitor_phy) refers to main.o(i.get_full_duplex) for get_full_duplex
    main.o(i.ment_monitor_phy) refers to main.o(i.get_link_speed) for get_link_speed
    main.o(i.ment_monitor_phy) refers to stm32f1xx_hal.o(i.HAL_Delay) for HAL_Delay
    main.o(i.tcp_server_task) refers to socket.o(i.getsockopt) for getsockopt
    main.o(i.tcp_server_task) refers to socket.o(i.socket) for socket
    main.o(i.tcp_server_task) refers to printfa.o(i.__0printf) for __2printf
[...]
    TIM1_CC_IRQHandler                       0x08000163   Thumb Code     0  startup_stm32f103xe.o(.text)
    TIM1_TRG_COM_IRQHandler                  0x08000163   Thumb Code     0  startup_stm32f103xe.o(.text)
    TIM1_UP_IRQHandler                       0x08000163   Thumb Code     0  startup_stm32f103xe.o(.text)
    TIM2_IRQHandler                          0x08000163   Thumb Code     0  startup_stm32f103xe.o(.text)
    TIM3_IRQHandler                          0x08000163   Thumb Code     0  startup_stm32f103xe.o(.text)
    TIM5_IRQHandler                          0x08000163   Thumb Code     0  startup_stm32f103xe.o(.text)
    TIM6_IRQHandler                          0x08000163   Thumb Code     0  startup_stm32f103xe.o(.text)
    TIM7_IRQHandler                          0x08000163   Thumb Code     0  startup_stm32f103xe.o(.text)
    TIM8_BRK_IRQHandler                      0x08000163   Thumb Code     0  startup_stm32f103xe.o(.text)
    TIM8_CC_IRQHandler                       0x08000163   Thumb Code     0  startup_stm32f103xe.o(.text)
    TIM8_TRG_COM_IRQHandler                  0x08000163   Thumb Code     0  startup_stm32f103xe.o(.text)
    TIM8_UP_IRQHandler                       0x08000163   Thumb Code     0  startup_stm32f103xe.o(.text)
    UART4_IRQHandler                         0x08000163   Thumb Code     0  startup_stm32f103xe.o(.text)
    UART5_IRQHandler                         0x08000163   Thumb Code     0  startup_stm32f103xe.o(.text)
    USART1_IRQHandler                        0x08000163   Thumb Code     0  startup_stm32f103xe.o(.text)
    USART3_IRQHandler                        0x08000163   Thumb Code     0  startup_stm32f103xe.o(.text)
    USBWakeUp_IRQHandler                     0x08000163   Thumb Code     0  startup_stm32f103xe.o(.text)
    USB_HP_CAN1_TX_IRQHandler                0x08000163   Thumb Code     0  startup_stm32f103xe.o(.text)
    USB_LP_CAN1_RX0_IRQHandler               0x08000163   Thumb Code     0  startup_stm32f103xe.o(.text)
    WWDG_IRQHandler                          0x08000163   Thumb Code     0  startup_stm32f103xe.o(.text)
    __aeabi_llsr                             0x0800016d   Thumb Code    32  llushr.o(.text)
    _ll_ushift_r                             0x0800016d   Thumb Code     0  llushr.o(.text)
    tolower                                  0x0800018d   Thumb Code    12  tolower.o(.text)
    __aeabi_memcpy                           0x08000199   Thumb Code    36  memcpya.o(.text)
    __aeabi_memcpy4                          0x08000199   Thumb Code     0  memcpya.o(.text)
    __aeabi_memcpy8                          0x08000199   Thumb Code     0  memcpya.o(.text)
    __aeabi_memset                           0x080001bd   Thumb Code    14  memseta.o(.text)
    __aeabi_memset4                          0x080001bd   Thumb Code     0  memseta.o(.text)
    __aeabi_memset8                          0x080001bd   Thumb Code     0  memseta.o(.text)
    __aeabi_memclr                           0x080001cb   Thumb Code     4  memseta.o(.text)
    __aeabi_memclr4                          0x080001cb   Thumb Code     0  memseta.o(.text)
    __aeabi_memclr8                          0x080001cb   Thumb Code     0  memseta.o(.text)
    _memset$wrapper                          0x080001cf   Thumb Code    18  memseta.o(.text)
    strlen                                   0x080001e1   Thumb Code    14  strlen.o(.text)
    strcmp                                   0x080001ef   Thumb Code    28  strcmp.o(.text)
    strcpy                                   0x0800020b   Thumb Code    18  strcpy.o(.text)
    strncmp                                  0x0800021d   Thumb Code    30  strncmp.o(.text)
    __0sscanf                                0x0800023d   Thumb Code    48  __0sscanf.o(.text)
    _scanf_real                              0x0800039d   Thumb Code     0  scanf_fp.o(.text)
    _scanf_really_real                       0x0800039d   Thumb Code   556  scanf_fp.o(.text)
    __aeabi_fadd                             0x080005d5   Thumb Code   164  fadd.o(.text)
    __aeabi_fsub                             0x08000679   Thumb Code     6  fadd.o(.text)
    __aeabi_frsub                            0x0800067f   Thumb Code     6  fadd.o(.text)
    __aeabi_fdiv                             0x08000685   Thumb Code   124  fdiv.o(.text)
    __aeabi_dadd                             0x08000701   Thumb Code   322  dadd.o(.text)
    __aeabi_dsub                             0x08000843   Thumb Code     6  dadd.o(.text)
    __aeabi_drsub                            0x08000849   Thumb Code     6  dadd.o(.text)
    __ARM_scalbn                             0x0800084f   Thumb Code    46  dscalb.o(.text)
    scalbn                                   0x0800084f   Thumb Code     0  dscalb.o(.text)
    __aeabi_ui2f                             0x0800087d   Thumb Code    10  ffltui.o(.text)
    __aeabi_i2d                              0x08000887   Thumb Code    34  dflti.o(.text)
    __aeabi_ui2d                             0x080008a9   Thumb Code    26  dfltui.o(.text)
    __aeabi_d2iz                             0x080008c3   Thumb Code    62  dfixi.o(.text)
    __aeabi_f2d                              0x08000901   Thumb Code    38  f2d.o(.text)
    __aeabi_cdcmpeq                          0x08000929   Thumb Code     0  cdcmple.o(.text)
    __aeabi_cdcmple                          0x08000929   Thumb Code    48  cdcmple.o(.text)
    __aeabi_cdrcmple                         0x08000959   Thumb Code    48  cdrcmple.o(.text)
    __aeabi_d2f                              0x08000989   Thumb Code    56  d2f.o(.text)
    __aeabi_uidiv                            0x080009c1   Thumb Code     0  uidiv.o(.text)
    __aeabi_uidivmod                         0x080009c1   Thumb Code    44  uidiv.o(.text)
    __aeabi_uldivmod                         0x080009ed   Thumb Code    98  uldiv.o(.text)
    __aeabi_llsl                             0x08000a4f   Thumb Code    30  llshl.o(.text)
    _ll_shift_l                              0x08000a4f   Thumb Code     0  llshl.o(.text)
    __aeabi_lasr                             0x08000a6d   Thumb Code    36  llsshr.o(.text)
    _ll_sshift_r                             0x08000a6d   Thumb Code     0  llsshr.o(.text)
    __vfscanf_char                           0x08000a9d   Thumb Code    20  scanf_char.o(.text)
    _sgetc                                   0x08000ab9   Thumb Code    30  _sgetc.o(.text)
    _sbackspace                              0x08000ad7   Thumb Code    34  _sgetc.o(.text)
    __strtod_int                             0x08000b2f   Thumb Code    90  strtod.o(.text)
    __I$use$fp                               0x08000b95   Thumb Code     0  iusefp.o(.text)
    _float_round                             0x08000b95   Thumb Code    18  fepilogue.o(.text)
    _float_epilogue                          0x08000ba7   Thumb Code    92  fepilogue.o(.text)
    _double_round                            0x08000c03   Thumb Code    30  depilogue.o(.text)
    _double_epilogue                         0x08000c21   Thumb Code   156  depilogue.o(.text)
    __aeabi_dmul                             0x08000cbd   Thumb Code   228  dmul.o(.text)
    __aeabi_ddiv                             0x08000da1   Thumb Code   222  ddiv.o(.text)
    __aeabi_ul2d                             0x08000e7f   Thumb Code    24  dfltul.o(.text)
    __aeabi_d2ulz                            0x08000e97   Thumb Code    48  dfixul.o(.text)
    __scatterload                            0x08000ec9   Thumb Code    28  init.o(.text)
    __scatterload_rt2                        0x08000ec9   Thumb Code     0  init.o(.text)
    isspace                                  0x08000eed   Thumb Code    10  isspace_c.o(.text)
    __vfscanf                                0x08000ef9   Thumb Code   810  _scanf.o(.text)
    __ctype_lookup                           0x08001229   Thumb Code    34  ctype_c.o(.text)
    BusFault_Handler                         0x08001251   Thumb Code     2  stm32f1xx_it.o(i.BusFault_Handler)
    CS_HIGH                                  0x080012d5   Thumb Code    10  bsp_w5500.o(i.CS_HIGH)
    CS_LOW                                   0x080012e5   Thumb Code    10  bsp_w5500.o(i.CS_LOW)
    Calculate_CRC16                          0x080012f5   Thumb Code    50  rs485.o(i.Calculate_CRC16)
    ConnectNetwork                           0x08001327   Thumb Code    46  mqtt_interface.o(i.ConnectNetwork)
    Control_co2                              0x08001355   Thumb Code    14  control.o(i.Control_co2)
    Control_fun                              0x08001379   Thumb Code    30  control.o(i.Control_fun)
    Control_lamp                             0x080013a9   Thumb Code    28  control.o(i.Control_lamp)
    Control_spray                            0x080013d9   Thumb Code    30  control.o(i.Control_spray)
    DMA1_Channel6_IRQHandler                 0x08001409   Thumb Code     6  stm32f1xx_it.o(i.DMA1_Channel6_IRQHandler)
    DMA1_Channel7_IRQHandler                 0x08001415   Thumb Code     6  stm32f1xx_it.o(i.DMA1_Channel7_IRQHandler)
    DebugMon_Handler                         0x0800144b   Thumb Code     2  stm32f1xx_it.o(i.DebugMon_Handler)
    Error_Handler                            0x0800144d   Thumb Code     4  main.o(i.Error_Handler)
    HAL_DMA_Abort                            0x08001451   Thumb Code    70  stm32f1xx_hal_dma.o(i.HAL_DMA_Abort)
    HAL_DMA_Abort_IT                         0x08001499   Thumb Code   296  stm32f1xx_hal_dma.o(i.HAL_DMA_Abort_IT)
    HAL_DMA_GetError                         0x080015c9   Thumb Code     4  stm32f1xx_hal_dma.o(i.HAL_DMA_GetError)
    HAL_DMA_GetState                         0x080015cd   Thumb Code     6  stm32f1xx_hal_dma.o(i.HAL_DMA_GetState)
    HAL_DMA_IRQHandler                       0x080015d5   Thumb Code   552  stm32f1xx_hal_dma.o(i.HAL_DMA_IRQHandler)
    HAL_DMA_Init                             0x0800181d   Thumb Code   112  stm32f1xx_hal_dma.o(i.HAL_DMA_Init)
    HAL_DMA_Start_IT                         0x08001899   Thumb Code   112  stm32f1xx_hal_dma.o(i.HAL_DMA_Start_IT)
    HAL_Delay                                0x08001909   Thumb Code    32  stm32f1xx_hal.o(i.HAL_Delay)
    HAL_GPIO_Init                            0x0800192d   Thumb Code   462  stm32f1xx_hal_gpio.o(i.HAL_GPIO_Init)
    HAL_GPIO_ReadPin                         0x08001b25   Thumb Code    10  stm32f1xx_hal_gpio.o(i.HAL_GPIO_ReadPin)
    HAL_GPIO_WritePin                        0x08001b2f   Thumb Code    10  stm32f1xx_hal_gpio.o(i.HAL_GPIO_WritePin)
    HAL_GetTick                              0x08001b39   Thumb Code     6  stm32f1xx_hal.o(i.HAL_GetTick)
    HAL_I2C_AbortCpltCallback                0x08001b45   Thumb Code     2  stm32f1xx_hal_i2c.o(i.HAL_I2C_AbortCpltCallback)
    HAL_I2C_AddrCallback                     0x08001b47   Thumb Code     2  stm32f1xx_hal_i2c.o(i.HAL_I2C_AddrCallback)
    HAL_I2C_ER_IRQHandler                    0x08001b49   Thumb Code   196  stm32f1xx_hal_i2c.o(i.HAL_I2C_ER_IRQHandler)
    HAL_I2C_EV_IRQHandler                    0x08001c0d   Thumb Code   560  stm32f1xx_hal_i2c.o(i.HAL_I2C_EV_IRQHandler)
    HAL_I2C_ErrorCallback                    0x08001e3d   Thumb Code     2  stm32f1xx_hal_i2c.o(i.HAL_I2C_ErrorCallback)
    HAL_I2C_Init                             0x08001e41   Thumb Code   376  stm32f1xx_hal_i2c.o(i.HAL_I2C_Init)
    HAL_I2C_ListenCpltCallback               0x08001fc9   Thumb Code     2  stm32f1xx_hal_i2c.o(i.HAL_I2C_ListenCpltCallback)
    HAL_I2C_MasterRxCpltCallback             0x08001fcb   Thumb Code     2  stm32f1xx_hal_i2c.o(i.HAL_I2C_MasterRxCpltCallback)
    HAL_I2C_MasterTxCpltCallback             0x08001fcd   Thumb Code     2  stm32f1xx_hal_i2c.o(i.HAL_I2C_MasterTxCpltCallback)
    HAL_I2C_MemRxCpltCallback                0x08001fcf   Thumb Code     2  stm32f1xx_hal_i2c.o(i.HAL_I2C_MemRxCpltCallback)
    HAL_I2C_MemTxCpltCallback                0x08001fd1   Thumb Code     2  stm32f1xx_hal_i2c.o(i.HAL_I2C_MemTxCpltCallback)
    HAL_I2C_MspInit                          0x08001fd5   Thumb Code   112  i2c.o(i.HAL_I2C_MspInit)
    HAL_I2C_SlaveRxCpltCallback              0x08002051   Thumb Code     2  stm32f1xx_hal_i2c.o(i.HAL_I2C_SlaveRxCpltCallback)
    HAL_I2C_SlaveTxCpltCallback              0x08002053   Thumb Code     2  stm32f1xx_hal_i2c.o(i.HAL_I2C_SlaveTxCpltCallback)
    HAL_IncTick                              0x08002055   Thumb Code    12  stm32f1xx_hal.o(i.HAL_IncTick)
    HAL_Init                                 0x08002065   Thumb Code    32  stm32f1xx_hal.o(i.HAL_Init)
    HAL_InitTick                             0x08002089   Thumb Code    54  stm32f1xx_hal.o(i.HAL_InitTick)
    HAL_MspInit                              0x080020c9   Thumb Code    52  stm32f1xx_hal_msp.o(i.HAL_MspInit)
    HAL_NVIC_EnableIRQ                       0x08002105   Thumb Code    26  stm32f1xx_hal_cortex.o(i.HAL_NVIC_EnableIRQ)
    HAL_NVIC_SetPriority                     0x08002121   Thumb Code    60  stm32f1xx_hal_cortex.o(i.HAL_NVIC_SetPriority)
    HAL_NVIC_SetPriorityGrouping             0x08002161   Thumb Code    26  stm32f1xx_hal_cortex.o(i.HAL_NVIC_SetPriorityGrouping)
    HAL_RCC_ClockConfig                      0x08002185   Thumb Code   280  stm32f1xx_hal_rcc.o(i.HAL_RCC_ClockConfig)
    HAL_RCC_GetPCLK1Freq                     0x080022b1   Thumb Code    20  stm32f1xx_hal_rcc.o(i.HAL_RCC_GetPCLK1Freq)
    HAL_RCC_GetPCLK2Freq                     0x080022d1   Thumb Code    20  stm32f1xx_hal_rcc.o(i.HAL_RCC_GetPCLK2Freq)
    HAL_RCC_GetSysClockFreq                  0x080022f1   Thumb Code    58  stm32f1xx_hal_rcc.o(i.HAL_RCC_GetSysClockFreq)
    HAL_RCC_OscConfig                        0x0800233d   Thumb Code   778  stm32f1xx_hal_rcc.o(i.HAL_RCC_OscConfig)
    HAL_SPI_Init                             0x0800265d   Thumb Code   178  stm32f1xx_hal_spi.o(i.HAL_SPI_Init)
    HAL_SPI_MspInit                          0x08002711   Thumb Code    98  spi.o(i.HAL_SPI_MspInit)
    HAL_SPI_TransmitReceive                  0x08002781   Thumb Code   496  stm32f1xx_hal_spi.o(i.HAL_SPI_TransmitReceive)
    HAL_SYSTICK_Config                       0x08002971   Thumb Code    40  stm32f1xx_hal_cortex.o(i.HAL_SYSTICK_Config)
    HAL_TIMEx_BreakCallback                  0x08002999   Thumb Code     2  stm32f1xx_hal_tim_ex.o(i.HAL_TIMEx_BreakCallback)
    HAL_TIMEx_CommutCallback                 0x0800299b   Thumb Code     2  stm32f1xx_hal_tim_ex.o(i.HAL_TIMEx_CommutCallback)
    HAL_TIMEx_MasterConfigSynchronization    0x0800299d   Thumb Code   104  stm32f1xx_hal_tim_ex.o(i.HAL_TIMEx_MasterConfigSynchronization)
    HAL_TIM_Base_Init                        0x08002a19   Thumb Code    90  stm32f1xx_hal_tim.o(i.HAL_TIM_Base_Init)
    HAL_TIM_Base_MspInit                     0x08002a75   Thumb Code    72  tim.o(i.HAL_TIM_Base_MspInit)
    HAL_TIM_Base_Start_IT                    0x08002ac9   Thumb Code    88  stm32f1xx_hal_tim.o(i.HAL_TIM_Base_Start_IT)
    HAL_TIM_ConfigClockSource                0x08002b35   Thumb Code   220  stm32f1xx_hal_tim.o(i.HAL_TIM_ConfigClockSource)
    HAL_TIM_IC_CaptureCallback               0x08002c11   Thumb Code     2  stm32f1xx_hal_tim.o(i.HAL_TIM_IC_CaptureCallback)
    HAL_TIM_IRQHandler                       0x08002c13   Thumb Code   304  stm32f1xx_hal_tim.o(i.HAL_TIM_IRQHandler)
    HAL_TIM_OC_DelayElapsedCallback          0x08002d43   Thumb Code     2  stm32f1xx_hal_tim.o(i.HAL_TIM_OC_DelayElapsedCallback)
    HAL_TIM_PWM_PulseFinishedCallback        0x08002d45   Thumb Code     2  stm32f1xx_hal_tim.o(i.HAL_TIM_PWM_PulseFinishedCallback)
    HAL_TIM_PeriodElapsedCallback            0x08002d49   Thumb Code    36  control.o(i.HAL_TIM_PeriodElapsedCallback)
    HAL_TIM_TriggerCallback                  0x08002d79   Thumb Code     2  stm32f1xx_hal_tim.o(i.HAL_TIM_TriggerCallback)
    HAL_UARTEx_RxEventCallback               0x08002d7b   Thumb Code     2  stm32f1xx_hal_uart.o(i.HAL_UARTEx_RxEventCallback)
    HAL_UART_AbortReceive                    0x08002d7d   Thumb Code   148  stm32f1xx_hal_uart.o(i.HAL_UART_AbortReceive)
    HAL_UART_ErrorCallback                   0x08002e11   Thumb Code    52  usart.o(i.HAL_UART_ErrorCallback)
    HAL_UART_IRQHandler                      0x08002e4d   Thumb Code   616  stm32f1xx_hal_uart.o(i.HAL_UART_IRQHandler)
    HAL_UART_Init                            0x080030b9   Thumb Code   100  stm32f1xx_hal_uart.o(i.HAL_UART_Init)
    HAL_UART_MspInit                         0x0800311d   Thumb Code   284  usart.o(i.HAL_UART_MspInit)
    HAL_UART_Receive_DMA                     0x08003259   Thumb Code    28  stm32f1xx_hal_uart.o(i.HAL_UART_Receive_DMA)
    HAL_UART_RxCpltCallback                  0x08003275   Thumb Code     2  stm32f1xx_hal_uart.o(i.HAL_UART_RxCpltCallback)
    HAL_UART_RxHalfCpltCallback              0x08003277   Thumb Code     2  stm32f1xx_hal_uart.o(i.HAL_UART_RxHalfCpltCallback)
    HAL_UART_Transmit                        0x08003279   Thumb Code   160  stm32f1xx_hal_uart.o(i.HAL_UART_Transmit)
    HAL_UART_Transmit_DMA                    0x08003319   Thumb Code   106  stm32f1xx_hal_uart.o(i.HAL_UART_Transmit_DMA)
    HAL_UART_TxCpltCallback                  0x08003391   Thumb Code    62  usart.o(i.HAL_UART_TxCpltCallback)
    HAL_UART_TxHalfCpltCallback              0x080033d9   Thumb Code     2  stm32f1xx_hal_uart.o(i.HAL_UART_TxHalfCpltCallback)
    HardFault_Handler                        0x080033db   Thumb Code     2  stm32f1xx_it.o(i.HardFault_Handler)
    I2C1_ER_IRQHandler                       0x080033dd   Thumb Code     6  stm32f1xx_it.o(i.I2C1_ER_IRQHandler)
    I2C1_EV_IRQHandler                       0x080033e9   Thumb Code     6  stm32f1xx_it.o(i.I2C1_EV_IRQHandler)
    MQTTClientInit                           0x08003de5   Thumb Code    58  mqttclient.o(i.MQTTClientInit)
    MQTTConnect                              0x08003e21   Thumb Code   146  mqttclient.o(i.MQTTConnect)
    MQTTDeserialize_ack                      0x08003eb9   Thumb Code    72  mqttdeserializepublish.o(i.MQTTDeserialize_ack)
    MQTTDeserialize_connack                  0x08003f01   Thumb Code    90  mqttconnectclient.o(i.MQTTDeserialize_connack)
    MQTTDeserialize_publish                  0x08003f5b   Thumb Code   140  mqttdeserializepublish.o(i.MQTTDeserialize_publish)
    MQTTDeserialize_suback                   0x08003fe7   Thumb Code   124  mqttsubscribeclient.o(i.MQTTDeserialize_suback)
    MQTTPacket_decode                        0x08004063   Thumb Code    54  mqttpacket.o(i.MQTTPacket_decode)
    MQTTPacket_decodeBuf                     0x08004099   Thumb Code    10  mqttpacket.o(i.MQTTPacket_decodeBuf)
    MQTTPacket_encode                        0x080040ad   Thumb Code    42  mqttpacket.o(i.MQTTPacket_encode)
    MQTTPacket_equals                        0x080040d7   Thumb Code    52  mqttpacket.o(i.MQTTPacket_equals)
    MQTTPacket_len                           0x0800410d   Thumb Code    34  mqttpacket.o(i.MQTTPacket_len)
    MQTTPublish                              0x08004135   Thumb Code   182  mqttclient.o(i.MQTTPublish)
    MQTTSerialize_ack                        0x080041eb   Thumb Code    72  mqttserializepublish.o(i.MQTTSerialize_ack)
    MQTTSerialize_connect                    0x08004235   Thumb Code   262  mqttconnectclient.o(i.MQTTSerialize_connect)
    MQTTSerialize_connectLength              0x0800434d   Thumb Code   118  mqttconnectclient.o(i.MQTTSerialize_connectLength)
    MQTTSerialize_pingreq                    0x080043c3   Thumb Code     6  mqttconnectclient.o(i.MQTTSerialize_pingreq)
    MQTTSerialize_publish                    0x080043c9   Thumb Code   134  mqttserializepublish.o(i.MQTTSerialize_publish)
    MQTTSerialize_publishLength              0x0800444f   Thumb Code    30  mqttserializepublish.o(i.MQTTSerialize_publishLength)
    MQTTSerialize_subscribe                  0x0800446d   Thumb Code   140  mqttsubscribeclient.o(i.MQTTSerialize_subscribe)
    MQTTSerialize_subscribeLength            0x080044f9   Thumb Code    46  mqttsubscribeclient.o(i.MQTTSerialize_subscribeLength)
    MQTTSerialize_zero                       0x08004527   Thumb Code    50  mqttconnectclient.o(i.MQTTSerialize_zero)
    MQTTSubscribe                            0x08004559   Thumb Code   188  mqttclient.o(i.MQTTSubscribe)
    MQTTYield                                0x08004615   Thumb Code    40  mqttclient.o(i.MQTTYield)
    MQTT_Publish_Alert                       0x0800463d   Thumb Code   168  mqtt_app.o(i.MQTT_Publish_Alert)
    MQTTstrlen                               0x08004745   Thumb Code    14  mqttpacket.o(i.MQTTstrlen)
    MX_DMA_Init                              0x08004755   Thumb Code    56  dma.o(i.MX_DMA_Init)
    MX_GPIO_Init                             0x08004791   Thumb Code   162  gpio.o(i.MX_GPIO_Init)
    MX_I2C1_Init                             0x0800483d   Thumb Code    50  i2c.o(i.MX_I2C1_Init)
    MX_SPI1_Init                             0x0800487d   Thumb Code    62  spi.o(i.MX_SPI1_Init)
    MX_TIM1_Init                             0x080048c5   Thumb Code    96  tim.o(i.MX_TIM1_Init)
    MX_TIM4_Init                             0x0800492d   Thumb Code    94  tim.o(i.MX_TIM4_Init)
    MX_USART1_UART_Init                      0x08004995   Thumb Code    48  usart.o(i.MX_USART1_UART_Init)
    MX_USART2_UART_Init                      0x080049cd   Thumb Code    76  usart.o(i.MX_USART2_UART_Init)
    MemManage_Handler                        0x08004a21   Thumb Code     2  stm32f1xx_it.o(i.MemManage_Handler)
    Modbus_Parse                             0x08004a25   Thumb Code   152  rs485.o(i.Modbus_Parse)
    NMI_Handler                              0x08004ac9   Thumb Code     2  stm32f1xx_it.o(i.NMI_Handler)
    NewNetwork                               0x08004acd   Thumb Code    16  mqtt_interface.o(i.NewNetwork)
    PendSV_Handler                           0x08004c25   Thumb Code     2  stm32f1xx_it.o(i.PendSV_Handler)
    Publish_Device_Command                   0x08004c29   Thumb Code   134  mqtt_app.o(i.Publish_Device_Command)
    Publish_sensor_temp_humi                 0x08004d1d   Thumb Code   138  mqtt_app.o(i.Publish_sensor_temp_humi)
    RS485_GetEnv                             0x08004df1   Thumb Code    64  rs485.o(i.RS485_GetEnv)
    RS485_Poll_Slaves                        0x08004e39   Thumb Code    36  rs485.o(i.RS485_Poll_Slaves)
    RS485_RX_MODE                            0x08004e61   Thumb Code    12  rs485.o(i.RS485_RX_MODE)
    RS485_TX_MODE                            0x08004e71   Thumb Code    10  rs485.o(i.RS485_TX_MODE)
    RS485_TxDone                             0x08004e81   Thumb Code     8  rs485.o(i.RS485_TxDone)
    SVC_Handler                              0x08004f79   Thumb Code     2  stm32f1xx_it.o(i.SVC_Handler)
    Send_All_Device_Status                   0x08004f7d   Thumb Code   288  mqtt_app.o(i.Send_All_Device_Status)
    Send_Lamp_Command                        0x0800517d   Thumb Code    10  mqtt_app.o(i.Send_Lamp_Command)
    Send_fun_Command                         0x08005191   Thumb Code    10  mqtt_app.o(i.Send_fun_Command)
    Send_spray_Command                       0x080051a1   Thumb Code    10  mqtt_app.o(i.Send_spray_Command)
    Send_to_Slave_read                       0x080051b5   Thumb Code    94  rs485.o(i.Send_to_Slave_read)
    Send_to_Slave_write                      0x08005221   Thumb Code   102  rs485.o(i.Send_to_Slave_write)
    Sensor_Read_CO2                          0x08005295   Thumb Code    86  sensor.o(i.Sensor_Read_CO2)
    Sensor_Read_TempHumi                     0x080052f1   Thumb Code    88  sensor.o(i.Sensor_Read_TempHumi)
    Sensor_task                              0x08005361   Thumb Code   102  sensor.o(i.Sensor_task)
    Spi1_read_write_byte                     0x08005439   Thumb Code    28  bsp_w5500.o(i.Spi1_read_write_byte)
    SysTick_Handler                          0x08005459   Thumb Code     4  stm32f1xx_it.o(i.SysTick_Handler)
    SystemClock_Config                       0x0800545d   Thumb Code    94  main.o(i.SystemClock_Config)
    SystemInit                               0x080054bb   Thumb Code     2  system_stm32f1xx.o(i.SystemInit)
    TIM4_IRQHandler                          0x080054bd   Thumb Code     6  stm32f1xx_it.o(i.TIM4_IRQHandler)
    TIM_Base_SetConfig                       0x080054c9   Thumb Code   134  stm32f1xx_hal_tim.o(i.TIM_Base_SetConfig)
    TIM_ETR_SetConfig                        0x08005565   Thumb Code    20  stm32f1xx_hal_tim.o(i.TIM_ETR_SetConfig)
    TimerCountdown                           0x080055cf   Thumb Code    26  mqtt_interface.o(i.TimerCountdown)
    TimerCountdownMS                         0x080055e9   Thumb Code    16  mqtt_interface.o(i.TimerCountdownMS)
    TimerInit                                0x080055f9   Thumb Code     6  mqtt_interface.o(i.TimerInit)
    TimerIsExpired                           0x080055ff   Thumb Code    22  mqtt_interface.o(i.TimerIsExpired)
    TimerLeftMS                              0x08005615   Thumb Code    22  mqtt_interface.o(i.TimerLeftMS)
    UART_Start_Receive_DMA                   0x08005959   Thumb Code   130  stm32f1xx_hal_uart.o(i.UART_Start_Receive_DMA)
    USART2_IRQHandler                        0x08005a5d   Thumb Code    78  stm32f1xx_it.o(i.USART2_IRQHandler)
    UsageFault_Handler                       0x08005ab9   Thumb Code     2  stm32f1xx_it.o(i.UsageFault_Handler)
    WIZCHIP_READ                             0x08005abd   Thumb Code    84  w5500.o(i.WIZCHIP_READ)
    WIZCHIP_READ_BUF                         0x08005b15   Thumb Code   112  w5500.o(i.WIZCHIP_READ_BUF)
    WIZCHIP_WRITE                            0x08005b89   Thumb Code    90  w5500.o(i.WIZCHIP_WRITE)
    WIZCHIP_WRITE_BUF                        0x08005be9   Thumb Code   108  w5500.o(i.WIZCHIP_WRITE_BUF)
    __0printf                                0x08005c59   Thumb Code    22  printfa.o(i.__0printf)
    __1printf                                0x08005c59   Thumb Code     0  printfa.o(i.__0printf)
    __2printf                                0x08005c59   Thumb Code     0  printfa.o(i.__0printf)
    __c89printf                              0x08005c59   Thumb Code     0  printfa.o(i.__0printf)
    printf                                   0x08005c59   Thumb Code     0  printfa.o(i.__0printf)
    __0sprintf                               0x08005c79   Thumb Code    34  printfa.o(i.__0sprintf)
    __1sprintf                               0x08005c79   Thumb Code     0  printfa.o(i.__0sprintf)
    __2sprintf                               0x08005c79   Thumb Code     0  printfa.o(i.__0sprintf)
    __c89sprintf                             0x08005c79   Thumb Code     0  printfa.o(i.__0sprintf)
    sprintf                                  0x08005c79   Thumb Code     0  printfa.o(i.__0sprintf)
    free                                     0x08005cc1   Thumb Code    88  mallocr.o(i.__free$realloc)
    malloc                                   0x08005d1d   Thumb Code    64  mallocr.o(i.__malloc$realloc)
    __scatterload_copy                       0x08005d6d   Thumb Code    14  handlers.o(i.__scatterload_copy)
    __scatterload_null                       0x08005d7b   Thumb Code     2  handlers.o(i.__scatterload_null)
    __scatterload_zeroinit                   0x08005d7d   Thumb Code    14  handlers.o(i.__scatterload_zeroinit)
    _is_digit                                0x08005f11   Thumb Code    14  scanf_fp.o(i._is_digit)
    bufchar                                  0x080066b5   Thumb Code    30  mqttpacket.o(i.bufchar)
    cJSON_AddBoolToObject                    0x08006709   Thumb Code    44  cjson.o(i.cJSON_AddBoolToObject)
    cJSON_AddNumberToObject                  0x08006739   Thumb Code    46  cjson.o(i.cJSON_AddNumberToObject)
    cJSON_AddStringToObject                  0x0800676d   Thumb Code    44  cjson.o(i.cJSON_AddStringToObject)
    cJSON_CreateBool                         0x0800679d   Thumb Code    26  cjson.o(i.cJSON_CreateBool)
    cJSON_CreateNumber                       0x080067bd   Thumb Code    78  cjson.o(i.cJSON_CreateNumber)
    cJSON_CreateObject                       0x0800681d   Thumb Code    18  cjson.o(i.cJSON_CreateObject)
    cJSON_CreateString                       0x08006835   Thumb Code    44  cjson.o(i.cJSON_CreateString)
    cJSON_Delete                             0x08006865   Thumb Code    76  cjson.o(i.cJSON_Delete)
    cJSON_GetArrayItem                       0x080068b5   Thumb Code    12  cjson.o(i.cJSON_GetArrayItem)
    cJSON_GetObjectItem                      0x080068c1   Thumb Code     6  cjson.o(i.cJSON_GetObjectItem)
    cJSON_IsArray                            0x080068c7   Thumb Code    18  cjson.o(i.cJSON_IsArray)
    cJSON_IsBool                             0x080068d9   Thumb Code    14  cjson.o(i.cJSON_IsBool)
    cJSON_IsNumber                           0x080068e7   Thumb Code    18  cjson.o(i.cJSON_IsNumber)
    cJSON_Parse                              0x0800690f   Thumb Code     8  cjson.o(i.cJSON_Parse)
    cJSON_ParseWithLengthOpts                0x08006919   Thumb Code   210  cjson.o(i.cJSON_ParseWithLengthOpts)
    cJSON_ParseWithOpts                      0x080069f5   Thumb Code    34  cjson.o(i.cJSON_ParseWithOpts)
    cJSON_PrintPreallocated                  0x08006a19   Thumb Code    66  cjson.o(i.cJSON_PrintPreallocated)
    close                                    0x08006a89   Thumb Code   108  socket.o(i.close)
    connect_W5x00                            0x08006c75   Thumb Code     6  socket.o(i.connect_W5x00)
    ctlwizchip                               0x08006c7d   Thumb Code   248  wizchip_conf.o(i.ctlwizchip)
    cycle                                    0x08006d79   Thumb Code   254  mqttclient.o(i.cycle)
    delay_us                                 0x08006e79   Thumb Code    48  tim.o(i.delay_us)
    deliverMessage                           0x08006ead   Thumb Code   174  mqttclient.o(i.deliverMessage)
    dht11_check                              0x08006f5d   Thumb Code    80  dht11.o(i.dht11_check)
    dht11_read_bit                           0x08006fb1   Thumb Code    82  dht11.o(i.dht11_read_bit)
    dht11_read_data                          0x08007009   Thumb Code   160  dht11.o(i.dht11_read_data)
    disconnect                               0x080070d9   Thumb Code   146  socket.o(i.disconnect)
    fputc                                    0x080071fd   Thumb Code    20  main.o(i.fputc)
    getSn_RX_RSR                             0x0800722b   Thumb Code    76  w5500.o(i.getSn_RX_RSR)
    getSn_TX_FSR                             0x08007277   Thumb Code    76  w5500.o(i.getSn_TX_FSR)
    keepalive                                0x080073a5   Thumb Code    80  mqttclient.o(i.keepalive)
    key_control                              0x080073f5   Thumb Code   130  control.o(i.key_control)
    key_scan                                 0x080074c1   Thumb Code   104  control.o(i.key_scan)
    main                                     0x08007569   Thumb Code   162  main.o(i.main)
    mqtt_init                                0x08007801   Thumb Code   210  mqtt_app.o(i.mqtt_init)
    mqtt_loop                                0x08007a11   Thumb Code    74  mqtt_app.o(i.mqtt_loop)
    network_init                             0x08007ad1   Thumb Code    24  bsp_w5500.o(i.network_init)
    readChar                                 0x08008519   Thumb Code    12  mqttpacket.o(i.readChar)
    readInt                                  0x08008525   Thumb Code    18  mqttpacket.o(i.readInt)
    readMQTTLenString                        0x08008537   Thumb Code    52  mqttpacket.o(i.readMQTTLenString)
    realloc                                  0x0800860d   Thumb Code   102  mallocr.o(i.realloc)
    recv                                     0x08008679   Thumb Code   222  socket.o(i.recv)
    reg_wizchip_cris_cbfunc                  0x0800875d   Thumb Code    22  wizchip_conf.o(i.reg_wizchip_cris_cbfunc)
    reg_wizchip_cs_cbfunc                    0x08008781   Thumb Code    22  wizchip_conf.o(i.reg_wizchip_cs_cbfunc)
    reg_wizchip_spi_cbfunc                   0x080087a5   Thumb Code    30  wizchip_conf.o(i.reg_wizchip_spi_cbfunc)
    send                                     0x080087d1   Thumb Code   346  socket.o(i.send)
    socket                                   0x08008985   Thumb Code   296  socket.o(i.socket)
    strtod                                   0x08008ab5   Thumb Code    28  strtod.o(i.strtod)
    w5500_dump                               0x08008bc1   Thumb Code   190  bsp_w5500.o(i.w5500_dump)
    w5500_init                               0x08008cd9   Thumb Code    60  bsp_w5500.o(i.w5500_init)
    w5x00_disconnect                         0x08008d35   Thumb Code     6  mqtt_interface.o(i.w5x00_disconnect)
    w5x00_read                               0x08008d3b   Thumb Code    98  mqtt_interface.o(i.w5x00_read)
    w5x00_write                              0x08008d9d   Thumb Code    66  mqtt_interface.o(i.w5x00_write)
    waitfor                                  0x08008ddf   Thumb Code    42  mqttclient.o(i.waitfor)
    wiz_recv_data                            0x08008e3d   Thumb Code    96  w5500.o(i.wiz_recv_data)
    wiz_send_data                            0x08008e9d   Thumb Code    96  w5500.o(i.wiz_send_data)
    wizchip_bus_readdata                     0x08008f07   Thumb Code     4  wizchip_conf.o(i.wizchip_bus_readdata)
    wizchip_bus_writedata                    0x08008f0b   Thumb Code     4  wizchip_conf.o(i.wizchip_bus_writedata)
    wizchip_clrinterrupt                     0x08008f11   Thumb Code    58  wizchip_conf.o(i.wizchip_clrinterrupt)
    wizchip_cris_enter                       0x08008f4b   Thumb Code     2  wizchip_conf.o(i.wizchip_cris_enter)
    wizchip_cris_exit                        0x08008f4d   Thumb Code     2  wizchip_conf.o(i.wizchip_cris_exit)
    wizchip_cs_deselect                      0x08008f4f   Thumb Code     2  wizchip_conf.o(i.wizchip_cs_deselect)
    wizchip_cs_select                        0x08008f51   Thumb Code     2  wizchip_conf.o(i.wizchip_cs_select)
    wizchip_getinterrupt                     0x08008f53   Thumb Code    30  wizchip_conf.o(i.wizchip_getinterrupt)
    wizchip_getinterruptmask                 0x08008f71   Thumb Code    28  wizchip_conf.o(i.wizchip_getinterruptmask)
    wizchip_getnetinfo                       0x08008f8d   Thumb Code    82  wizchip_conf.o(i.wizchip_getnetinfo)
    wizchip_init                             0x08008fe5   Thumb Code   122  wizchip_conf.o(i.wizchip_init)
    wizchip_setinterruptmask                 0x0800905f   Thumb Code    28  wizchip_conf.o(i.wizchip_setinterruptmask)
    wizchip_setnetinfo                       0x0800907d   Thumb Code    82  wizchip_conf.o(i.wizchip_setnetinfo)
    wizchip_spi_readbyte                     0x080090d5   Thumb Code     4  wizchip_conf.o(i.wizchip_spi_readbyte)
    wizchip_spi_writebyte                    0x080090d9   Thumb Code     2  wizchip_conf.o(i.wizchip_spi_writebyte)
    wizchip_sw_reset                         0x080090db   Thumb Code   116  wizchip_conf.o(i.wizchip_sw_reset)
    wizphy_getphyconf                        0x0800914f   Thumb Code    78  wizchip_conf.o(i.wizphy_getphyconf)
    wizphy_getphylink                        0x0800919d   Thumb Code    22  wizchip_conf.o(i.wizphy_getphylink)
    wizphy_getphypmode                       0x080091b3   Thumb Code    26  wizchip_conf.o(i.wizphy_getphypmode)
    wizphy_getphystat                        0x080091cd   Thumb Code    26  wizchip_conf.o(i.wizphy_getphystat)
    wizphy_reset                             0x080091e7   Thumb Code    42  wizchip_conf.o(i.wizphy_reset)
    wizphy_setphyconf                        0x08009211   Thumb Code    74  wizchip_conf.o(i.wizphy_setphyconf)
    wizphy_setphypmode                       0x0800925b   Thumb Code    80  wizchip_conf.o(i.wizphy_setphypmode)
    writeCString                             0x080092ab   Thumb Code    40  mqttpacket.o(i.writeCString)
    writeChar                                0x080092d3   Thumb Code    12  mqttpacket.o(i.writeChar)
    writeInt                                 0x080092df   Thumb Code    30  mqttpacket.o(i.writeInt)
    writeMQTTString                          0x080092fd   Thumb Code    54  mqttpacket.o(i.writeMQTTString)
    AHBPrescTable                            0x08009344   Data          16  system_stm32f1xx.o(.constdata)
    APBPrescTable                            0x08009354   Data           8  system_stm32f1xx.o(.constdata)
    __ctype_categories                       0x08009424   Data          64  ctype_c.o(.constdata)
    Region$$Table$$Base                      0x080094c8   Number         0  anon$$obj.o(Region$$Table)
    Region$$Table$$Limit                     0x080094e8   Number         0  anon$$obj.o(Region$$Table)
    uwTickFreq                               0x20000004   Data           1  stm32f1xx_hal.o(.data)
    uwTickPrio                               0x20000008   Data           4  stm32f1xx_hal.o(.data)
    uwTick                                   0x2000000c   Data           4  stm32f1xx_hal.o(.data)
    SystemCoreClock                          0x20000010   Data           4  system_stm32f1xx.o(.data)
    WIZCHIP                                  0x2000001c   Data          44  wizchip_conf.o(.data)
    sock_pack_info                           0x2000004e   Data           8  socket.o(.data)
    g_device                                 0x20000090   Data           4  control.o(.data)
    key                                      0x20000094   Data           8  control.o(.data)
    CTRL_OK                                  0x200000b0   Data           1  rs485.o(.data)
    __stdout                                 0x200000c4   Data           4  stdout.o(.data)
    __microlib_freelist                      0x200000c8   Data           4  mvars.o(.data)
    __microlib_freelist_initialised          0x200000cc   Data           4  mvars.o(.data)
    hi2c1                                    0x200000d0   Data          84  i2c.o(.bss)
    hspi1                                    0x20000124   Data          88  spi.o(.bss)
    htim1                                    0x2000017c   Data          72  tim.o(.bss)
    htim4                                    0x200001c4   Data          72  tim.o(.bss)
    rx_buffer                                0x2000020c   Data          64  usart.o(.bss)
    huart1                                   0x2000024c   Data          72  usart.o(.bss)
    huart2                                   0x20000294   Data          72  usart.o(.bss)
    hdma_usart2_rx                           0x200002dc   Data          68  usart.o(.bss)
    hdma_usart2_tx                           0x20000320   Data          68  usart.o(.bss)
    g_MQTTclient                             0x20001384   Data          92  mqtt_app.o(.bss)
    env                                      0x200015e0   Data          12  rs485.o(.bss)
    __heap_base                              0x200015f0   Data           0  startup_stm32f103xe.o(HEAP)
    __heap_limit                             0x200017f0   Data           0  startup_stm32f103xe.o(HEAP)
    __initial_sp                             0x20001bf0   Data           0  startup_stm32f103xe.o(STACK)



==============================================================================

Memory Map of the image

  Image Entry point : 0x08000131

  Load Region LR_IROM1 (Base: 0x08000000, Size: 0x000095b8, Max: 0x00080000, ABSOLUTE)

    Execution Region ER_IROM1 (Exec base: 0x08000000, Load base: 0x08000000, Size: 0x000094e8, Max: 0x00080000, ABSOLUTE)

    Exec Addr    Load Addr    Size         Type   Attr      Idx    E Section Name        Object

    0x08000000   0x08000000   0x00000130   Data   RO            3    RESET               startup_stm32f103xe.o
    0x08000130   0x08000130   0x00000000   Code   RO         6111  * .ARM.Collect$$$$00000000  mc_w.l(entry.o)
    0x08000130   0x08000130   0x00000004   Code   RO         6475    .ARM.Collect$$$$00000001  mc_w.l(entry2.o)
    0x08000134   0x08000134   0x00000004   Code   RO         6478    .ARM.Collect$$$$00000004  mc_w.l(entry5.o)
    0x08000138   0x08000138   0x00000000   Code   RO         6480    .ARM.Collect$$$$00000008  mc_w.l(entry7b.o)
    0x08000138   0x08000138   0x00000000   Code   RO         6482    .ARM.Collect$$$$0000000A  mc_w.l(entry8b.o)
    0x08000138   0x08000138   0x00000008   Code   RO         6483    .ARM.Collect$$$$0000000B  mc_w.l(entry9a.o)
    0x08000140   0x08000140   0x00000004   Code   RO         6490    .ARM.Collect$$$$0000000E  mc_w.l(entry12b.o)
    0x08000144   0x08000144   0x00000000   Code   RO         6485    .ARM.Collect$$$$0000000F  mc_w.l(entry10a.o)
    0x08000144   0x08000144   0x00000000   Code   RO         6487    .ARM.Collect$$$$00000011  mc_w.l(entry11a.o)
    0x08000144   0x08000144   0x00000004   Code   RO         6476    .ARM.Collect$$$$00002712  mc_w.l(entry2.o)
    0x08000148   0x08000148   0x00000024   Code   RO            4    .text               startup_stm32f103xe.o
    0x0800016c   0x0800016c   0x00000020   Code   RO         6114    .text               mc_w.l(llushr.o)
    0x0800018c   0x0800018c   0x0000000c   Code   RO         6116    .text               mc_w.l(tolower.o)
    0x08000198   0x08000198   0x00000024   Code   RO         6118    .text               mc_w.l(memcpya.o)
    0x080001bc   0x080001bc   0x00000024   Code   RO         6120    .text               mc_w.l(memseta.o)
    0x080001e0   0x080001e0   0x0000000e   Code   RO         6122    .text               mc_w.l(strlen.o)
    0x080001ee   0x080001ee   0x0000001c   Code   RO         6124    .text               mc_w.l(strcmp.o)
    0x0800020a   0x0800020a   0x00000012   Code   RO         6128    .text               mc_w.l(strcpy.o)
    0x0800021c   0x0800021c   0x0000001e   Code   RO         6130    .text               mc_w.l(strncmp.o)
    0x0800023a   0x0800023a   0x00000002   PAD
    0x0800023c   0x0800023c   0x00000038   Code   RO         6423    .text               mc_w.l(__0sscanf.o)
    0x08000274   0x08000274   0x00000360   Code   RO         6425    .text               mc_w.l(scanf_fp.o)
    0x080005d4   0x080005d4   0x000000b0   Code   RO         6429    .text               mf_w.l(fadd.o)
    0x08000684   0x08000684   0x0000007c   Code   RO         6433    .text               mf_w.l(fdiv.o)
    0x08000700   0x08000700   0x0000014e   Code   RO         6437    .text               mf_w.l(dadd.o)
    0x0800084e   0x0800084e   0x0000002e   Code   RO         6439    .text               mf_w.l(dscalb.o)
    0x0800087c   0x0800087c   0x0000000a   Code   RO         6443    .text               mf_w.l(ffltui.o)
    0x08000886   0x08000886   0x00000022   Code   RO         6445    .text               mf_w.l(dflti.o)
    0x080008a8   0x080008a8   0x0000001a   Code   RO         6447    .text               mf_w.l(dfltui.o)
    0x080008c2   0x080008c2   0x0000003e   Code   RO         6449    .text               mf_w.l(dfixi.o)
    0x08000900   0x08000900   0x00000026   Code   RO         6451    .text               mf_w.l(f2d.o)
    0x08000926   0x08000926   0x00000002   PAD
    0x08000928   0x08000928   0x00000030   Code   RO         6453    .text               mf_w.l(cdcmple.o)
    0x08000958   0x08000958   0x00000030   Code   RO         6455    .text               mf_w.l(cdrcmple.o)
    0x08000988   0x08000988   0x00000038   Code   RO         6457    .text               mf_w.l(d2f.o)
    0x080009c0   0x080009c0   0x0000002c   Code   RO         6492    .text               mc_w.l(uidiv.o)
    0x080009ec   0x080009ec   0x00000062   Code   RO         6494    .text               mc_w.l(uldiv.o)
    0x08000a4e   0x08000a4e   0x0000001e   Code   RO         6496    .text               mc_w.l(llshl.o)
    0x08000a6c   0x08000a6c   0x00000024   Code   RO         6498    .text               mc_w.l(llsshr.o)
    0x08000a90   0x08000a90   0x00000028   Code   RO         6509    .text               mc_w.l(scanf_char.o)
    0x08000ab8   0x08000ab8   0x00000040   Code   RO         6511    .text               mc_w.l(_sgetc.o)
    0x08000af8   0x08000af8   0x0000009c   Code   RO         6513    .text               mc_w.l(strtod.o)
    0x08000b94   0x08000b94   0x00000000   Code   RO         6515    .text               mc_w.l(iusefp.o)
    0x08000b94   0x08000b94   0x0000006e   Code   RO         6516    .text               mf_w.l(fepilogue.o)
    0x08000c02   0x08000c02   0x000000ba   Code   RO         6520    .text               mf_w.l(depilogue.o)
    0x08000cbc   0x08000cbc   0x000000e4   Code   RO         6522    .text               mf_w.l(dmul.o)
    0x08000da0   0x08000da0   0x000000de   Code   RO         6524    .text               mf_w.l(ddiv.o)
    0x08000e7e   0x08000e7e   0x00000018   Code   RO         6528    .text               mf_w.l(dfltul.o)
    0x08000e96   0x08000e96   0x00000030   Code   RO         6530    .text               mf_w.l(dfixul.o)
    0x08000ec6   0x08000ec6   0x00000002   PAD
    0x08000ec8   0x08000ec8   0x00000024   Code   RO         6532    .text               mc_w.l(init.o)
    0x08000eec   0x08000eec   0x0000000a   Code   RO         6534    .text               mc_w.l(isspace_c.o)
    0x08000ef6   0x08000ef6   0x00000002   PAD
    0x08000ef8   0x08000ef8   0x00000330   Code   RO         6536    .text               mc_w.l(_scanf.o)
    0x08001228   0x08001228   0x00000028   Code   RO         6538    .text               mc_w.l(ctype_c.o)
    0x08001250   0x08001250   0x00000002   Code   RO          537    i.BusFault_Handler  stm32f1xx_it.o
    0x08001252   0x08001252   0x00000002   PAD
    0x08001254   0x08001254   0x00000080   Code   RO         5907    i.CO2_Alert_Check   sensor.o
    0x080012d4   0x080012d4   0x00000010   Code   RO         4198    i.CS_HIGH           bsp_w5500.o
    0x080012e4   0x080012e4   0x00000010   Code   RO         4199    i.CS_LOW            bsp_w5500.o
    0x080012f4   0x080012f4   0x00000032   Code   RO         6000    i.Calculate_CRC16   rs485.o
    0x08001326   0x08001326   0x0000002e   Code   RO         4721    i.ConnectNetwork    mqtt_interface.o
    0x08001354   0x08001354   0x00000024   Code   RO         5835    i.Control_co2       control.o
    0x08001378   0x08001378   0x00000030   Code   RO         5836    i.Control_fun       control.o
    0x080013a8   0x080013a8   0x00000030   Code   RO         5837    i.Control_lamp      control.o
    0x080013d8   0x080013d8   0x00000030   Code   RO         5838    i.Control_spray     control.o
    0x08001408   0x08001408   0x0000000c   Code   RO          538    i.DMA1_Channel6_IRQHandler  stm32f1xx_it.o
    0x08001414   0x08001414   0x0000000c   Code   RO          539    i.DMA1_Channel7_IRQHandler  stm32f1xx_it.o
    0x08001420   0x08001420   0x0000002a   Code   RO         1526    i.DMA_SetConfig     stm32f1xx_hal_dma.o
    0x0800144a   0x0800144a   0x00000002   Code   RO          540    i.DebugMon_Handler  stm32f1xx_it.o
    0x0800144c   0x0800144c   0x00000004   Code   RO           13    i.Error_Handler     main.o
    0x08001450   0x08001450   0x00000046   Code   RO         1527    i.HAL_DMA_Abort     stm32f1xx_hal_dma.o
    0x08001496   0x08001496   0x00000002   PAD
    0x08001498   0x08001498   0x00000130   Code   RO         1528    i.HAL_DMA_Abort_IT  stm32f1xx_hal_dma.o
    0x080015c8   0x080015c8   0x00000004   Code   RO         1530    i.HAL_DMA_GetError  stm32f1xx_hal_dma.o
    0x080015cc   0x080015cc   0x00000006   Code   RO         1531    i.HAL_DMA_GetState  stm32f1xx_hal_dma.o
    0x080015d2   0x080015d2   0x00000002   PAD
    0x080015d4   0x080015d4   0x00000248   Code   RO         1532    i.HAL_DMA_IRQHandler  stm32f1xx_hal_dma.o
    0x0800181c   0x0800181c   0x0000007c   Code   RO         1533    i.HAL_DMA_Init      stm32f1xx_hal_dma.o
    0x08001898   0x08001898   0x00000070   Code   RO         1537    i.HAL_DMA_Start_IT  stm32f1xx_hal_dma.o
    0x08001908   0x08001908   0x00000024   Code   RO         1153    i.HAL_Delay         stm32f1xx_hal.o
    0x0800192c   0x0800192c   0x000001f8   Code   RO         1463    i.HAL_GPIO_Init     stm32f1xx_hal_gpio.o
    0x08001b24   0x08001b24   0x0000000a   Code   RO         1465    i.HAL_GPIO_ReadPin  stm32f1xx_hal_gpio.o
    0x08001b2e   0x08001b2e   0x0000000a   Code   RO         1467    i.HAL_GPIO_WritePin  stm32f1xx_hal_gpio.o
    0x08001b38   0x08001b38   0x0000000c   Code   RO         1157    i.HAL_GetTick       stm32f1xx_hal.o
    0x08001b44   0x08001b44   0x00000002   Code   RO          709    i.HAL_I2C_AbortCpltCallback  stm32f1xx_hal_i2c.o
    0x08001b46   0x08001b46   0x00000002   Code   RO          710    i.HAL_I2C_AddrCallback  stm32f1xx_hal_i2c.o
    0x08001b48   0x08001b48   0x000000c4   Code   RO          713    i.HAL_I2C_ER_IRQHandler  stm32f1xx_hal_i2c.o
    0x08001c0c   0x08001c0c   0x00000230   Code   RO          714    i.HAL_I2C_EV_IRQHandler  stm32f1xx_hal_i2c.o
    0x08001e3c   0x08001e3c   0x00000002   Code   RO          716    i.HAL_I2C_ErrorCallback  stm32f1xx_hal_i2c.o
    0x08001e3e   0x08001e3e   0x00000002   PAD
    0x08001e40   0x08001e40   0x00000188   Code   RO          720    i.HAL_I2C_Init      stm32f1xx_hal_i2c.o
    0x08001fc8   0x08001fc8   0x00000002   Code   RO          722    i.HAL_I2C_ListenCpltCallback  stm32f1xx_hal_i2c.o
    0x08001fca   0x08001fca   0x00000002   Code   RO          723    i.HAL_I2C_MasterRxCpltCallback  stm32f1xx_hal_i2c.o
    0x08001fcc   0x08001fcc   0x00000002   Code   RO          724    i.HAL_I2C_MasterTxCpltCallback  stm32f1xx_hal_i2c.o
    0x08001fce   0x08001fce   0x00000002   Code   RO          736    i.HAL_I2C_MemRxCpltCallback  stm32f1xx_hal_i2c.o
    0x08001fd0   0x08001fd0   0x00000002   Code   RO          737    i.HAL_I2C_MemTxCpltCallback  stm32f1xx_hal_i2c.o
    0x08001fd2   0x08001fd2   0x00000002   PAD
    0x08001fd4   0x08001fd4   0x0000007c   Code   RO          317    i.HAL_I2C_MspInit   i2c.o
    0x08002050   0x08002050   0x00000002   Code   RO          746    i.HAL_I2C_SlaveRxCpltCallback  stm32f1xx_hal_i2c.o
    0x08002052   0x08002052   0x00000002   Code   RO          747    i.HAL_I2C_SlaveTxCpltCallback  stm32f1xx_hal_i2c.o
    0x08002054   0x08002054   0x00000010   Code   RO         1163    i.HAL_IncTick       stm32f1xx_hal.o
    0x08002064   0x08002064   0x00000024   Code   RO         1164    i.HAL_Init          stm32f1xx_hal.o
    0x08002088   0x08002088   0x00000040   Code   RO         1165    i.HAL_InitTick      stm32f1xx_hal.o
    0x080020c8   0x080020c8   0x0000003c   Code   RO          649    i.HAL_MspInit       stm32f1xx_hal_msp.o
    0x08002104   0x08002104   0x0000001a   Code   RO         1623    i.HAL_NVIC_EnableIRQ  stm32f1xx_hal_cortex.o
    0x0800211e   0x0800211e   0x00000002   PAD
    0x08002120   0x08002120   0x00000040   Code   RO         1629    i.HAL_NVIC_SetPriority  stm32f1xx_hal_cortex.o
    0x08002160   0x08002160   0x00000024   Code   RO         1630    i.HAL_NVIC_SetPriorityGrouping  stm32f1xx_hal_cortex.o
    0x08002184   0x08002184   0x0000012c   Code   RO         1321    i.HAL_RCC_ClockConfig  stm32f1xx_hal_rcc.o
    0x080022b0   0x080022b0   0x00000020   Code   RO         1328    i.HAL_RCC_GetPCLK1Freq  stm32f1xx_hal_rcc.o
    0x080022d0   0x080022d0   0x00000020   Code   RO         1329    i.HAL_RCC_GetPCLK2Freq  stm32f1xx_hal_rcc.o
    0x080022f0   0x080022f0   0x0000004c   Code   RO         1330    i.HAL_RCC_GetSysClockFreq  stm32f1xx_hal_rcc.o
    0x0800233c   0x0800233c   0x00000320   Code   RO         1333    i.HAL_RCC_OscConfig  stm32f1xx_hal_rcc.o
    0x0800265c   0x0800265c   0x000000b2   Code   RO         2134    i.HAL_SPI_Init      stm32f1xx_hal_spi.o
    0x0800270e   0x0800270e   0x00000002   PAD
    0x08002710   0x08002710   0x00000070   Code   RO          359    i.HAL_SPI_MspInit   spi.o
    0x08002780   0x08002780   0x000001f0   Code   RO         2143    i.HAL_SPI_TransmitReceive  stm32f1xx_hal_spi.o
    0x08002970   0x08002970   0x00000028   Code   RO         1634    i.HAL_SYSTICK_Config  stm32f1xx_hal_cortex.o
    0x08002998   0x08002998   0x00000002   Code   RO         3151    i.HAL_TIMEx_BreakCallback  stm32f1xx_hal_tim_ex.o
    0x0800299a   0x0800299a   0x00000002   Code   RO         3152    i.HAL_TIMEx_CommutCallback  stm32f1xx_hal_tim_ex.o
    0x0800299c   0x0800299c   0x0000007c   Code   RO         3170    i.HAL_TIMEx_MasterConfigSynchronization  stm32f1xx_hal_tim_ex.o
    0x08002a18   0x08002a18   0x0000005a   Code   RO         2447    i.HAL_TIM_Base_Init  stm32f1xx_hal_tim.o
    0x08002a72   0x08002a72   0x00000002   PAD
    0x08002a74   0x08002a74   0x00000054   Code   RO          401    i.HAL_TIM_Base_MspInit  tim.o
    0x08002ac8   0x08002ac8   0x0000006c   Code   RO         2452    i.HAL_TIM_Base_Start_IT  stm32f1xx_hal_tim.o
    0x08002b34   0x08002b34   0x000000dc   Code   RO         2456    i.HAL_TIM_ConfigClockSource  stm32f1xx_hal_tim.o
    0x08002c10   0x08002c10   0x00000002   Code   RO         2481    i.HAL_TIM_IC_CaptureCallback  stm32f1xx_hal_tim.o
    0x08002c12   0x08002c12   0x00000130   Code   RO         2495    i.HAL_TIM_IRQHandler  stm32f1xx_hal_tim.o
    0x08002d42   0x08002d42   0x00000002   Code   RO         2498    i.HAL_TIM_OC_DelayElapsedCallback  stm32f1xx_hal_tim.o
    0x08002d44   0x08002d44   0x00000002   Code   RO         2525    i.HAL_TIM_PWM_PulseFinishedCallback  stm32f1xx_hal_tim.o
    0x08002d46   0x08002d46   0x00000002   PAD
    0x08002d48   0x08002d48   0x00000030   Code   RO         5839    i.HAL_TIM_PeriodElapsedCallback  control.o
    0x08002d78   0x08002d78   0x00000002   Code   RO         2538    i.HAL_TIM_TriggerCallback  stm32f1xx_hal_tim.o
    0x08002d7a   0x08002d7a   0x00000002   Code   RO         3430    i.HAL_UARTEx_RxEventCallback  stm32f1xx_hal_uart.o
    0x08002d7c   0x08002d7c   0x00000094   Code   RO         3433    i.HAL_UART_AbortReceive  stm32f1xx_hal_uart.o
    0x08002e10   0x08002e10   0x0000003c   Code   RO          467    i.HAL_UART_ErrorCallback  usart.o
    0x08002e4c   0x08002e4c   0x0000026c   Code   RO         3447    i.HAL_UART_IRQHandler  stm32f1xx_hal_uart.o
    0x080030b8   0x080030b8   0x00000064   Code   RO         3448    i.HAL_UART_Init     stm32f1xx_hal_uart.o
    0x0800311c   0x0800311c   0x0000013c   Code   RO          469    i.HAL_UART_MspInit  usart.o
    0x08003258   0x08003258   0x0000001c   Code   RO         3452    i.HAL_UART_Receive_DMA  stm32f1xx_hal_uart.o
    0x08003274   0x08003274   0x00000002   Code   RO         3454    i.HAL_UART_RxCpltCallback  stm32f1xx_hal_uart.o
    0x08003276   0x08003276   0x00000002   Code   RO         3455    i.HAL_UART_RxHalfCpltCallback  stm32f1xx_hal_uart.o
    0x08003278   0x08003278   0x000000a0   Code   RO         3456    i.HAL_UART_Transmit  stm32f1xx_hal_uart.o
    0x08003318   0x08003318   0x00000078   Code   RO         3457    i.HAL_UART_Transmit_DMA  stm32f1xx_hal_uart.o
    0x08003390   0x08003390   0x00000048   Code   RO          470    i.HAL_UART_TxCpltCallback  usart.o
    0x080033d8   0x080033d8   0x00000002   Code   RO         3460    i.HAL_UART_TxHalfCpltCallback  stm32f1xx_hal_uart.o
    0x080033da   0x080033da   0x00000002   Code   RO          541    i.HardFault_Handler  stm32f1xx_it.o
    0x080033dc   0x080033dc   0x0000000c   Code   RO          542    i.I2C1_ER_IRQHandler  stm32f1xx_it.o
    0x080033e8   0x080033e8   0x0000000c   Code   RO          543    i.I2C1_EV_IRQHandler  stm32f1xx_it.o
    0x080033f4   0x080033f4   0x000000bc   Code   RO          758    i.I2C_DMAAbort      stm32f1xx_hal_i2c.o
    0x080034b0   0x080034b0   0x00000010   Code   RO          761    i.I2C_Flush_DR      stm32f1xx_hal_i2c.o
    0x080034c0   0x080034c0   0x00000158   Code   RO          762    i.I2C_ITError       stm32f1xx_hal_i2c.o
    0x08003618   0x08003618   0x000000da   Code   RO          764    i.I2C_MasterReceive_BTF  stm32f1xx_hal_i2c.o
    0x080036f2   0x080036f2   0x00000002   PAD
    0x080036f4   0x080036f4   0x000000f4   Code   RO          765    i.I2C_MasterReceive_RXNE  stm32f1xx_hal_i2c.o
    0x080037e8   0x080037e8   0x00000082   Code   RO          768    i.I2C_MasterTransmit_BTF  stm32f1xx_hal_i2c.o
    0x0800386a   0x0800386a   0x00000002   PAD
    0x0800386c   0x0800386c   0x000000b6   Code   RO          769    i.I2C_MasterTransmit_TXE  stm32f1xx_hal_i2c.o
    0x08003922   0x08003922   0x00000002   PAD
    0x08003924   0x08003924   0x00000158   Code   RO          770    i.I2C_Master_ADDR   stm32f1xx_hal_i2c.o
    0x08003a7c   0x08003a7c   0x0000008c   Code   RO          771    i.I2C_Master_SB     stm32f1xx_hal_i2c.o
    0x08003b08   0x08003b08   0x000000a8   Code   RO          772    i.I2C_MemoryTransmit_TXE_BTF  stm32f1xx_hal_i2c.o
    0x08003bb0   0x08003bb0   0x00000046   Code   RO          775    i.I2C_Slave_ADDR    stm32f1xx_hal_i2c.o
    0x08003bf6   0x08003bf6   0x00000002   PAD
    0x08003bf8   0x08003bf8   0x00000090   Code   RO          776    i.I2C_Slave_AF      stm32f1xx_hal_i2c.o
    0x08003c88   0x08003c88   0x0000015c   Code   RO          777    i.I2C_Slave_STOPF   stm32f1xx_hal_i2c.o
    0x08003de4   0x08003de4   0x0000003a   Code   RO         4597    i.MQTTClientInit    mqttclient.o
    0x08003e1e   0x08003e1e   0x00000002   PAD
    0x08003e20   0x08003e20   0x00000098   Code   RO         4598    i.MQTTConnect       mqttclient.o
    0x08003eb8   0x08003eb8   0x00000048   Code   RO         4883    i.MQTTDeserialize_ack  mqttdeserializepublish.o
    0x08003f00   0x08003f00   0x0000005a   Code   RO         4796    i.MQTTDeserialize_connack  mqttconnectclient.o
    0x08003f5a   0x08003f5a   0x0000008c   Code   RO         4884    i.MQTTDeserialize_publish  mqttdeserializepublish.o
    0x08003fe6   0x08003fe6   0x0000007c   Code   RO         5120    i.MQTTDeserialize_suback  mqttsubscribeclient.o
    0x08004062   0x08004062   0x00000036   Code   RO         4970    i.MQTTPacket_decode  mqttpacket.o
    0x08004098   0x08004098   0x00000014   Code   RO         4971    i.MQTTPacket_decodeBuf  mqttpacket.o
    0x080040ac   0x080040ac   0x0000002a   Code   RO         4972    i.MQTTPacket_encode  mqttpacket.o
    0x080040d6   0x080040d6   0x00000034   Code   RO         4973    i.MQTTPacket_equals  mqttpacket.o
    0x0800410a   0x0800410a   0x00000002   PAD
    0x0800410c   0x0800410c   0x00000028   Code   RO         4974    i.MQTTPacket_len    mqttpacket.o
    0x08004134   0x08004134   0x000000b6   Code   RO         4600    i.MQTTPublish       mqttclient.o
    0x080041ea   0x080041ea   0x00000048   Code   RO         5078    i.MQTTSerialize_ack  mqttserializepublish.o
    0x08004232   0x08004232   0x00000002   PAD
    0x08004234   0x08004234   0x00000118   Code   RO         4797    i.MQTTSerialize_connect  mqttconnectclient.o
    0x0800434c   0x0800434c   0x00000076   Code   RO         4798    i.MQTTSerialize_connectLength  mqttconnectclient.o
    0x080043c2   0x080043c2   0x00000006   Code   RO         4800    i.MQTTSerialize_pingreq  mqttconnectclient.o
    0x080043c8   0x080043c8   0x00000086   Code   RO         5081    i.MQTTSerialize_publish  mqttserializepublish.o
    0x0800444e   0x0800444e   0x0000001e   Code   RO         5082    i.MQTTSerialize_publishLength  mqttserializepublish.o
    0x0800446c   0x0800446c   0x0000008c   Code   RO         5121    i.MQTTSerialize_subscribe  mqttsubscribeclient.o
    0x080044f8   0x080044f8   0x0000002e   Code   RO         5122    i.MQTTSerialize_subscribeLength  mqttsubscribeclient.o
    0x08004526   0x08004526   0x00000032   Code   RO         4801    i.MQTTSerialize_zero  mqttconnectclient.o
    0x08004558   0x08004558   0x000000bc   Code   RO         4602    i.MQTTSubscribe     mqttclient.o
    0x08004614   0x08004614   0x00000028   Code   RO         4604    i.MQTTYield         mqttclient.o
    0x0800463c   0x0800463c   0x00000108   Code   RO         4477    i.MQTT_Publish_Alert  mqtt_app.o
    0x08004744   0x08004744   0x0000000e   Code   RO         4977    i.MQTTstrlen        mqttpacket.o
    0x08004752   0x08004752   0x00000002   PAD
    0x08004754   0x08004754   0x0000003c   Code   RO          292    i.MX_DMA_Init       dma.o
    0x08004790   0x08004790   0x000000ac   Code   RO          268    i.MX_GPIO_Init      gpio.o
    0x0800483c   0x0800483c   0x00000040   Code   RO          318    i.MX_I2C1_Init      i2c.o
    0x0800487c   0x0800487c   0x00000048   Code   RO          360    i.MX_SPI1_Init      spi.o
    0x080048c4   0x080048c4   0x00000068   Code   RO          402    i.MX_TIM1_Init      tim.o
    0x0800492c   0x0800492c   0x00000068   Code   RO          403    i.MX_TIM4_Init      tim.o
    0x08004994   0x08004994   0x00000038   Code   RO          471    i.MX_USART1_UART_Init  usart.o
    0x080049cc   0x080049cc   0x00000054   Code   RO          472    i.MX_USART2_UART_Init  usart.o
    0x08004a20   0x08004a20   0x00000002   Code   RO          544    i.MemManage_Handler  stm32f1xx_it.o
    0x08004a22   0x08004a22   0x00000002   PAD
    0x08004a24   0x08004a24   0x000000a4   Code   RO         6001    i.Modbus_Parse      rs485.o
    0x08004ac8   0x08004ac8   0x00000002   Code   RO          545    i.NMI_Handler       stm32f1xx_it.o
    0x08004aca   0x08004aca   0x00000002   PAD
    0x08004acc   0x08004acc   0x0000001c   Code   RO         4722    i.NewNetwork        mqtt_interface.o
    0x08004ae8   0x08004ae8   0x0000013c   Code   RO         4478    i.Parse_JSON_Command  mqtt_app.o
    0x08004c24   0x08004c24   0x00000002   Code   RO          546    i.PendSV_Handler    stm32f1xx_it.o
    0x08004c26   0x08004c26   0x00000002   PAD
    0x08004c28   0x08004c28   0x000000f4   Code   RO         4479    i.Publish_Device_Command  mqtt_app.o
    0x08004d1c   0x08004d1c   0x000000d4   Code   RO         4481    i.Publish_sensor_temp_humi  mqtt_app.o
    0x08004df0   0x08004df0   0x00000048   Code   RO         6002    i.RS485_GetEnv      rs485.o
    0x08004e38   0x08004e38   0x00000028   Code   RO         6003    i.RS485_Poll_Slaves  rs485.o
    0x08004e60   0x08004e60   0x00000010   Code   RO         6004    i.RS485_RX_MODE     rs485.o
    0x08004e70   0x08004e70   0x00000010   Code   RO         6005    i.RS485_TX_MODE     rs485.o
    0x08004e80   0x08004e80   0x0000000c   Code   RO         6006    i.RS485_TxDone      rs485.o
    0x08004e8c   0x08004e8c   0x00000034   Code   RO         2172    i.SPI_EndRxTxTransaction  stm32f1xx_hal_spi.o
    0x08004ec0   0x08004ec0   0x000000b8   Code   RO         2177    i.SPI_WaitFlagStateUntilTimeout  stm32f1xx_hal_spi.o
    0x08004f78   0x08004f78   0x00000002   Code   RO          547    i.SVC_Handler       stm32f1xx_it.o
    0x08004f7a   0x08004f7a   0x00000002   PAD
    0x08004f7c   0x08004f7c   0x00000200   Code   RO         4482    i.Send_All_Device_Status  mqtt_app.o
    0x0800517c   0x0800517c   0x00000014   Code   RO         4483    i.Send_Lamp_Command  mqtt_app.o
    0x08005190   0x08005190   0x00000010   Code   RO         4484    i.Send_fun_Command  mqtt_app.o
    0x080051a0   0x080051a0   0x00000014   Code   RO         4485    i.Send_spray_Command  mqtt_app.o
    0x080051b4   0x080051b4   0x0000006c   Code   RO         6007    i.Send_to_Slave_read  rs485.o
    0x08005220   0x08005220   0x00000074   Code   RO         6008    i.Send_to_Slave_write  rs485.o
    0x08005294   0x08005294   0x0000005c   Code   RO         5908    i.Sensor_Read_CO2   sensor.o
    0x080052f0   0x080052f0   0x00000070   Code   RO         5909    i.Sensor_Read_TempHumi  sensor.o
    0x08005360   0x08005360   0x000000d8   Code   RO         5910    i.Sensor_task       sensor.o
    0x08005438   0x08005438   0x00000020   Code   RO         4200    i.Spi1_read_write_byte  bsp_w5500.o
    0x08005458   0x08005458   0x00000004   Code   RO          548    i.SysTick_Handler   stm32f1xx_it.o
    0x0800545c   0x0800545c   0x0000005e   Code   RO           14    i.SystemClock_Config  main.o
    0x080054ba   0x080054ba   0x00000002   Code   RO         3782    i.SystemInit        system_stm32f1xx.o
    0x080054bc   0x080054bc   0x0000000c   Code   RO          549    i.TIM4_IRQHandler   stm32f1xx_it.o
    0x080054c8   0x080054c8   0x0000009c   Code   RO         2540    i.TIM_Base_SetConfig  stm32f1xx_hal_tim.o
    0x08005564   0x08005564   0x00000014   Code   RO         2551    i.TIM_ETR_SetConfig  stm32f1xx_hal_tim.o
    0x08005578   0x08005578   0x00000010   Code   RO         2552    i.TIM_ITRx_SetConfig  stm32f1xx_hal_tim.o
    0x08005588   0x08005588   0x00000022   Code   RO         2558    i.TIM_TI1_ConfigInputStage  stm32f1xx_hal_tim.o
    0x080055aa   0x080055aa   0x00000024   Code   RO         2560    i.TIM_TI2_ConfigInputStage  stm32f1xx_hal_tim.o
    0x080055ce   0x080055ce   0x0000001a   Code   RO         4723    i.TimerCountdown    mqtt_interface.o
    0x080055e8   0x080055e8   0x00000010   Code   RO         4724    i.TimerCountdownMS  mqtt_interface.o
    0x080055f8   0x080055f8   0x00000006   Code   RO         4725    i.TimerInit         mqtt_interface.o
    0x080055fe   0x080055fe   0x00000016   Code   RO         4726    i.TimerIsExpired    mqtt_interface.o
    0x08005614   0x08005614   0x00000016   Code   RO         4727    i.TimerLeftMS       mqtt_interface.o
    0x0800562a   0x0800562a   0x00000010   Code   RO         3461    i.UART_DMAAbortOnError  stm32f1xx_hal_uart.o
    0x0800563a   0x0800563a   0x0000004a   Code   RO         3462    i.UART_DMAError     stm32f1xx_hal_uart.o
    0x08005684   0x08005684   0x00000086   Code   RO         3463    i.UART_DMAReceiveCplt  stm32f1xx_hal_uart.o
    0x0800570a   0x0800570a   0x0000001e   Code   RO         3465    i.UART_DMARxHalfCplt  stm32f1xx_hal_uart.o
    0x08005728   0x08005728   0x00000042   Code   RO         3467    i.UART_DMATransmitCplt  stm32f1xx_hal_uart.o
    0x0800576a   0x0800576a   0x0000000a   Code   RO         3469    i.UART_DMATxHalfCplt  stm32f1xx_hal_uart.o
    0x08005774   0x08005774   0x0000004e   Code   RO         3471    i.UART_EndRxTransfer  stm32f1xx_hal_uart.o
    0x080057c2   0x080057c2   0x0000001c   Code   RO         3472    i.UART_EndTxTransfer  stm32f1xx_hal_uart.o
    0x080057de   0x080057de   0x000000c2   Code   RO         3473    i.UART_Receive_IT   stm32f1xx_hal_uart.o
    0x080058a0   0x080058a0   0x000000b8   Code   RO         3474    i.UART_SetConfig    stm32f1xx_hal_uart.o
    0x08005958   0x08005958   0x00000090   Code   RO         3475    i.UART_Start_Receive_DMA  stm32f1xx_hal_uart.o
    0x080059e8   0x080059e8   0x00000072   Code   RO         3477    i.UART_WaitOnFlagUntilTimeout  stm32f1xx_hal_uart.o
    0x08005a5a   0x08005a5a   0x00000002   PAD
    0x08005a5c   0x08005a5c   0x0000005c   Code   RO          550    i.USART2_IRQHandler  stm32f1xx_it.o
    0x08005ab8   0x08005ab8   0x00000002   Code   RO          551    i.UsageFault_Handler  stm32f1xx_it.o
    0x08005aba   0x08005aba   0x00000002   PAD
    0x08005abc   0x08005abc   0x00000058   Code   RO         4278    i.WIZCHIP_READ      w5500.o
    0x08005b14   0x08005b14   0x00000074   Code   RO         4279    i.WIZCHIP_READ_BUF  w5500.o
    0x08005b88   0x08005b88   0x00000060   Code   RO         4280    i.WIZCHIP_WRITE     w5500.o
    0x08005be8   0x08005be8   0x00000070   Code   RO         4281    i.WIZCHIP_WRITE_BUF  w5500.o
    0x08005c58   0x08005c58   0x00000020   Code   RO         6367    i.__0printf         mc_w.l(printfa.o)
    0x08005c78   0x08005c78   0x00000028   Code   RO         6369    i.__0sprintf        mc_w.l(printfa.o)
    0x08005ca0   0x08005ca0   0x00000020   Code   RO         1636    i.__NVIC_SetPriority  stm32f1xx_hal_cortex.o
    0x08005cc0   0x08005cc0   0x0000005c   Code   RO         6399    i.__free$realloc    mc_w.l(mallocr.o)
    0x08005d1c   0x08005d1c   0x00000050   Code   RO         6400    i.__malloc$realloc  mc_w.l(mallocr.o)
    0x08005d6c   0x08005d6c   0x0000000e   Code   RO         6543    i.__scatterload_copy  mc_w.l(handlers.o)
    0x08005d7a   0x08005d7a   0x00000002   Code   RO         6544    i.__scatterload_null  mc_w.l(handlers.o)
    0x08005d7c   0x08005d7c   0x0000000e   Code   RO         6545    i.__scatterload_zeroinit  mc_w.l(handlers.o)
    0x08005d8a   0x08005d8a   0x00000002   PAD
    0x08005d8c   0x08005d8c   0x00000184   Code   RO         6374    i._fp_digits        mc_w.l(printfa.o)
    0x08005f10   0x08005f10   0x0000000e   Code   RO         6427    i._is_digit         mc_w.l(scanf_fp.o)
    0x08005f1e   0x08005f1e   0x00000002   PAD
    0x08005f20   0x08005f20   0x000006b4   Code   RO         6375    i._printf_core      mc_w.l(printfa.o)
    0x080065d4   0x080065d4   0x00000024   Code   RO         6376    i._printf_post_padding  mc_w.l(printfa.o)
    0x080065f8   0x080065f8   0x0000002e   Code   RO         6377    i._printf_pre_padding  mc_w.l(printfa.o)
    0x08006626   0x08006626   0x0000000a   Code   RO         6379    i._sputc            mc_w.l(printfa.o)
    0x08006630   0x08006630   0x0000002a   Code   RO         5204    i.add_item_to_array  cjson.o
    0x0800665a   0x0800665a   0x0000005a   Code   RO         5205    i.add_item_to_object  cjson.o
    0x080066b4   0x080066b4   0x00000024   Code   RO         4978    i.bufchar           mqttpacket.o
    0x080066d8   0x080066d8   0x00000030   Code   RO         5206    i.buffer_skip_whitespace  cjson.o
    0x08006708   0x08006708   0x00000030   Code   RO         5208    i.cJSON_AddBoolToObject  cjson.o
    0x08006738   0x08006738   0x00000034   Code   RO         5216    i.cJSON_AddNumberToObject  cjson.o
    0x0800676c   0x0800676c   0x00000030   Code   RO         5219    i.cJSON_AddStringToObject  cjson.o
    0x0800679c   0x0800679c   0x00000020   Code   RO         5224    i.cJSON_CreateBool  cjson.o
    0x080067bc   0x080067bc   0x00000060   Code   RO         5230    i.cJSON_CreateNumber  cjson.o
    0x0800681c   0x0800681c   0x00000018   Code   RO         5231    i.cJSON_CreateObject  cjson.o
    0x08006834   0x08006834   0x00000030   Code   RO         5234    i.cJSON_CreateString  cjson.o
    0x08006864   0x08006864   0x00000050   Code   RO         5238    i.cJSON_Delete      cjson.o
    0x080068b4   0x080068b4   0x0000000c   Code   RO         5248    i.cJSON_GetArrayItem  cjson.o
    0x080068c0   0x080068c0   0x00000006   Code   RO         5252    i.cJSON_GetObjectItem  cjson.o
    0x080068c6   0x080068c6   0x00000012   Code   RO         5258    i.cJSON_IsArray     cjson.o
    0x080068d8   0x080068d8   0x0000000e   Code   RO         5259    i.cJSON_IsBool      cjson.o
    0x080068e6   0x080068e6   0x00000012   Code   RO         5263    i.cJSON_IsNumber    cjson.o
    0x080068f8   0x080068f8   0x00000016   Code   RO         5269    i.cJSON_New_Item    cjson.o
    0x0800690e   0x0800690e   0x00000008   Code   RO         5270    i.cJSON_Parse       cjson.o
    0x08006916   0x08006916   0x00000002   PAD
    0x08006918   0x08006918   0x000000dc   Code   RO         5272    i.cJSON_ParseWithLengthOpts  cjson.o
    0x080069f4   0x080069f4   0x00000022   Code   RO         5273    i.cJSON_ParseWithOpts  cjson.o
    0x08006a16   0x08006a16   0x00000002   PAD
    0x08006a18   0x08006a18   0x00000048   Code   RO         5276    i.cJSON_PrintPreallocated  cjson.o
    0x08006a60   0x08006a60   0x00000028   Code   RO         5287    i.cJSON_strdup      cjson.o
    0x08006a88   0x08006a88   0x00000074   Code   RO         4073    i.close             socket.o
    0x08006afc   0x08006afc   0x00000058   Code   RO         5288    i.compare_double    cjson.o
    0x08006b54   0x08006b54   0x00000120   Code   RO         4074    i.connect_IO_6      socket.o
    0x08006c74   0x08006c74   0x00000006   Code   RO         4075    i.connect_W5x00     socket.o
    0x08006c7a   0x08006c7a   0x00000002   PAD
    0x08006c7c   0x08006c7c   0x000000fc   Code   RO         3817    i.ctlwizchip        wizchip_conf.o
    0x08006d78   0x08006d78   0x000000fe   Code   RO         4605    i.cycle             mqttclient.o
    0x08006e76   0x08006e76   0x00000002   PAD
    0x08006e78   0x08006e78   0x00000034   Code   RO          406    i.delay_us          tim.o
    0x08006eac   0x08006eac   0x000000ae   Code   RO         4606    i.deliverMessage    mqttclient.o
    0x08006f5a   0x08006f5a   0x00000002   PAD
    0x08006f5c   0x08006f5c   0x00000054   Code   RO         5953    i.dht11_check       dht11.o
    0x08006fb0   0x08006fb0   0x00000058   Code   RO         5955    i.dht11_read_bit    dht11.o
    0x08007008   0x08007008   0x000000a4   Code   RO         5956    i.dht11_read_data   dht11.o
    0x080070ac   0x080070ac   0x0000002c   Code   RO         5957    i.dht11_reset       dht11.o
    0x080070d8   0x080070d8   0x00000098   Code   RO         4078    i.disconnect        socket.o
    0x08007170   0x08007170   0x0000008a   Code   RO         5290    i.ensure            cjson.o
    0x080071fa   0x080071fa   0x00000002   PAD
    0x080071fc   0x080071fc   0x00000018   Code   RO           15    i.fputc             main.o
    0x08007214   0x08007214   0x00000016   Code   RO         4607    i.getNextPacketId   mqttclient.o
    0x0800722a   0x0800722a   0x0000004c   Code   RO         4282    i.getSn_RX_RSR      w5500.o
    0x08007276   0x08007276   0x0000004c   Code   RO         4283    i.getSn_TX_FSR      w5500.o
    0x080072c2   0x080072c2   0x00000016   Code   RO         5291    i.get_array_item    cjson.o
    0x080072d8   0x080072d8   0x0000007a   Code   RO         5292    i.get_object_item   cjson.o
    0x08007352   0x08007352   0x00000002   PAD
    0x08007354   0x08007354   0x00000050   Code   RO         6401    i.internal_alloc    mc_w.l(mallocr.o)
    0x080073a4   0x080073a4   0x00000050   Code   RO         4608    i.keepalive         mqttclient.o
    0x080073f4   0x080073f4   0x000000cc   Code   RO         5840    i.key_control       control.o
    0x080074c0   0x080074c0   0x000000a8   Code   RO         5841    i.key_scan          control.o
    0x08007568   0x08007568   0x00000194   Code   RO           19    i.main              main.o
    0x080076fc   0x080076fc   0x00000104   Code   RO         4486    i.messageArrived    mqtt_app.o
    0x08007800   0x08007800   0x00000210   Code   RO         4487    i.mqtt_init         mqtt_app.o
    0x08007a10   0x08007a10   0x000000c0   Code   RO         4488    i.mqtt_loop         mqtt_app.o
    0x08007ad0   0x08007ad0   0x0000001c   Code   RO         4201    i.network_init      bsp_w5500.o
    0x08007aec   0x08007aec   0x000000d0   Code   RO         5294    i.parse_array       cjson.o
    0x08007bbc   0x08007bbc   0x00000040   Code   RO         5295    i.parse_hex4        cjson.o
    0x08007bfc   0x08007bfc   0x0000012c   Code   RO         5296    i.parse_number      cjson.o
    0x08007d28   0x08007d28   0x00000110   Code   RO         5297    i.parse_object      cjson.o
    0x08007e38   0x08007e38   0x0000010c   Code   RO         5298    i.parse_string      cjson.o
    0x08007f44   0x08007f44   0x000000fc   Code   RO         5299    i.parse_value       cjson.o
    0x08008040   0x08008040   0x0000009e   Code   RO         5301    i.print_array       cjson.o
    0x080080de   0x080080de   0x00000002   PAD
    0x080080e0   0x080080e0   0x00000110   Code   RO         5302    i.print_number      cjson.o
    0x080081f0   0x080081f0   0x00000148   Code   RO         5303    i.print_object      cjson.o
    0x08008338   0x08008338   0x00000110   Code   RO         5304    i.print_string_ptr  cjson.o
    0x08008448   0x08008448   0x000000d0   Code   RO         5305    i.print_value       cjson.o
    0x08008518   0x08008518   0x0000000c   Code   RO         4980    i.readChar          mqttpacket.o
    0x08008524   0x08008524   0x00000012   Code   RO         4981    i.readInt           mqttpacket.o
    0x08008536   0x08008536   0x00000034   Code   RO         4982    i.readMQTTLenString  mqttpacket.o
    0x0800856a   0x0800856a   0x000000a0   Code   RO         4609    i.readPacket        mqttclient.o
    0x0800860a   0x0800860a   0x00000002   PAD
    0x0800860c   0x0800860c   0x0000006c   Code   RO         6402    i.realloc           mc_w.l(mallocr.o)
    0x08008678   0x08008678   0x000000e4   Code   RO         4081    i.recv              socket.o
    0x0800875c   0x0800875c   0x00000024   Code   RO         3820    i.reg_wizchip_cris_cbfunc  wizchip_conf.o
    0x08008780   0x08008780   0x00000024   Code   RO         3821    i.reg_wizchip_cs_cbfunc  wizchip_conf.o
    0x080087a4   0x080087a4   0x0000002c   Code   RO         3823    i.reg_wizchip_spi_cbfunc  wizchip_conf.o
    0x080087d0   0x080087d0   0x00000160   Code   RO         4085    i.send              socket.o
    0x08008930   0x08008930   0x00000054   Code   RO         4610    i.sendPacket        mqttclient.o
    0x08008984   0x08008984   0x00000130   Code   RO         4090    i.socket            socket.o
    0x08008ab4   0x08008ab4   0x0000001c   Code   RO         6108    i.strtod            m_ws.l(strtod.o)
    0x08008ad0   0x08008ad0   0x0000001c   Code   RO         5307    i.update_offset     cjson.o
    0x08008aec   0x08008aec   0x000000d2   Code   RO         5308    i.utf16_literal_to_utf8  cjson.o
    0x08008bbe   0x08008bbe   0x00000002   PAD
    0x08008bc0   0x08008bc0   0x00000118   Code   RO         4202    i.w5500_dump        bsp_w5500.o
    0x08008cd8   0x08008cd8   0x0000005c   Code   RO         4203    i.w5500_init        bsp_w5500.o
    0x08008d34   0x08008d34   0x00000006   Code   RO         4728    i.w5x00_disconnect  mqtt_interface.o
    0x08008d3a   0x08008d3a   0x00000062   Code   RO         4729    i.w5x00_read        mqtt_interface.o
    0x08008d9c   0x08008d9c   0x00000042   Code   RO         4730    i.w5x00_write       mqtt_interface.o
    0x08008dde   0x08008dde   0x0000002a   Code   RO         4611    i.waitfor           mqttclient.o
    0x08008e08   0x08008e08   0x00000018   Code   RO         4204    i.wiz_cris_enter    bsp_w5500.o
    0x08008e20   0x08008e20   0x0000001c   Code   RO         4205    i.wiz_cris_exit     bsp_w5500.o
    0x08008e3c   0x08008e3c   0x00000060   Code   RO         4284    i.wiz_recv_data     w5500.o
    0x08008e9c   0x08008e9c   0x00000060   Code   RO         4286    i.wiz_send_data     w5500.o
    0x08008efc   0x08008efc   0x00000006   Code   RO         4206    i.wiz_spi_readbyte  bsp_w5500.o
    0x08008f02   0x08008f02   0x00000004   Code   RO         4207    i.wiz_spi_writebyte  bsp_w5500.o
    0x08008f06   0x08008f06   0x00000004   Code   RO         3826    i.wizchip_bus_readdata  wizchip_conf.o
    0x08008f0a   0x08008f0a   0x00000004   Code   RO         3828    i.wizchip_bus_writedata  wizchip_conf.o
    0x08008f0e   0x08008f0e   0x00000002   PAD
    0x08008f10   0x08008f10   0x0000003a   Code   RO         3829    i.wizchip_clrinterrupt  wizchip_conf.o
    0x08008f4a   0x08008f4a   0x00000002   Code   RO         3830    i.wizchip_cris_enter  wizchip_conf.o
    0x08008f4c   0x08008f4c   0x00000002   Code   RO         3831    i.wizchip_cris_exit  wizchip_conf.o
    0x08008f4e   0x08008f4e   0x00000002   Code   RO         3832    i.wizchip_cs_deselect  wizchip_conf.o
    0x08008f50   0x08008f50   0x00000002   Code   RO         3833    i.wizchip_cs_select  wizchip_conf.o
    0x08008f52   0x08008f52   0x0000001e   Code   RO         3834    i.wizchip_getinterrupt  wizchip_conf.o
    0x08008f70   0x08008f70   0x0000001c   Code   RO         3835    i.wizchip_getinterruptmask  wizchip_conf.o
    0x08008f8c   0x08008f8c   0x00000058   Code   RO         3836    i.wizchip_getnetinfo  wizchip_conf.o
    0x08008fe4   0x08008fe4   0x0000007a   Code   RO         3839    i.wizchip_init      wizchip_conf.o
    0x0800905e   0x0800905e   0x0000001c   Code   RO         3842    i.wizchip_setinterruptmask  wizchip_conf.o
    0x0800907a   0x0800907a   0x00000002   PAD
    0x0800907c   0x0800907c   0x00000058   Code   RO         3843    i.wizchip_setnetinfo  wizchip_conf.o
    0x080090d4   0x080090d4   0x00000004   Code   RO         3847    i.wizchip_spi_readbyte  wizchip_conf.o
    0x080090d8   0x080090d8   0x00000002   Code   RO         3849    i.wizchip_spi_writebyte  wizchip_conf.o
    0x080090da   0x080090da   0x00000074   Code   RO         3850    i.wizchip_sw_reset  wizchip_conf.o
    0x0800914e   0x0800914e   0x0000004e   Code   RO         3851    i.wizphy_getphyconf  wizchip_conf.o
    0x0800919c   0x0800919c   0x00000016   Code   RO         3852    i.wizphy_getphylink  wizchip_conf.o
    0x080091b2   0x080091b2   0x0000001a   Code   RO         3853    i.wizphy_getphypmode  wizchip_conf.o
    0x080091cc   0x080091cc   0x0000001a   Code   RO         3854    i.wizphy_getphystat  wizchip_conf.o
    0x080091e6   0x080091e6   0x0000002a   Code   RO         3855    i.wizphy_reset      wizchip_conf.o
    0x08009210   0x08009210   0x0000004a   Code   RO         3856    i.wizphy_setphyconf  wizchip_conf.o
    0x0800925a   0x0800925a   0x00000050   Code   RO         3857    i.wizphy_setphypmode  wizchip_conf.o
    0x080092aa   0x080092aa   0x00000028   Code   RO         4983    i.writeCString      mqttpacket.o
    0x080092d2   0x080092d2   0x0000000c   Code   RO         4984    i.writeChar         mqttpacket.o
    0x080092de   0x080092de   0x0000001e   Code   RO         4985    i.writeInt          mqttpacket.o
    0x080092fc   0x080092fc   0x00000036   Code   RO         4986    i.writeMQTTString   mqttpacket.o
    0x08009332   0x08009332   0x00000012   Data   RO         1334    .constdata          stm32f1xx_hal_rcc.o
    0x08009344   0x08009344   0x00000010   Data   RO         3783    .constdata          system_stm32f1xx.o
    0x08009354   0x08009354   0x00000008   Data   RO         3784    .constdata          system_stm32f1xx.o
    0x0800935c   0x0800935c   0x00000017   Data   RO         4208    .constdata          bsp_w5500.o
    0x08009373   0x08009373   0x00000001   PAD
    0x08009374   0x08009374   0x00000058   Data   RO         4490    .constdata          mqtt_app.o
    0x080093cc   0x080093cc   0x00000058   Data   RO         4612    .constdata          mqttclient.o
    0x08009424   0x08009424   0x00000040   Data   RO         6539    .constdata          mc_w.l(ctype_c.o)
    0x08009464   0x08009464   0x00000047   Data   RO         4209    .conststring        bsp_w5500.o
    0x080094ab   0x080094ab   0x00000001   PAD
    0x080094ac   0x080094ac   0x0000001a   Data   RO         4491    .conststring        mqtt_app.o
    0x080094c6   0x080094c6   0x00000002   PAD
    0x080094c8   0x080094c8   0x00000020   Data   RO         6541    Region$$Table       anon$$obj.o


    Execution Region RW_IRAM1 (Exec base: 0x20000000, Load base: 0x080094e8, Size: 0x00001bf0, Max: 0x00010000, ABSOLUTE)

    Exec Addr    Load Addr    Size         Type   Attr      Idx    E Section Name        Object

    0x20000000   0x080094e8   0x00000002   Data   RW          408    .data               tim.o
    0x20000002   0x080094ea   0x00000002   PAD
    0x20000004   0x080094ec   0x0000000c   Data   RW         1171    .data               stm32f1xx_hal.o
    0x20000010   0x080094f8   0x00000004   Data   RW         3785    .data               system_stm32f1xx.o
    0x20000014   0x080094fc   0x00000034   Data   RW         3858    .data               wizchip_conf.o
    0x20000048   0x08009530   0x0000000e   Data   RW         4092    .data               socket.o
    0x20000056   0x0800953e   0x00000002   PAD
    0x20000058   0x08009540   0x00000008   Data   RW         4210    .data               bsp_w5500.o
    0x20000060   0x08009548   0x00000018   Data   RW         4492    .data               mqtt_app.o
    0x20000078   0x08009560   0x00000004   Data   RW         4987    .data               mqttpacket.o
    0x2000007c   0x08009564   0x00000014   Data   RW         5310    .data               cjson.o
    0x20000090   0x08009578   0x0000000c   Data   RW         5842    .data               control.o
    0x2000009c   0x08009584   0x00000014   Data   RW         5911    .data               sensor.o
    0x200000b0   0x08009598   0x00000014   Data   RW         6010    .data               rs485.o
    0x200000c4   0x080095ac   0x00000004   Data   RW         6491    .data               mc_w.l(stdout.o)
    0x200000c8   0x080095b0   0x00000004   Data   RW         6500    .data               mc_w.l(mvars.o)
    0x200000cc   0x080095b4   0x00000004   Data   RW         6501    .data               mc_w.l(mvars.o)
    0x200000d0        -       0x00000054   Zero   RW          319    .bss                i2c.o
    0x20000124        -       0x00000058   Zero   RW          361    .bss                spi.o
    0x2000017c        -       0x00000090   Zero   RW          407    .bss                tim.o
    0x2000020c        -       0x00000158   Zero   RW          473    .bss                usart.o
    0x20000364        -       0x00000010   Zero   RW         4091    .bss                socket.o
    0x20000374        -       0x0000126c   Zero   RW         4489    .bss                mqtt_app.o
    0x200015e0        -       0x0000000c   Zero   RW         6009    .bss                rs485.o
    0x200015ec   0x080095b8   0x00000004   PAD
    0x200015f0        -       0x00000200   Zero   RW            2    HEAP                startup_stm32f103xe.o
    0x200017f0        -       0x00000400   Zero   RW            1    STACK               startup_stm32f103xe.o


==============================================================================

Image component sizes


      Code (inc. data)   RO Data    RW Data    ZI Data      Debug   Object Name

       526        152         94          8          0       8205   bsp_w5500.o
      4282        192          0         20          0      38211   cjson.o
       600        228          0         12          0       5157   control.o
       380         18          0          0          0       2593   dht11.o
        60          4          0          0          0        686   dma.o
       172         10          0          0          0        891   gpio.o
       188         26          0          0         84       1485   i2c.o
       526        246          0          0          0     510413   main.o
      2584       1192        114         24       4716      12937   mqtt_app.o
       336         12          0          0          0       6947   mqtt_interface.o
      1436         18         88          0          0      15868   mqttclient.o
       544         18          0          0          0       7001   mqttconnectclient.o
       212          0          0          0          0       2436   mqttdeserializepublish.o
       476         22          0          4          0       9888   mqttpacket.o
       236          0          0          0          0       3294   mqttserializepublish.o
       310          0          0          0          0       3499   mqttsubscribeclient.o
       594         66          0         20         12       6446   rs485.o
       548        198          0         20          0       2911   sensor.o
      1446         38          0         14         16      10047   socket.o
       184         24          0          0         88       1493   spi.o
        36          8        304          0       1536        764   startup_stm32f103xe.o
       164         28          0         12          0       6189   stm32f1xx_hal.o
       198         14          0          0          0      28687   stm32f1xx_hal_cortex.o
      1246         52          0          0          0       5864   stm32f1xx_hal_dma.o
       524         42          0          0          0       3375   stm32f1xx_hal_gpio.o
      3704         56          0          0          0      21653   stm32f1xx_hal_i2c.o
        60          8          0          0          0        790   stm32f1xx_hal_msp.o
      1240         84         18          0          0       4872   stm32f1xx_hal_rcc.o
       910          4          0          0          0       4465   stm32f1xx_hal_spi.o
       992         42          0          0          0       9333   stm32f1xx_hal_tim.o
       128         20          0          0          0       2241   stm32f1xx_hal_tim_ex.o
      2256         38          0          0          0      15989   stm32f1xx_hal_uart.o
       172         44          0          0          0       6524   stm32f1xx_it.o
         2          0         24          4          0        999   system_stm32f1xx.o
       344         34          0          2        144       2734   tim.o
       588         66          0          0        344       3526   usart.o
       756         18          0          0          0       5256   w5500.o
      1296         80          0         52          0      18172   wizchip_conf.o

    ----------------------------------------------------------------------
     30326       3102        678        196       6944     791841   Object Totals
         0          0         32          0          0          0   (incl. Generated)
        70          0          4          4          4          0   (incl. Padding)

    ----------------------------------------------------------------------

      Code (inc. data)   RO Data    RW Data    ZI Data      Debug   Library Member Name

        28          0          0          0          0         80   strtod.o
        56          8          0          0          0         84   __0sscanf.o
       816          6          0          0          0        112   _scanf.o
        64          0          0          0          0         84   _sgetc.o
        40          6         64          0          0         68   ctype_c.o
         0          0          0          0          0          0   entry.o
         0          0          0          0          0          0   entry10a.o
         0          0          0          0          0          0   entry11a.o
         4          0          0          0          0          0   entry12b.o
         8          4          0          0          0          0   entry2.o
         4          0          0          0          0          0   entry5.o
         0          0          0          0          0          0   entry7b.o
         0          0          0          0          0          0   entry8b.o
         8          4          0          0          0          0   entry9a.o
        30          0          0          0          0          0   handlers.o
        36          8          0          0          0         68   init.o
        10          0          0          0          0         68   isspace_c.o
         0          0          0          0          0          0   iusefp.o
        30          0          0          0          0         68   llshl.o
        36          0          0          0          0         68   llsshr.o
        32          0          0          0          0         68   llushr.o
       360         30          0          0          0        356   mallocr.o
        36          0          0          0          0         68   memcpya.o
        36          0          0          0          0        108   memseta.o
         0          0          0          8          0          0   mvars.o
      2268         96          0          0          0        616   printfa.o
        40          8          0          0          0         84   scanf_char.o
       878         12          0          0          0        216   scanf_fp.o
         0          0          0          4          0          0   stdout.o
        28          0          0          0          0         76   strcmp.o
        18          0          0          0          0         68   strcpy.o
        14          0          0          0          0         68   strlen.o
        30          0          0          0          0         80   strncmp.o
       156         12          0          0          0        120   strtod.o
        12          0          0          0          0         68   tolower.o
        44          0          0          0          0         80   uidiv.o
        98          0          0          0          0         92   uldiv.o
        48          0          0          0          0         68   cdcmple.o
        48          0          0          0          0         68   cdrcmple.o
        56          0          0          0          0         88   d2f.o
       334          0          0          0          0        148   dadd.o
       222          0          0          0          0        100   ddiv.o
       186          0          0          0          0        176   depilogue.o
        62          0          0          0          0         80   dfixi.o
        48          0          0          0          0         68   dfixul.o
        34          0          0          0          0         76   dflti.o
        26          0          0          0          0         76   dfltui.o
        24          0          0          0          0         76   dfltul.o
       228          0          0          0          0         96   dmul.o
        46          0          0          0          0         80   dscalb.o
        38          0          0          0          0         68   f2d.o
       176          0          0          0          0        140   fadd.o
       124          0          0          0          0         88   fdiv.o
       110          0          0          0          0        168   fepilogue.o
        10          0          0          0          0         68   ffltui.o

    ----------------------------------------------------------------------
      7052        194         64         12          0       4600   Library Totals
        12          0          0          0          0          0   (incl. Padding)

    ----------------------------------------------------------------------

      Code (inc. data)   RO Data    RW Data    ZI Data      Debug   Library Name

        28          0          0          0          0         80   m_ws.l
      5192        194         64         12          0       2788   mc_w.l
      1820          0          0          0          0       1732   mf_w.l

    ----------------------------------------------------------------------
      7052        194         64         12          0       4600   Library Totals

    ----------------------------------------------------------------------

==============================================================================


      Code (inc. data)   RO Data    RW Data    ZI Data      Debug   

     37378       3296        742        208       6944     778341   Grand Totals
     37378       3296        742        208       6944     778341   ELF Image Totals
     37378       3296        742        208          0          0   ROM Totals

==============================================================================

    Total RO  Size (Code + RO Data)                38120 (  37.23kB)
    Total RW  Size (RW Data + ZI Data)              7152 (   6.98kB)
    Total ROM Size (Code + RO Data + RW Data)      38328 (  37.43kB)

==============================================================================

