Component: ARM Compiler 5.06 update 7 (build 960) Tool: armlink [4d3601]

==============================================================================

Section Cross References

    startup_stm32f103xe.o(RESET) refers to startup_stm32f103xe.o(STACK) for __initial_sp
    startup_stm32f103xe.o(RESET) refers to startup_stm32f103xe.o(.text) for Reset_Handler
    startup_stm32f103xe.o(RESET) refers to stm32f1xx_it.o(i.NMI_Handler) for NMI_Handler
    startup_stm32f103xe.o(RESET) refers to stm32f1xx_it.o(i.HardFault_Handler) for HardFault_Handler
    startup_stm32f103xe.o(RESET) refers to stm32f1xx_it.o(i.MemManage_Handler) for MemManage_Handler
    startup_stm32f103xe.o(RESET) refers to stm32f1xx_it.o(i.BusFault_Handler) for BusFault_Handler
    startup_stm32f103xe.o(RESET) refers to stm32f1xx_it.o(i.UsageFault_Handler) for UsageFault_Handler
    startup_stm32f103xe.o(RESET) refers to stm32f1xx_it.o(i.SVC_Handler) for SVC_Handler
    startup_stm32f103xe.o(RESET) refers to stm32f1xx_it.o(i.DebugMon_Handler) for DebugMon_Handler
    startup_stm32f103xe.o(RESET) refers to stm32f1xx_it.o(i.PendSV_Handler) for PendSV_Handler
    startup_stm32f103xe.o(RESET) refers to stm32f1xx_it.o(i.SysTick_Handler) for SysTick_Handler
    startup_stm32f103xe.o(RESET) refers to stm32f1xx_it.o(i.TIM4_IRQHandler) for TIM4_IRQHandler
    startup_stm32f103xe.o(RESET) refers to stm32f1xx_it.o(i.I2C1_EV_IRQHandler) for I2C1_EV_IRQHandler
    startup_stm32f103xe.o(RESET) refers to stm32f1xx_it.o(i.I2C1_ER_IRQHandler) for I2C1_ER_IRQHandler
    startup_stm32f103xe.o(.text) refers to system_stm32f1xx.o(i.SystemInit) for SystemInit
    startup_stm32f103xe.o(.text) refers to entry.o(.ARM.Collect$$$$00000000) for __main
    main.o(i.SystemClock_Config) refers to memseta.o(.text) for __aeabi_memclr4
    main.o(i.SystemClock_Config) refers to stm32f1xx_hal_rcc.o(i.HAL_RCC_OscConfig) for HAL_RCC_OscConfig
    main.o(i.SystemClock_Config) refers to stm32f1xx_hal_rcc.o(i.HAL_RCC_ClockConfig) for HAL_RCC_ClockConfig
    main.o(i.fputc) refers to stm32f1xx_hal_uart.o(i.HAL_UART_Transmit) for HAL_UART_Transmit
    main.o(i.fputc) refers to usart.o(.bss) for huart1
    main.o(i.get_full_duplex) refers to w5500.o(i.WIZCHIP_READ) for WIZCHIP_READ
    main.o(i.get_link_speed) refers to w5500.o(i.WIZCHIP_READ) for WIZCHIP_READ
    main.o(i.get_link_status) refers to w5500.o(i.WIZCHIP_READ) for WIZCHIP_READ
    main.o(i.main) refers to stm32f1xx_hal.o(i.HAL_Init) for HAL_Init
    main.o(i.main) refers to main.o(i.SystemClock_Config) for SystemClock_Config
    main.o(i.main) refers to gpio.o(i.MX_GPIO_Init) for MX_GPIO_Init
    main.o(i.main) refers to spi.o(i.MX_SPI1_Init) for MX_SPI1_Init
    main.o(i.main) refers to usart.o(i.MX_USART1_UART_Init) for MX_USART1_UART_Init
    main.o(i.main) refers to i2c.o(i.MX_I2C1_Init) for MX_I2C1_Init
    main.o(i.main) refers to tim.o(i.MX_TIM4_Init) for MX_TIM4_Init
    main.o(i.main) refers to bsp_w5500.o(i.w5500_init) for w5500_init
    main.o(i.main) refers to bsp_w5500.o(i.w5500_dump) for w5500_dump
    main.o(i.main) refers to wizchip_conf.o(i.wizchip_getnetinfo) for wizchip_getnetinfo
    main.o(i.main) refers to printfa.o(i.__0printf) for __2printf
    main.o(i.main) refers to mqtt_app.o(i.mqtt_init) for mqtt_init
    main.o(i.main) refers to stm32f1xx_hal.o(i.HAL_Delay) for HAL_Delay
    main.o(i.main) refers to stm32f1xx_hal_tim.o(i.HAL_TIM_Base_Start_IT) for HAL_TIM_Base_Start_IT
    main.o(i.main) refers to mqtt_app.o(i.mqtt_loop) for mqtt_loop
    main.o(i.main) refers to sensor.o(i.Sensor_task) for Sensor_task
    main.o(i.main) refers to control.o(i.key_control) for key_control
    main.o(i.main) refers to mqtt_app.o(.bss) for g_MQTTclient
    main.o(i.main) refers to tim.o(.bss) for htim4
    main.o(i.ment_monitor_phy) refers to main.o(i.get_link_status) for get_link_status
    main.o(i.ment_monitor_phy) refers to printfa.o(i.__0printf) for __2printf
    main.o(i.ment_monitor_phy) refers to main.o(i.get_full_duplex) for get_full_duplex
    main.o(i.ment_monitor_phy) refers to main.o(i.get_link_speed) for get_link_speed
    main.o(i.ment_monitor_phy) refers to stm32f1xx_hal.o(i.HAL_Delay) for HAL_Delay
    main.o(i.tcp_server_task) refers to socket.o(i.getsockopt) for getsockopt
    main.o(i.tcp_server_task) refers to socket.o(i.socket) for socket
    main.o(i.tcp_server_task) refers to printfa.o(i.__0printf) for __2printf
    main.o(i.tcp_server_task) refers to socket.o(i.listen) for listen
    main.o(i.tcp_server_task) refers to w5500.o(i.WIZCHIP_READ_BUF) for WIZCHIP_READ_BUF
    main.o(i.tcp_server_task) refers to w5500.o(i.WIZCHIP_READ) for WIZCHIP_READ
    main.o(i.tcp_server_task) refers to socket.o(i.recv) for recv
    main.o(i.tcp_server_task) refers to socket.o(i.send) for send
    main.o(i.tcp_server_task) refers to socket.o(i.disconnect) for disconnect
    main.o(i.tcp_server_task) refers to socket.o(i.close) for close
    main.o(i.tcp_server_task) refers to main.o(.data) for .data
[...]
    __ARM_use_no_argv                        0x00000000   Number         0  main.o ABSOLUTE
    _printf_a                                0x00000000   Number         0  stubs.o ABSOLUTE
    _printf_c                                0x00000000   Number         0  stubs.o ABSOLUTE
    _printf_charcount                        0x00000000   Number         0  stubs.o ABSOLUTE
    _printf_d                                0x00000000   Number         0  stubs.o ABSOLUTE
    _printf_e                                0x00000000   Number         0  stubs.o ABSOLUTE
    _printf_f                                0x00000000   Number         0  stubs.o ABSOLUTE
    _printf_flags                            0x00000000   Number         0  stubs.o ABSOLUTE
    _printf_fp_dec                           0x00000000   Number         0  stubs.o ABSOLUTE
    _printf_fp_hex                           0x00000000   Number         0  stubs.o ABSOLUTE
    _printf_g                                0x00000000   Number         0  stubs.o ABSOLUTE
    _printf_i                                0x00000000   Number         0  stubs.o ABSOLUTE
    _printf_int_dec                          0x00000000   Number         0  stubs.o ABSOLUTE
    _printf_l                                0x00000000   Number         0  stubs.o ABSOLUTE
    _printf_lc                               0x00000000   Number         0  stubs.o ABSOLUTE
    _printf_ll                               0x00000000   Number         0  stubs.o ABSOLUTE
    _printf_lld                              0x00000000   Number         0  stubs.o ABSOLUTE
    _printf_lli                              0x00000000   Number         0  stubs.o ABSOLUTE
    _printf_llo                              0x00000000   Number         0  stubs.o ABSOLUTE
    _printf_llu                              0x00000000   Number         0  stubs.o ABSOLUTE
    _printf_llx                              0x00000000   Number         0  stubs.o ABSOLUTE
    _printf_longlong_dec                     0x00000000   Number         0  stubs.o ABSOLUTE
    _printf_longlong_hex                     0x00000000   Number         0  stubs.o ABSOLUTE
    _printf_longlong_oct                     0x00000000   Number         0  stubs.o ABSOLUTE
    _printf_ls                               0x00000000   Number         0  stubs.o ABSOLUTE
    _printf_mbtowc                           0x00000000   Number         0  stubs.o ABSOLUTE
    _printf_n                                0x00000000   Number         0  stubs.o ABSOLUTE
    _printf_o                                0x00000000   Number         0  stubs.o ABSOLUTE
    _printf_p                                0x00000000   Number         0  stubs.o ABSOLUTE
    _printf_percent                          0x00000000   Number         0  stubs.o ABSOLUTE
    _printf_pre_padding                      0x00000000   Number         0  stubs.o ABSOLUTE
    _printf_return_value                     0x00000000   Number         0  stubs.o ABSOLUTE
    _printf_s                                0x00000000   Number         0  stubs.o ABSOLUTE
    _printf_sizespec                         0x00000000   Number         0  stubs.o ABSOLUTE
    _printf_str                              0x00000000   Number         0  stubs.o ABSOLUTE
    _printf_truncate_signed                  0x00000000   Number         0  stubs.o ABSOLUTE
    _printf_truncate_unsigned                0x00000000   Number         0  stubs.o ABSOLUTE
    _printf_u                                0x00000000   Number         0  stubs.o ABSOLUTE
    _printf_wc                               0x00000000   Number         0  stubs.o ABSOLUTE
    _printf_wctomb                           0x00000000   Number         0  stubs.o ABSOLUTE
    _printf_widthprec                        0x00000000   Number         0  stubs.o ABSOLUTE
    _printf_x                                0x00000000   Number         0  stubs.o ABSOLUTE
    __arm_fini_                               - Undefined Weak Reference
    __cpp_initialize__aeabi_                  - Undefined Weak Reference
    __cxa_finalize                            - Undefined Weak Reference
    __decompress                              - Undefined Weak Reference
    _clock_init                               - Undefined Weak Reference
    _microlib_exit                            - Undefined Weak Reference
    _scanf_int                                - Undefined Weak Reference
    _scanf_longlong                           - Undefined Weak Reference
    _scanf_string                             - Undefined Weak Reference
    __Vectors_Size                           0x00000130   Number         0  startup_stm32f103xe.o ABSOLUTE
    __Vectors                                0x08000000   Data           4  startup_stm32f103xe.o(RESET)
    __Vectors_End                            0x08000130   Data           0  startup_stm32f103xe.o(RESET)
    __main                                   0x08000131   Thumb Code     0  entry.o(.ARM.Collect$$$$00000000)
    _main_stk                                0x08000131   Thumb Code     0  entry2.o(.ARM.Collect$$$$00000001)
    _main_scatterload                        0x08000135   Thumb Code     0  entry5.o(.ARM.Collect$$$$00000004)
    __main_after_scatterload                 0x08000139   Thumb Code     0  entry5.o(.ARM.Collect$$$$00000004)
    _main_clock                              0x08000139   Thumb Code     0  entry7b.o(.ARM.Collect$$$$00000008)
    _main_cpp_init                           0x08000139   Thumb Code     0  entry8b.o(.ARM.Collect$$$$0000000A)
    _main_init                               0x08000139   Thumb Code     0  entry9a.o(.ARM.Collect$$$$0000000B)
    __rt_lib_shutdown_fini                   0x08000141   Thumb Code     0  entry12b.o(.ARM.Collect$$$$0000000E)
    __rt_final_cpp                           0x08000145   Thumb Code     0  entry10a.o(.ARM.Collect$$$$0000000F)
    __rt_final_exit                          0x08000145   Thumb Code     0  entry11a.o(.ARM.Collect$$$$00000011)
    Reset_Handler                            0x08000149   Thumb Code     8  startup_stm32f103xe.o(.text)
    ADC1_2_IRQHandler                        0x08000163   Thumb Code     0  startup_stm32f103xe.o(.text)
    ADC3_IRQHandler                          0x08000163   Thumb Code     0  startup_stm32f103xe.o(.text)
    CAN1_RX1_IRQHandler                      0x08000163   Thumb Code     0  startup_stm32f103xe.o(.text)
    CAN1_SCE_IRQHandler                      0x08000163   Thumb Code     0  startup_stm32f103xe.o(.text)
    DMA1_Channel1_IRQHandler                 0x08000163   Thumb Code     0  startup_stm32f103xe.o(.text)
    DMA1_Channel2_IRQHandler                 0x08000163   Thumb Code     0  startup_stm32f103xe.o(.text)
    DMA1_Channel3_IRQHandler                 0x08000163   Thumb Code     0  startup_stm32f103xe.o(.text)
    DMA1_Channel4_IRQHandler                 0x08000163   Thumb Code     0  startup_stm32f103xe.o(.text)
    DMA1_Channel5_IRQHandler                 0x08000163   Thumb Code     0  startup_stm32f103xe.o(.text)
    DMA1_Channel6_IRQHandler                 0x08000163   Thumb Code     0  startup_stm32f103xe.o(.text)
    DMA1_Channel7_IRQHandler                 0x08000163   Thumb Code     0  startup_stm32f103xe.o(.text)
    DMA2_Channel1_IRQHandler                 0x08000163   Thumb Code     0  startup_stm32f103xe.o(.text)
    DMA2_Channel2_IRQHandler                 0x08000163   Thumb Code     0  startup_stm32f103xe.o(.text)
    DMA2_Channel3_IRQHandler                 0x08000163   Thumb Code     0  startup_stm32f103xe.o(.text)
    DMA2_Channel4_5_IRQHandler               0x08000163   Thumb Code     0  startup_stm32f103xe.o(.text)
    EXTI0_IRQHandler                         0x08000163   Thumb Code     0  startup_stm32f103xe.o(.text)
    EXTI15_10_IRQHandler                     0x08000163   Thumb Code     0  startup_stm32f103xe.o(.text)
    EXTI1_IRQHandler                         0x08000163   Thumb Code     0  startup_stm32f103xe.o(.text)
    EXTI2_IRQHandler                         0x08000163   Thumb Code     0  startup_stm32f103xe.o(.text)
    EXTI3_IRQHandler                         0x08000163   Thumb Code     0  startup_stm32f103xe.o(.text)
    EXTI4_IRQHandler                         0x08000163   Thumb Code     0  startup_stm32f103xe.o(.text)
    EXTI9_5_IRQHandler                       0x08000163   Thumb Code     0  startup_stm32f103xe.o(.text)
    FLASH_IRQHandler                         0x08000163   Thumb Code     0  startup_stm32f103xe.o(.text)
    FSMC_IRQHandler                          0x08000163   Thumb Code     0  startup_stm32f103xe.o(.text)
    I2C2_ER_IRQHandler                       0x08000163   Thumb Code     0  startup_stm32f103xe.o(.text)
    I2C2_EV_IRQHandler                       0x08000163   Thumb Code     0  startup_stm32f103xe.o(.text)
    PVD_IRQHandler                           0x08000163   Thumb Code     0  startup_stm32f103xe.o(.text)
    RCC_IRQHandler                           0x08000163   Thumb Code     0  startup_stm32f103xe.o(.text)
    RTC_Alarm_IRQHandler                     0x08000163   Thumb Code     0  startup_stm32f103xe.o(.text)
    RTC_IRQHandler                           0x08000163   Thumb Code     0  startup_stm32f103xe.o(.text)
    SDIO_IRQHandler                          0x08000163   Thumb Code     0  startup_stm32f103xe.o(.text)
    SPI1_IRQHandler                          0x08000163   Thumb Code     0  startup_stm32f103xe.o(.text)
    SPI2_IRQHandler                          0x08000163   Thumb Code     0  startup_stm32f103xe.o(.text)
    SPI3_IRQHandler                          0x08000163   Thumb Code     0  startup_stm32f103xe.o(.text)
    TAMPER_IRQHandler                        0x08000163   Thumb Code     0  startup_stm32f103xe.o(.text)
    TIM1_BRK_IRQHandler                      0x08000163   Thumb Code     0  startup_stm32f103xe.o(.text)
    TIM1_CC_IRQHandler                       0x08000163   Thumb Code     0  startup_stm32f103xe.o(.text)
    TIM1_TRG_COM_IRQHandler                  0x08000163   Thumb Code     0  startup_stm32f103xe.o(.text)
    TIM1_UP_IRQHandler                       0x08000163   Thumb Code     0  startup_stm32f103xe.o(.text)
    TIM2_IRQHandler                          0x08000163   Thumb Code     0  startup_stm32f103xe.o(.text)
    TIM3_IRQHandler                          0x08000163   Thumb Code     0  startup_stm32f103xe.o(.text)
    TIM5_IRQHandler                          0x08000163   Thumb Code     0  startup_stm32f103xe.o(.text)
    TIM6_IRQHandler                          0x08000163   Thumb Code     0  startup_stm32f103xe.o(.text)
    TIM7_IRQHandler                          0x08000163   Thumb Code     0  startup_stm32f103xe.o(.text)
    TIM8_BRK_IRQHandler                      0x08000163   Thumb Code     0  startup_stm32f103xe.o(.text)
    TIM8_CC_IRQHandler                       0x08000163   Thumb Code     0  startup_stm32f103xe.o(.text)
    TIM8_TRG_COM_IRQHandler                  0x08000163   Thumb Code     0  startup_stm32f103xe.o(.text)
    TIM8_UP_IRQHandler                       0x08000163   Thumb Code     0  startup_stm32f103xe.o(.text)
    UART4_IRQHandler                         0x08000163   Thumb Code     0  startup_stm32f103xe.o(.text)
    UART5_IRQHandler                         0x08000163   Thumb Code     0  startup_stm32f103xe.o(.text)
    USART1_IRQHandler                        0x08000163   Thumb Code     0  startup_stm32f103xe.o(.text)
    USART2_IRQHandler                        0x08000163   Thumb Code     0  startup_stm32f103xe.o(.text)
    USART3_IRQHandler                        0x08000163   Thumb Code     0  startup_stm32f103xe.o(.text)
    USBWakeUp_IRQHandler                     0x08000163   Thumb Code     0  startup_stm32f103xe.o(.text)
    USB_HP_CAN1_TX_IRQHandler                0x08000163   Thumb Code     0  startup_stm32f103xe.o(.text)
    USB_LP_CAN1_RX0_IRQHandler               0x08000163   Thumb Code     0  startup_stm32f103xe.o(.text)
    WWDG_IRQHandler                          0x08000163   Thumb Code     0  startup_stm32f103xe.o(.text)
    __aeabi_llsr                             0x0800016d   Thumb Code    32  llushr.o(.text)
    _ll_ushift_r                             0x0800016d   Thumb Code     0  llushr.o(.text)
    tolower                                  0x0800018d   Thumb Code    12  tolower.o(.text)
    __aeabi_memcpy                           0x08000199   Thumb Code    36  memcpya.o(.text)
    __aeabi_memcpy4                          0x08000199   Thumb Code     0  memcpya.o(.text)
    __aeabi_memcpy8                          0x08000199   Thumb Code     0  memcpya.o(.text)
    __aeabi_memset                           0x080001bd   Thumb Code    14  memseta.o(.text)
    __aeabi_memset4                          0x080001bd   Thumb Code     0  memseta.o(.text)
    __aeabi_memset8                          0x080001bd   Thumb Code     0  memseta.o(.text)
    __aeabi_memclr                           0x080001cb   Thumb Code     4  memseta.o(.text)
    __aeabi_memclr4                          0x080001cb   Thumb Code     0  memseta.o(.text)
    __aeabi_memclr8                          0x080001cb   Thumb Code     0  memseta.o(.text)
    _memset$wrapper                          0x080001cf   Thumb Code    18  memseta.o(.text)
    strncpy                                  0x080001e1   Thumb Code    24  strncpy.o(.text)
    strlen                                   0x080001f9   Thumb Code    14  strlen.o(.text)
    strcmp                                   0x08000207   Thumb Code    28  strcmp.o(.text)
    strcpy                                   0x08000223   Thumb Code    18  strcpy.o(.text)
    strncmp                                  0x08000235   Thumb Code    30  strncmp.o(.text)
    __0sscanf                                0x08000255   Thumb Code    48  __0sscanf.o(.text)
    _scanf_real                              0x080003b5   Thumb Code     0  scanf_fp.o(.text)
    _scanf_really_real                       0x080003b5   Thumb Code   556  scanf_fp.o(.text)
    __aeabi_fadd                             0x080005ed   Thumb Code   164  fadd.o(.text)
    __aeabi_fsub                             0x08000691   Thumb Code     6  fadd.o(.text)
    __aeabi_frsub                            0x08000697   Thumb Code     6  fadd.o(.text)
    __aeabi_dadd                             0x0800069d   Thumb Code   322  dadd.o(.text)
    __aeabi_dsub                             0x080007df   Thumb Code     6  dadd.o(.text)
    __aeabi_drsub                            0x080007e5   Thumb Code     6  dadd.o(.text)
    __ARM_scalbn                             0x080007eb   Thumb Code    46  dscalb.o(.text)
    scalbn                                   0x080007eb   Thumb Code     0  dscalb.o(.text)
    __aeabi_i2d                              0x08000819   Thumb Code    34  dflti.o(.text)
    __aeabi_ui2d                             0x0800083b   Thumb Code    26  dfltui.o(.text)
    __aeabi_d2iz                             0x08000855   Thumb Code    62  dfixi.o(.text)
    __aeabi_f2d                              0x08000893   Thumb Code    38  f2d.o(.text)
    __aeabi_cdcmpeq                          0x080008b9   Thumb Code     0  cdcmple.o(.text)
    __aeabi_cdcmple                          0x080008b9   Thumb Code    48  cdcmple.o(.text)
    __aeabi_cdrcmple                         0x080008e9   Thumb Code    48  cdrcmple.o(.text)
    __aeabi_d2f                              0x08000919   Thumb Code    56  d2f.o(.text)
    __aeabi_uidiv                            0x08000951   Thumb Code     0  uidiv.o(.text)
    __aeabi_uidivmod                         0x08000951   Thumb Code    44  uidiv.o(.text)
    __aeabi_uldivmod                         0x0800097d   Thumb Code    98  uldiv.o(.text)
    __aeabi_llsl                             0x080009df   Thumb Code    30  llshl.o(.text)
    _ll_shift_l                              0x080009df   Thumb Code     0  llshl.o(.text)
    __aeabi_lasr                             0x080009fd   Thumb Code    36  llsshr.o(.text)
    _ll_sshift_r                             0x080009fd   Thumb Code     0  llsshr.o(.text)
    __vfscanf_char                           0x08000a2d   Thumb Code    20  scanf_char.o(.text)
    _sgetc                                   0x08000a49   Thumb Code    30  _sgetc.o(.text)
    _sbackspace                              0x08000a67   Thumb Code    34  _sgetc.o(.text)
    __strtod_int                             0x08000abf   Thumb Code    90  strtod.o(.text)
    __I$use$fp                               0x08000b25   Thumb Code     0  iusefp.o(.text)
    _float_round                             0x08000b25   Thumb Code    18  fepilogue.o(.text)
    _float_epilogue                          0x08000b37   Thumb Code    92  fepilogue.o(.text)
    _double_round                            0x08000b93   Thumb Code    30  depilogue.o(.text)
    _double_epilogue                         0x08000bb1   Thumb Code   156  depilogue.o(.text)
    __aeabi_dmul                             0x08000c4d   Thumb Code   228  dmul.o(.text)
    __aeabi_ddiv                             0x08000d31   Thumb Code   222  ddiv.o(.text)
    __aeabi_ul2d                             0x08000e0f   Thumb Code    24  dfltul.o(.text)
    __aeabi_d2ulz                            0x08000e27   Thumb Code    48  dfixul.o(.text)
    __scatterload                            0x08000e59   Thumb Code    28  init.o(.text)
    __scatterload_rt2                        0x08000e59   Thumb Code     0  init.o(.text)
    isspace                                  0x08000e7d   Thumb Code    10  isspace_c.o(.text)
    __vfscanf                                0x08000e89   Thumb Code   810  _scanf.o(.text)
    __ctype_lookup                           0x080011b9   Thumb Code    34  ctype_c.o(.text)
    BusFault_Handler                         0x080011e1   Thumb Code     2  stm32f1xx_it.o(i.BusFault_Handler)
    CS_HIGH                                  0x08001265   Thumb Code    10  bsp_w5500.o(i.CS_HIGH)
    CS_LOW                                   0x08001275   Thumb Code    10  bsp_w5500.o(i.CS_LOW)
    ConnectNetwork                           0x08001285   Thumb Code    46  mqtt_interface.o(i.ConnectNetwork)
    Contorl_co2                              0x080012b5   Thumb Code    14  control.o(i.Contorl_co2)
    Control_fun                              0x080012d9   Thumb Code    14  control.o(i.Control_fun)
    Control_lamp                             0x080012fd   Thumb Code    14  control.o(i.Control_lamp)
    Control_spray                            0x08001321   Thumb Code    14  control.o(i.Control_spray)
    DebugMon_Handler                         0x08001345   Thumb Code     2  stm32f1xx_it.o(i.DebugMon_Handler)
    Error_Handler                            0x08001347   Thumb Code     4  main.o(i.Error_Handler)
    HAL_DMA_Abort_IT                         0x0800134d   Thumb Code   296  stm32f1xx_hal_dma.o(i.HAL_DMA_Abort_IT)
    HAL_DMA_GetState                         0x0800147d   Thumb Code     6  stm32f1xx_hal_dma.o(i.HAL_DMA_GetState)
    HAL_Delay                                0x08001485   Thumb Code    32  stm32f1xx_hal.o(i.HAL_Delay)
    HAL_GPIO_Init                            0x080014a9   Thumb Code   462  stm32f1xx_hal_gpio.o(i.HAL_GPIO_Init)
    HAL_GPIO_ReadPin                         0x080016a1   Thumb Code    10  stm32f1xx_hal_gpio.o(i.HAL_GPIO_ReadPin)
    HAL_GPIO_WritePin                        0x080016ab   Thumb Code    10  stm32f1xx_hal_gpio.o(i.HAL_GPIO_WritePin)
    HAL_GetTick                              0x080016b5   Thumb Code     6  stm32f1xx_hal.o(i.HAL_GetTick)
    HAL_I2C_AbortCpltCallback                0x080016c1   Thumb Code     2  stm32f1xx_hal_i2c.o(i.HAL_I2C_AbortCpltCallback)
    HAL_I2C_AddrCallback                     0x080016c3   Thumb Code     2  stm32f1xx_hal_i2c.o(i.HAL_I2C_AddrCallback)
    HAL_I2C_ER_IRQHandler                    0x080016c5   Thumb Code   196  stm32f1xx_hal_i2c.o(i.HAL_I2C_ER_IRQHandler)
    HAL_I2C_EV_IRQHandler                    0x08001789   Thumb Code   560  stm32f1xx_hal_i2c.o(i.HAL_I2C_EV_IRQHandler)
    HAL_I2C_ErrorCallback                    0x080019b9   Thumb Code     2  stm32f1xx_hal_i2c.o(i.HAL_I2C_ErrorCallback)
    HAL_I2C_Init                             0x080019bd   Thumb Code   376  stm32f1xx_hal_i2c.o(i.HAL_I2C_Init)
    HAL_I2C_ListenCpltCallback               0x08001b45   Thumb Code     2  stm32f1xx_hal_i2c.o(i.HAL_I2C_ListenCpltCallback)
    HAL_I2C_MasterRxCpltCallback             0x08001b47   Thumb Code     2  stm32f1xx_hal_i2c.o(i.HAL_I2C_MasterRxCpltCallback)
    HAL_I2C_MasterTxCpltCallback             0x08001b49   Thumb Code     2  stm32f1xx_hal_i2c.o(i.HAL_I2C_MasterTxCpltCallback)
    HAL_I2C_MemRxCpltCallback                0x08001b4b   Thumb Code     2  stm32f1xx_hal_i2c.o(i.HAL_I2C_MemRxCpltCallback)
    HAL_I2C_MemTxCpltCallback                0x08001b4d   Thumb Code     2  stm32f1xx_hal_i2c.o(i.HAL_I2C_MemTxCpltCallback)
    HAL_I2C_MspInit                          0x08001b51   Thumb Code   112  i2c.o(i.HAL_I2C_MspInit)
    HAL_I2C_SlaveRxCpltCallback              0x08001bcd   Thumb Code     2  stm32f1xx_hal_i2c.o(i.HAL_I2C_SlaveRxCpltCallback)
    HAL_I2C_SlaveTxCpltCallback              0x08001bcf   Thumb Code     2  stm32f1xx_hal_i2c.o(i.HAL_I2C_SlaveTxCpltCallback)
    HAL_IncTick                              0x08001bd1   Thumb Code    12  stm32f1xx_hal.o(i.HAL_IncTick)
    HAL_Init                                 0x08001be1   Thumb Code    32  stm32f1xx_hal.o(i.HAL_Init)
    HAL_InitTick                             0x08001c05   Thumb Code    54  stm32f1xx_hal.o(i.HAL_InitTick)
    HAL_MspInit                              0x08001c45   Thumb Code    52  stm32f1xx_hal_msp.o(i.HAL_MspInit)
    HAL_NVIC_EnableIRQ                       0x08001c81   Thumb Code    26  stm32f1xx_hal_cortex.o(i.HAL_NVIC_EnableIRQ)
    HAL_NVIC_SetPriority                     0x08001c9d   Thumb Code    60  stm32f1xx_hal_cortex.o(i.HAL_NVIC_SetPriority)
    HAL_NVIC_SetPriorityGrouping             0x08001cdd   Thumb Code    26  stm32f1xx_hal_cortex.o(i.HAL_NVIC_SetPriorityGrouping)
    HAL_RCC_ClockConfig                      0x08001d01   Thumb Code   280  stm32f1xx_hal_rcc.o(i.HAL_RCC_ClockConfig)
    HAL_RCC_GetPCLK1Freq                     0x08001e2d   Thumb Code    20  stm32f1xx_hal_rcc.o(i.HAL_RCC_GetPCLK1Freq)
    HAL_RCC_GetPCLK2Freq                     0x08001e4d   Thumb Code    20  stm32f1xx_hal_rcc.o(i.HAL_RCC_GetPCLK2Freq)
    HAL_RCC_GetSysClockFreq                  0x08001e6d   Thumb Code    58  stm32f1xx_hal_rcc.o(i.HAL_RCC_GetSysClockFreq)
    HAL_RCC_OscConfig                        0x08001eb9   Thumb Code   778  stm32f1xx_hal_rcc.o(i.HAL_RCC_OscConfig)
    HAL_SPI_Init                             0x080021d9   Thumb Code   178  stm32f1xx_hal_spi.o(i.HAL_SPI_Init)
    HAL_SPI_MspInit                          0x0800228d   Thumb Code    98  spi.o(i.HAL_SPI_MspInit)
    HAL_SPI_TransmitReceive                  0x080022fd   Thumb Code   496  stm32f1xx_hal_spi.o(i.HAL_SPI_TransmitReceive)
    HAL_SYSTICK_Config                       0x080024ed   Thumb Code    40  stm32f1xx_hal_cortex.o(i.HAL_SYSTICK_Config)
    HAL_TIMEx_BreakCallback                  0x08002515   Thumb Code     2  stm32f1xx_hal_tim_ex.o(i.HAL_TIMEx_BreakCallback)
    HAL_TIMEx_CommutCallback                 0x08002517   Thumb Code     2  stm32f1xx_hal_tim_ex.o(i.HAL_TIMEx_CommutCallback)
    HAL_TIMEx_MasterConfigSynchronization    0x08002519   Thumb Code   104  stm32f1xx_hal_tim_ex.o(i.HAL_TIMEx_MasterConfigSynchronization)
    HAL_TIM_Base_Init                        0x08002595   Thumb Code    90  stm32f1xx_hal_tim.o(i.HAL_TIM_Base_Init)
    HAL_TIM_Base_MspInit                     0x080025f1   Thumb Code    50  tim.o(i.HAL_TIM_Base_MspInit)
    HAL_TIM_Base_Start_IT                    0x0800262d   Thumb Code    88  stm32f1xx_hal_tim.o(i.HAL_TIM_Base_Start_IT)
    HAL_TIM_ConfigClockSource                0x08002699   Thumb Code   220  stm32f1xx_hal_tim.o(i.HAL_TIM_ConfigClockSource)
    HAL_TIM_IC_CaptureCallback               0x08002775   Thumb Code     2  stm32f1xx_hal_tim.o(i.HAL_TIM_IC_CaptureCallback)
    HAL_TIM_IRQHandler                       0x08002777   Thumb Code   304  stm32f1xx_hal_tim.o(i.HAL_TIM_IRQHandler)
    HAL_TIM_OC_DelayElapsedCallback          0x080028a7   Thumb Code     2  stm32f1xx_hal_tim.o(i.HAL_TIM_OC_DelayElapsedCallback)
    HAL_TIM_PWM_PulseFinishedCallback        0x080028a9   Thumb Code     2  stm32f1xx_hal_tim.o(i.HAL_TIM_PWM_PulseFinishedCallback)
    HAL_TIM_PeriodElapsedCallback            0x080028ad   Thumb Code    36  control.o(i.HAL_TIM_PeriodElapsedCallback)
    HAL_TIM_TriggerCallback                  0x080028dd   Thumb Code     2  stm32f1xx_hal_tim.o(i.HAL_TIM_TriggerCallback)
    HAL_UART_Init                            0x080028df   Thumb Code   100  stm32f1xx_hal_uart.o(i.HAL_UART_Init)
    HAL_UART_MspInit                         0x08002945   Thumb Code   100  usart.o(i.HAL_UART_MspInit)
    HAL_UART_Transmit                        0x080029b5   Thumb Code   160  stm32f1xx_hal_uart.o(i.HAL_UART_Transmit)
    HardFault_Handler                        0x08002a55   Thumb Code     2  stm32f1xx_it.o(i.HardFault_Handler)
    I2C1_ER_IRQHandler                       0x08002a59   Thumb Code     6  stm32f1xx_it.o(i.I2C1_ER_IRQHandler)
    I2C1_EV_IRQHandler                       0x08002a65   Thumb Code     6  stm32f1xx_it.o(i.I2C1_EV_IRQHandler)
    MQTTClientInit                           0x08003461   Thumb Code    58  mqttclient.o(i.MQTTClientInit)
    MQTTConnect                              0x0800349d   Thumb Code   146  mqttclient.o(i.MQTTConnect)
    MQTTDeserialize_ack                      0x08003535   Thumb Code    72  mqttdeserializepublish.o(i.MQTTDeserialize_ack)
    MQTTDeserialize_connack                  0x0800357d   Thumb Code    90  mqttconnectclient.o(i.MQTTDeserialize_connack)
    MQTTDeserialize_publish                  0x080035d7   Thumb Code   140  mqttdeserializepublish.o(i.MQTTDeserialize_publish)
    MQTTDeserialize_suback                   0x08003663   Thumb Code   124  mqttsubscribeclient.o(i.MQTTDeserialize_suback)
    MQTTPacket_decode                        0x080036df   Thumb Code    54  mqttpacket.o(i.MQTTPacket_decode)
    MQTTPacket_decodeBuf                     0x08003715   Thumb Code    10  mqttpacket.o(i.MQTTPacket_decodeBuf)
    MQTTPacket_encode                        0x08003729   Thumb Code    42  mqttpacket.o(i.MQTTPacket_encode)
    MQTTPacket_equals                        0x08003753   Thumb Code    52  mqttpacket.o(i.MQTTPacket_equals)
    MQTTPacket_len                           0x08003789   Thumb Code    34  mqttpacket.o(i.MQTTPacket_len)
    MQTTPublish                              0x080037b1   Thumb Code   182  mqttclient.o(i.MQTTPublish)
    MQTTSerialize_ack                        0x08003867   Thumb Code    72  mqttserializepublish.o(i.MQTTSerialize_ack)
    MQTTSerialize_connect                    0x080038b1   Thumb Code   262  mqttconnectclient.o(i.MQTTSerialize_connect)
    MQTTSerialize_connectLength              0x080039c9   Thumb Code   118  mqttconnectclient.o(i.MQTTSerialize_connectLength)
    MQTTSerialize_pingreq                    0x08003a3f   Thumb Code     6  mqttconnectclient.o(i.MQTTSerialize_pingreq)
    MQTTSerialize_publish                    0x08003a45   Thumb Code   134  mqttserializepublish.o(i.MQTTSerialize_publish)
    MQTTSerialize_publishLength              0x08003acb   Thumb Code    30  mqttserializepublish.o(i.MQTTSerialize_publishLength)
    MQTTSerialize_subscribe                  0x08003ae9   Thumb Code   140  mqttsubscribeclient.o(i.MQTTSerialize_subscribe)
    MQTTSerialize_subscribeLength            0x08003b75   Thumb Code    46  mqttsubscribeclient.o(i.MQTTSerialize_subscribeLength)
    MQTTSerialize_zero                       0x08003ba3   Thumb Code    50  mqttconnectclient.o(i.MQTTSerialize_zero)
    MQTTSubscribe                            0x08003bd5   Thumb Code   188  mqttclient.o(i.MQTTSubscribe)
    MQTTYield                                0x08003c91   Thumb Code    40  mqttclient.o(i.MQTTYield)
    MQTT_Publish_Alert                       0x08003cb9   Thumb Code   186  mqtt_app.o(i.MQTT_Publish_Alert)
    MQTTstrlen                               0x08003dd5   Thumb Code    14  mqttpacket.o(i.MQTTstrlen)
    MX_GPIO_Init                             0x08003de5   Thumb Code   116  gpio.o(i.MX_GPIO_Init)
    MX_I2C1_Init                             0x08003e61   Thumb Code    50  i2c.o(i.MX_I2C1_Init)
    MX_SPI1_Init                             0x08003ea1   Thumb Code    62  spi.o(i.MX_SPI1_Init)
    MX_TIM4_Init                             0x08003ee9   Thumb Code    94  tim.o(i.MX_TIM4_Init)
    MX_USART1_UART_Init                      0x08003f51   Thumb Code    48  usart.o(i.MX_USART1_UART_Init)
    MemManage_Handler                        0x08003f89   Thumb Code     2  stm32f1xx_it.o(i.MemManage_Handler)
    NMI_Handler                              0x08003f8b   Thumb Code     2  stm32f1xx_it.o(i.NMI_Handler)
    NewNetwork                               0x08003f8d   Thumb Code    16  mqtt_interface.o(i.NewNetwork)
    PendSV_Handler                           0x080040e5   Thumb Code     2  stm32f1xx_it.o(i.PendSV_Handler)
    Publish_Device_Command                   0x080040e9   Thumb Code   152  mqtt_app.o(i.Publish_Device_Command)
    Publish_sensor_temp_humi                 0x080041ed   Thumb Code   154  mqtt_app.o(i.Publish_sensor_temp_humi)
    SVC_Handler                              0x080043bd   Thumb Code     2  stm32f1xx_it.o(i.SVC_Handler)
    Send_All_Device_Status                   0x080043c1   Thumb Code   240  mqtt_app.o(i.Send_All_Device_Status)
    Send_Lamp_Command                        0x0800454d   Thumb Code    10  mqtt_app.o(i.Send_Lamp_Command)
    Send_fun_Command                         0x08004561   Thumb Code    10  mqtt_app.o(i.Send_fun_Command)
    Send_spray_Command                       0x08004571   Thumb Code    10  mqtt_app.o(i.Send_spray_Command)
    Sensor_Read_CO2                          0x08004585   Thumb Code    58  sensor.o(i.Sensor_Read_CO2)
    Sensor_Read_TempHumi                     0x080045c5   Thumb Code    60  sensor.o(i.Sensor_Read_TempHumi)
    Sensor_task                              0x08004619   Thumb Code    88  sensor.o(i.Sensor_task)
    Spi1_read_write_byte                     0x080046e1   Thumb Code    28  bsp_w5500.o(i.Spi1_read_write_byte)
    SysTick_Handler                          0x08004701   Thumb Code     4  stm32f1xx_it.o(i.SysTick_Handler)
    SystemClock_Config                       0x08004705   Thumb Code    94  main.o(i.SystemClock_Config)
    SystemInit                               0x08004763   Thumb Code     2  system_stm32f1xx.o(i.SystemInit)
    TIM4_IRQHandler                          0x08004765   Thumb Code     6  stm32f1xx_it.o(i.TIM4_IRQHandler)
    TIM_Base_SetConfig                       0x08004771   Thumb Code   134  stm32f1xx_hal_tim.o(i.TIM_Base_SetConfig)
    TIM_ETR_SetConfig                        0x0800480d   Thumb Code    20  stm32f1xx_hal_tim.o(i.TIM_ETR_SetConfig)
    TimerCountdown                           0x08004877   Thumb Code    26  mqtt_interface.o(i.TimerCountdown)
    TimerCountdownMS                         0x08004891   Thumb Code    16  mqtt_interface.o(i.TimerCountdownMS)
    TimerInit                                0x080048a1   Thumb Code     6  mqtt_interface.o(i.TimerInit)
    TimerIsExpired                           0x080048a7   Thumb Code    22  mqtt_interface.o(i.TimerIsExpired)
    TimerLeftMS                              0x080048bd   Thumb Code    22  mqtt_interface.o(i.TimerLeftMS)
    UsageFault_Handler                       0x08004a4b   Thumb Code     2  stm32f1xx_it.o(i.UsageFault_Handler)
    WIZCHIP_READ                             0x08004a4d   Thumb Code    84  w5500.o(i.WIZCHIP_READ)
    WIZCHIP_READ_BUF                         0x08004aa5   Thumb Code   112  w5500.o(i.WIZCHIP_READ_BUF)
    WIZCHIP_WRITE                            0x08004b19   Thumb Code    90  w5500.o(i.WIZCHIP_WRITE)
    WIZCHIP_WRITE_BUF                        0x08004b79   Thumb Code   108  w5500.o(i.WIZCHIP_WRITE_BUF)
    __0printf                                0x08004be9   Thumb Code    22  printfa.o(i.__0printf)
    __1printf                                0x08004be9   Thumb Code     0  printfa.o(i.__0printf)
    __2printf                                0x08004be9   Thumb Code     0  printfa.o(i.__0printf)
    __c89printf                              0x08004be9   Thumb Code     0  printfa.o(i.__0printf)
    printf                                   0x08004be9   Thumb Code     0  printfa.o(i.__0printf)
    __0sprintf                               0x08004c09   Thumb Code    34  printfa.o(i.__0sprintf)
    __1sprintf                               0x08004c09   Thumb Code     0  printfa.o(i.__0sprintf)
    __2sprintf                               0x08004c09   Thumb Code     0  printfa.o(i.__0sprintf)
    __c89sprintf                             0x08004c09   Thumb Code     0  printfa.o(i.__0sprintf)
    sprintf                                  0x08004c09   Thumb Code     0  printfa.o(i.__0sprintf)
    free                                     0x08004c51   Thumb Code    88  mallocr.o(i.__free$realloc)
    malloc                                   0x08004cad   Thumb Code    64  mallocr.o(i.__malloc$realloc)
    __scatterload_copy                       0x08004cfd   Thumb Code    14  handlers.o(i.__scatterload_copy)
    __scatterload_null                       0x08004d0b   Thumb Code     2  handlers.o(i.__scatterload_null)
    __scatterload_zeroinit                   0x08004d0d   Thumb Code    14  handlers.o(i.__scatterload_zeroinit)
    _is_digit                                0x08004ea1   Thumb Code    14  scanf_fp.o(i._is_digit)
    bufchar                                  0x08005645   Thumb Code    30  mqttpacket.o(i.bufchar)
    cJSON_AddBoolToObject                    0x08005699   Thumb Code    44  cjson.o(i.cJSON_AddBoolToObject)
    cJSON_AddNumberToObject                  0x080056c9   Thumb Code    46  cjson.o(i.cJSON_AddNumberToObject)
    cJSON_AddStringToObject                  0x080056fd   Thumb Code    44  cjson.o(i.cJSON_AddStringToObject)
    cJSON_CreateBool                         0x0800572d   Thumb Code    26  cjson.o(i.cJSON_CreateBool)
    cJSON_CreateNumber                       0x0800574d   Thumb Code    78  cjson.o(i.cJSON_CreateNumber)
    cJSON_CreateObject                       0x080057ad   Thumb Code    18  cjson.o(i.cJSON_CreateObject)
    cJSON_CreateString                       0x080057c5   Thumb Code    44  cjson.o(i.cJSON_CreateString)
    cJSON_Delete                             0x080057f5   Thumb Code    76  cjson.o(i.cJSON_Delete)
    cJSON_GetArrayItem                       0x08005845   Thumb Code    12  cjson.o(i.cJSON_GetArrayItem)
    cJSON_GetObjectItem                      0x08005851   Thumb Code     6  cjson.o(i.cJSON_GetObjectItem)
    cJSON_IsArray                            0x08005857   Thumb Code    18  cjson.o(i.cJSON_IsArray)
    cJSON_IsBool                             0x08005869   Thumb Code    14  cjson.o(i.cJSON_IsBool)
    cJSON_IsNumber                           0x08005877   Thumb Code    18  cjson.o(i.cJSON_IsNumber)
    cJSON_Parse                              0x0800589f   Thumb Code     8  cjson.o(i.cJSON_Parse)
    cJSON_ParseWithLengthOpts                0x080058a9   Thumb Code   210  cjson.o(i.cJSON_ParseWithLengthOpts)
    cJSON_ParseWithOpts                      0x08005985   Thumb Code    34  cjson.o(i.cJSON_ParseWithOpts)
    cJSON_PrintUnformatted                   0x080059a9   Thumb Code     8  cjson.o(i.cJSON_PrintUnformatted)
    cJSON_free                               0x080059b5   Thumb Code     6  cjson.o(i.cJSON_free)
    close                                    0x080059e9   Thumb Code   108  socket.o(i.close)
    connect_W5x00                            0x08005bd5   Thumb Code     6  socket.o(i.connect_W5x00)
    ctlwizchip                               0x08005bdd   Thumb Code   248  wizchip_conf.o(i.ctlwizchip)
    cycle                                    0x08005cd9   Thumb Code   254  mqttclient.o(i.cycle)
    deliverMessage                           0x08005dd9   Thumb Code   174  mqttclient.o(i.deliverMessage)
    disconnect                               0x08005e89   Thumb Code   146  socket.o(i.disconnect)
    fputc                                    0x08005fad   Thumb Code    20  main.o(i.fputc)
    getSn_RX_RSR                             0x08005fdb   Thumb Code    76  w5500.o(i.getSn_RX_RSR)
    getSn_TX_FSR                             0x08006027   Thumb Code    76  w5500.o(i.getSn_TX_FSR)
    keepalive                                0x08006155   Thumb Code    80  mqttclient.o(i.keepalive)
    key_control                              0x080061a5   Thumb Code   130  control.o(i.key_control)
    key_scan                                 0x08006271   Thumb Code   104  control.o(i.key_scan)
    main                                     0x08006319   Thumb Code   150  main.o(i.main)
    mqtt_init                                0x080065a5   Thumb Code   210  mqtt_app.o(i.mqtt_init)
    mqtt_loop                                0x080067b5   Thumb Code    74  mqtt_app.o(i.mqtt_loop)
    network_init                             0x08006875   Thumb Code    24  bsp_w5500.o(i.network_init)
    readChar                                 0x08007355   Thumb Code    12  mqttpacket.o(i.readChar)
    readInt                                  0x08007361   Thumb Code    18  mqttpacket.o(i.readInt)
    readMQTTLenString                        0x08007373   Thumb Code    52  mqttpacket.o(i.readMQTTLenString)
    realloc                                  0x08007449   Thumb Code   102  mallocr.o(i.realloc)
    recv                                     0x080074b5   Thumb Code   222  socket.o(i.recv)
    reg_wizchip_cris_cbfunc                  0x08007599   Thumb Code    22  wizchip_conf.o(i.reg_wizchip_cris_cbfunc)
    reg_wizchip_cs_cbfunc                    0x080075bd   Thumb Code    22  wizchip_conf.o(i.reg_wizchip_cs_cbfunc)
    reg_wizchip_spi_cbfunc                   0x080075e1   Thumb Code    30  wizchip_conf.o(i.reg_wizchip_spi_cbfunc)
    send                                     0x0800760d   Thumb Code   346  socket.o(i.send)
    socket                                   0x080077c1   Thumb Code   296  socket.o(i.socket)
    strtod                                   0x080078f1   Thumb Code    28  strtod.o(i.strtod)
    w5500_dump                               0x080079fd   Thumb Code   190  bsp_w5500.o(i.w5500_dump)
    w5500_init                               0x08007b15   Thumb Code    60  bsp_w5500.o(i.w5500_init)
    w5x00_disconnect                         0x08007b71   Thumb Code     6  mqtt_interface.o(i.w5x00_disconnect)
    w5x00_read                               0x08007b77   Thumb Code    98  mqtt_interface.o(i.w5x00_read)
    w5x00_write                              0x08007bd9   Thumb Code    66  mqtt_interface.o(i.w5x00_write)
    waitfor                                  0x08007c1b   Thumb Code    42  mqttclient.o(i.waitfor)
    wiz_recv_data                            0x08007c79   Thumb Code    96  w5500.o(i.wiz_recv_data)
    wiz_send_data                            0x08007cd9   Thumb Code    96  w5500.o(i.wiz_send_data)
    wizchip_bus_readdata                     0x08007d43   Thumb Code     4  wizchip_conf.o(i.wizchip_bus_readdata)
    wizchip_bus_writedata                    0x08007d47   Thumb Code     4  wizchip_conf.o(i.wizchip_bus_writedata)
    wizchip_clrinterrupt                     0x08007d4d   Thumb Code    58  wizchip_conf.o(i.wizchip_clrinterrupt)
    wizchip_cris_enter                       0x08007d87   Thumb Code     2  wizchip_conf.o(i.wizchip_cris_enter)
    wizchip_cris_exit                        0x08007d89   Thumb Code     2  wizchip_conf.o(i.wizchip_cris_exit)
    wizchip_cs_deselect                      0x08007d8b   Thumb Code     2  wizchip_conf.o(i.wizchip_cs_deselect)
    wizchip_cs_select                        0x08007d8d   Thumb Code     2  wizchip_conf.o(i.wizchip_cs_select)
    wizchip_getinterrupt                     0x08007d8f   Thumb Code    30  wizchip_conf.o(i.wizchip_getinterrupt)
    wizchip_getinterruptmask                 0x08007dad   Thumb Code    28  wizchip_conf.o(i.wizchip_getinterruptmask)
    wizchip_getnetinfo                       0x08007dc9   Thumb Code    82  wizchip_conf.o(i.wizchip_getnetinfo)
    wizchip_init                             0x08007e21   Thumb Code   122  wizchip_conf.o(i.wizchip_init)
    wizchip_setinterruptmask                 0x08007e9b   Thumb Code    28  wizchip_conf.o(i.wizchip_setinterruptmask)
    wizchip_setnetinfo                       0x08007eb9   Thumb Code    82  wizchip_conf.o(i.wizchip_setnetinfo)
    wizchip_spi_readbyte                     0x08007f11   Thumb Code     4  wizchip_conf.o(i.wizchip_spi_readbyte)
    wizchip_spi_writebyte                    0x08007f15   Thumb Code     2  wizchip_conf.o(i.wizchip_spi_writebyte)
    wizchip_sw_reset                         0x08007f17   Thumb Code   116  wizchip_conf.o(i.wizchip_sw_reset)
    wizphy_getphyconf                        0x08007f8b   Thumb Code    78  wizchip_conf.o(i.wizphy_getphyconf)
    wizphy_getphylink                        0x08007fd9   Thumb Code    22  wizchip_conf.o(i.wizphy_getphylink)
    wizphy_getphypmode                       0x08007fef   Thumb Code    26  wizchip_conf.o(i.wizphy_getphypmode)
    wizphy_getphystat                        0x08008009   Thumb Code    26  wizchip_conf.o(i.wizphy_getphystat)
    wizphy_reset                             0x08008023   Thumb Code    42  wizchip_conf.o(i.wizphy_reset)
    wizphy_setphyconf                        0x0800804d   Thumb Code    74  wizchip_conf.o(i.wizphy_setphyconf)
    wizphy_setphypmode                       0x08008097   Thumb Code    80  wizchip_conf.o(i.wizphy_setphypmode)
    writeCString                             0x080080e7   Thumb Code    40  mqttpacket.o(i.writeCString)
    writeChar                                0x0800810f   Thumb Code    12  mqttpacket.o(i.writeChar)
    writeInt                                 0x0800811b   Thumb Code    30  mqttpacket.o(i.writeInt)
    writeMQTTString                          0x08008139   Thumb Code    54  mqttpacket.o(i.writeMQTTString)
    AHBPrescTable                            0x08008180   Data          16  system_stm32f1xx.o(.constdata)
    APBPrescTable                            0x08008190   Data           8  system_stm32f1xx.o(.constdata)
    __ctype_categories                       0x08008260   Data          64  ctype_c.o(.constdata)
    Region$$Table$$Base                      0x08008350   Number         0  anon$$obj.o(Region$$Table)
    Region$$Table$$Limit                     0x08008370   Number         0  anon$$obj.o(Region$$Table)
    uwTickFreq                               0x20000000   Data           1  stm32f1xx_hal.o(.data)
    uwTickPrio                               0x20000004   Data           4  stm32f1xx_hal.o(.data)
    uwTick                                   0x20000008   Data           4  stm32f1xx_hal.o(.data)
    SystemCoreClock                          0x2000000c   Data           4  system_stm32f1xx.o(.data)
    WIZCHIP                                  0x20000018   Data          44  wizchip_conf.o(.data)
    sock_pack_info                           0x2000004a   Data           8  socket.o(.data)
    g_device                                 0x2000008c   Data           4  control.o(.data)
    key                                      0x20000090   Data           8  control.o(.data)
    __stdout                                 0x200000b0   Data           4  stdout.o(.data)
    __microlib_freelist                      0x200000b4   Data           4  mvars.o(.data)
    __microlib_freelist_initialised          0x200000b8   Data           4  mvars.o(.data)
    hi2c1                                    0x200000bc   Data          84  i2c.o(.bss)
    hspi1                                    0x20000110   Data          88  spi.o(.bss)
    htim4                                    0x20000168   Data          72  tim.o(.bss)
    huart1                                   0x200001b0   Data          72  usart.o(.bss)
    g_MQTTclient                             0x20001218   Data          92  mqtt_app.o(.bss)
    __heap_base                              0x20001478   Data           0  startup_stm32f103xe.o(HEAP)
    __heap_limit                             0x20003478   Data           0  startup_stm32f103xe.o(HEAP)
    __initial_sp                             0x20003878   Data           0  startup_stm32f103xe.o(STACK)



==============================================================================

Memory Map of the image

  Image Entry point : 0x08000131

  Load Region LR_IROM1 (Base: 0x08000000, Size: 0x0000842c, Max: 0x00080000, ABSOLUTE)

    Execution Region ER_IROM1 (Exec base: 0x08000000, Load base: 0x08000000, Size: 0x00008370, Max: 0x00080000, ABSOLUTE)

    Exec Addr    Load Addr    Size         Type   Attr      Idx    E Section Name        Object

    0x08000000   0x08000000   0x00000130   Data   RO            3    RESET               startup_stm32f103xe.o
    0x08000130   0x08000130   0x00000000   Code   RO         5895  * .ARM.Collect$$$$00000000  mc_w.l(entry.o)
    0x08000130   0x08000130   0x00000004   Code   RO         6259    .ARM.Collect$$$$00000001  mc_w.l(entry2.o)
    0x08000134   0x08000134   0x00000004   Code   RO         6262    .ARM.Collect$$$$00000004  mc_w.l(entry5.o)
    0x08000138   0x08000138   0x00000000   Code   RO         6264    .ARM.Collect$$$$00000008  mc_w.l(entry7b.o)
    0x08000138   0x08000138   0x00000000   Code   RO         6266    .ARM.Collect$$$$0000000A  mc_w.l(entry8b.o)
    0x08000138   0x08000138   0x00000008   Code   RO         6267    .ARM.Collect$$$$0000000B  mc_w.l(entry9a.o)
    0x08000140   0x08000140   0x00000004   Code   RO         6274    .ARM.Collect$$$$0000000E  mc_w.l(entry12b.o)
    0x08000144   0x08000144   0x00000000   Code   RO         6269    .ARM.Collect$$$$0000000F  mc_w.l(entry10a.o)
    0x08000144   0x08000144   0x00000000   Code   RO         6271    .ARM.Collect$$$$00000011  mc_w.l(entry11a.o)
    0x08000144   0x08000144   0x00000004   Code   RO         6260    .ARM.Collect$$$$00002712  mc_w.l(entry2.o)
    0x08000148   0x08000148   0x00000024   Code   RO            4    .text               startup_stm32f103xe.o
    0x0800016c   0x0800016c   0x00000020   Code   RO         5898    .text               mc_w.l(llushr.o)
    0x0800018c   0x0800018c   0x0000000c   Code   RO         5900    .text               mc_w.l(tolower.o)
    0x08000198   0x08000198   0x00000024   Code   RO         5902    .text               mc_w.l(memcpya.o)
    0x080001bc   0x080001bc   0x00000024   Code   RO         5904    .text               mc_w.l(memseta.o)
    0x080001e0   0x080001e0   0x00000018   Code   RO         5906    .text               mc_w.l(strncpy.o)
    0x080001f8   0x080001f8   0x0000000e   Code   RO         5908    .text               mc_w.l(strlen.o)
    0x08000206   0x08000206   0x0000001c   Code   RO         5910    .text               mc_w.l(strcmp.o)
    0x08000222   0x08000222   0x00000012   Code   RO         5914    .text               mc_w.l(strcpy.o)
    0x08000234   0x08000234   0x0000001e   Code   RO         5916    .text               mc_w.l(strncmp.o)
    0x08000252   0x08000252   0x00000002   PAD
    0x08000254   0x08000254   0x00000038   Code   RO         6209    .text               mc_w.l(__0sscanf.o)
    0x0800028c   0x0800028c   0x00000360   Code   RO         6211    .text               mc_w.l(scanf_fp.o)
    0x080005ec   0x080005ec   0x000000b0   Code   RO         6215    .text               mf_w.l(fadd.o)
    0x0800069c   0x0800069c   0x0000014e   Code   RO         6223    .text               mf_w.l(dadd.o)
    0x080007ea   0x080007ea   0x0000002e   Code   RO         6225    .text               mf_w.l(dscalb.o)
    0x08000818   0x08000818   0x00000022   Code   RO         6229    .text               mf_w.l(dflti.o)
    0x0800083a   0x0800083a   0x0000001a   Code   RO         6231    .text               mf_w.l(dfltui.o)
    0x08000854   0x08000854   0x0000003e   Code   RO         6233    .text               mf_w.l(dfixi.o)
    0x08000892   0x08000892   0x00000026   Code   RO         6235    .text               mf_w.l(f2d.o)
    0x080008b8   0x080008b8   0x00000030   Code   RO         6237    .text               mf_w.l(cdcmple.o)
    0x080008e8   0x080008e8   0x00000030   Code   RO         6239    .text               mf_w.l(cdrcmple.o)
    0x08000918   0x08000918   0x00000038   Code   RO         6241    .text               mf_w.l(d2f.o)
    0x08000950   0x08000950   0x0000002c   Code   RO         6276    .text               mc_w.l(uidiv.o)
    0x0800097c   0x0800097c   0x00000062   Code   RO         6278    .text               mc_w.l(uldiv.o)
    0x080009de   0x080009de   0x0000001e   Code   RO         6280    .text               mc_w.l(llshl.o)
    0x080009fc   0x080009fc   0x00000024   Code   RO         6282    .text               mc_w.l(llsshr.o)
    0x08000a20   0x08000a20   0x00000028   Code   RO         6293    .text               mc_w.l(scanf_char.o)
    0x08000a48   0x08000a48   0x00000040   Code   RO         6295    .text               mc_w.l(_sgetc.o)
    0x08000a88   0x08000a88   0x0000009c   Code   RO         6297    .text               mc_w.l(strtod.o)
    0x08000b24   0x08000b24   0x00000000   Code   RO         6299    .text               mc_w.l(iusefp.o)
    0x08000b24   0x08000b24   0x0000006e   Code   RO         6300    .text               mf_w.l(fepilogue.o)
    0x08000b92   0x08000b92   0x000000ba   Code   RO         6304    .text               mf_w.l(depilogue.o)
    0x08000c4c   0x08000c4c   0x000000e4   Code   RO         6306    .text               mf_w.l(dmul.o)
    0x08000d30   0x08000d30   0x000000de   Code   RO         6308    .text               mf_w.l(ddiv.o)
    0x08000e0e   0x08000e0e   0x00000018   Code   RO         6312    .text               mf_w.l(dfltul.o)
    0x08000e26   0x08000e26   0x00000030   Code   RO         6314    .text               mf_w.l(dfixul.o)
    0x08000e56   0x08000e56   0x00000002   PAD
    0x08000e58   0x08000e58   0x00000024   Code   RO         6316    .text               mc_w.l(init.o)
    0x08000e7c   0x08000e7c   0x0000000a   Code   RO         6318    .text               mc_w.l(isspace_c.o)
    0x08000e86   0x08000e86   0x00000002   PAD
    0x08000e88   0x08000e88   0x00000330   Code   RO         6320    .text               mc_w.l(_scanf.o)
    0x080011b8   0x080011b8   0x00000028   Code   RO         6322    .text               mc_w.l(ctype_c.o)
    0x080011e0   0x080011e0   0x00000002   Code   RO          457    i.BusFault_Handler  stm32f1xx_it.o
    0x080011e2   0x080011e2   0x00000002   PAD
    0x080011e4   0x080011e4   0x00000080   Code   RO         5819    i.CO2_Alert_Check   sensor.o
    0x08001264   0x08001264   0x00000010   Code   RO         4100    i.CS_HIGH           bsp_w5500.o
    0x08001274   0x08001274   0x00000010   Code   RO         4101    i.CS_LOW            bsp_w5500.o
    0x08001284   0x08001284   0x0000002e   Code   RO         4629    i.ConnectNetwork    mqtt_interface.o
    0x080012b2   0x080012b2   0x00000002   PAD
    0x080012b4   0x080012b4   0x00000024   Code   RO         5743    i.Contorl_co2       control.o
    0x080012d8   0x080012d8   0x00000024   Code   RO         5744    i.Control_fun       control.o
    0x080012fc   0x080012fc   0x00000024   Code   RO         5746    i.Control_lamp      control.o
    0x08001320   0x08001320   0x00000024   Code   RO         5747    i.Control_spray     control.o
    0x08001344   0x08001344   0x00000002   Code   RO          458    i.DebugMon_Handler  stm32f1xx_it.o
    0x08001346   0x08001346   0x00000004   Code   RO           13    i.Error_Handler     main.o
    0x0800134a   0x0800134a   0x00000002   PAD
    0x0800134c   0x0800134c   0x00000130   Code   RO         1430    i.HAL_DMA_Abort_IT  stm32f1xx_hal_dma.o
    0x0800147c   0x0800147c   0x00000006   Code   RO         1433    i.HAL_DMA_GetState  stm32f1xx_hal_dma.o
    0x08001482   0x08001482   0x00000002   PAD
    0x08001484   0x08001484   0x00000024   Code   RO         1055    i.HAL_Delay         stm32f1xx_hal.o
    0x080014a8   0x080014a8   0x000001f8   Code   RO         1365    i.HAL_GPIO_Init     stm32f1xx_hal_gpio.o
    0x080016a0   0x080016a0   0x0000000a   Code   RO         1367    i.HAL_GPIO_ReadPin  stm32f1xx_hal_gpio.o
    0x080016aa   0x080016aa   0x0000000a   Code   RO         1369    i.HAL_GPIO_WritePin  stm32f1xx_hal_gpio.o
    0x080016b4   0x080016b4   0x0000000c   Code   RO         1059    i.HAL_GetTick       stm32f1xx_hal.o
    0x080016c0   0x080016c0   0x00000002   Code   RO          611    i.HAL_I2C_AbortCpltCallback  stm32f1xx_hal_i2c.o
    0x080016c2   0x080016c2   0x00000002   Code   RO          612    i.HAL_I2C_AddrCallback  stm32f1xx_hal_i2c.o
    0x080016c4   0x080016c4   0x000000c4   Code   RO          615    i.HAL_I2C_ER_IRQHandler  stm32f1xx_hal_i2c.o
    0x08001788   0x08001788   0x00000230   Code   RO          616    i.HAL_I2C_EV_IRQHandler  stm32f1xx_hal_i2c.o
    0x080019b8   0x080019b8   0x00000002   Code   RO          618    i.HAL_I2C_ErrorCallback  stm32f1xx_hal_i2c.o
    0x080019ba   0x080019ba   0x00000002   PAD
    0x080019bc   0x080019bc   0x00000188   Code   RO          622    i.HAL_I2C_Init      stm32f1xx_hal_i2c.o
    0x08001b44   0x08001b44   0x00000002   Code   RO          624    i.HAL_I2C_ListenCpltCallback  stm32f1xx_hal_i2c.o
    0x08001b46   0x08001b46   0x00000002   Code   RO          625    i.HAL_I2C_MasterRxCpltCallback  stm32f1xx_hal_i2c.o
    0x08001b48   0x08001b48   0x00000002   Code   RO          626    i.HAL_I2C_MasterTxCpltCallback  stm32f1xx_hal_i2c.o
    0x08001b4a   0x08001b4a   0x00000002   Code   RO          638    i.HAL_I2C_MemRxCpltCallback  stm32f1xx_hal_i2c.o
    0x08001b4c   0x08001b4c   0x00000002   Code   RO          639    i.HAL_I2C_MemTxCpltCallback  stm32f1xx_hal_i2c.o
    0x08001b4e   0x08001b4e   0x00000002   PAD
    0x08001b50   0x08001b50   0x0000007c   Code   RO          290    i.HAL_I2C_MspInit   i2c.o
    0x08001bcc   0x08001bcc   0x00000002   Code   RO          648    i.HAL_I2C_SlaveRxCpltCallback  stm32f1xx_hal_i2c.o
    0x08001bce   0x08001bce   0x00000002   Code   RO          649    i.HAL_I2C_SlaveTxCpltCallback  stm32f1xx_hal_i2c.o
    0x08001bd0   0x08001bd0   0x00000010   Code   RO         1065    i.HAL_IncTick       stm32f1xx_hal.o
    0x08001be0   0x08001be0   0x00000024   Code   RO         1066    i.HAL_Init          stm32f1xx_hal.o
    0x08001c04   0x08001c04   0x00000040   Code   RO         1067    i.HAL_InitTick      stm32f1xx_hal.o
    0x08001c44   0x08001c44   0x0000003c   Code   RO          551    i.HAL_MspInit       stm32f1xx_hal_msp.o
    0x08001c80   0x08001c80   0x0000001a   Code   RO         1525    i.HAL_NVIC_EnableIRQ  stm32f1xx_hal_cortex.o
    0x08001c9a   0x08001c9a   0x00000002   PAD
    0x08001c9c   0x08001c9c   0x00000040   Code   RO         1531    i.HAL_NVIC_SetPriority  stm32f1xx_hal_cortex.o
    0x08001cdc   0x08001cdc   0x00000024   Code   RO         1532    i.HAL_NVIC_SetPriorityGrouping  stm32f1xx_hal_cortex.o
    0x08001d00   0x08001d00   0x0000012c   Code   RO         1223    i.HAL_RCC_ClockConfig  stm32f1xx_hal_rcc.o
    0x08001e2c   0x08001e2c   0x00000020   Code   RO         1230    i.HAL_RCC_GetPCLK1Freq  stm32f1xx_hal_rcc.o
    0x08001e4c   0x08001e4c   0x00000020   Code   RO         1231    i.HAL_RCC_GetPCLK2Freq  stm32f1xx_hal_rcc.o
    0x08001e6c   0x08001e6c   0x0000004c   Code   RO         1232    i.HAL_RCC_GetSysClockFreq  stm32f1xx_hal_rcc.o
    0x08001eb8   0x08001eb8   0x00000320   Code   RO         1235    i.HAL_RCC_OscConfig  stm32f1xx_hal_rcc.o
    0x080021d8   0x080021d8   0x000000b2   Code   RO         2036    i.HAL_SPI_Init      stm32f1xx_hal_spi.o
    0x0800228a   0x0800228a   0x00000002   PAD
    0x0800228c   0x0800228c   0x00000070   Code   RO          332    i.HAL_SPI_MspInit   spi.o
    0x080022fc   0x080022fc   0x000001f0   Code   RO         2045    i.HAL_SPI_TransmitReceive  stm32f1xx_hal_spi.o
    0x080024ec   0x080024ec   0x00000028   Code   RO         1536    i.HAL_SYSTICK_Config  stm32f1xx_hal_cortex.o
    0x08002514   0x08002514   0x00000002   Code   RO         3053    i.HAL_TIMEx_BreakCallback  stm32f1xx_hal_tim_ex.o
    0x08002516   0x08002516   0x00000002   Code   RO         3054    i.HAL_TIMEx_CommutCallback  stm32f1xx_hal_tim_ex.o
    0x08002518   0x08002518   0x0000007c   Code   RO         3072    i.HAL_TIMEx_MasterConfigSynchronization  stm32f1xx_hal_tim_ex.o
    0x08002594   0x08002594   0x0000005a   Code   RO         2349    i.HAL_TIM_Base_Init  stm32f1xx_hal_tim.o
    0x080025ee   0x080025ee   0x00000002   PAD
    0x080025f0   0x080025f0   0x0000003c   Code   RO          374    i.HAL_TIM_Base_MspInit  tim.o
    0x0800262c   0x0800262c   0x0000006c   Code   RO         2354    i.HAL_TIM_Base_Start_IT  stm32f1xx_hal_tim.o
    0x08002698   0x08002698   0x000000dc   Code   RO         2358    i.HAL_TIM_ConfigClockSource  stm32f1xx_hal_tim.o
    0x08002774   0x08002774   0x00000002   Code   RO         2383    i.HAL_TIM_IC_CaptureCallback  stm32f1xx_hal_tim.o
    0x08002776   0x08002776   0x00000130   Code   RO         2397    i.HAL_TIM_IRQHandler  stm32f1xx_hal_tim.o
    0x080028a6   0x080028a6   0x00000002   Code   RO         2400    i.HAL_TIM_OC_DelayElapsedCallback  stm32f1xx_hal_tim.o
    0x080028a8   0x080028a8   0x00000002   Code   RO         2427    i.HAL_TIM_PWM_PulseFinishedCallback  stm32f1xx_hal_tim.o
    0x080028aa   0x080028aa   0x00000002   PAD
    0x080028ac   0x080028ac   0x00000030   Code   RO         5748    i.HAL_TIM_PeriodElapsedCallback  control.o
    0x080028dc   0x080028dc   0x00000002   Code   RO         2440    i.HAL_TIM_TriggerCallback  stm32f1xx_hal_tim.o
    0x080028de   0x080028de   0x00000064   Code   RO         3350    i.HAL_UART_Init     stm32f1xx_hal_uart.o
    0x08002942   0x08002942   0x00000002   PAD
    0x08002944   0x08002944   0x00000070   Code   RO          416    i.HAL_UART_MspInit  usart.o
    0x080029b4   0x080029b4   0x000000a0   Code   RO         3358    i.HAL_UART_Transmit  stm32f1xx_hal_uart.o
    0x08002a54   0x08002a54   0x00000002   Code   RO          459    i.HardFault_Handler  stm32f1xx_it.o
    0x08002a56   0x08002a56   0x00000002   PAD
    0x08002a58   0x08002a58   0x0000000c   Code   RO          460    i.I2C1_ER_IRQHandler  stm32f1xx_it.o
    0x08002a64   0x08002a64   0x0000000c   Code   RO          461    i.I2C1_EV_IRQHandler  stm32f1xx_it.o
    0x08002a70   0x08002a70   0x000000bc   Code   RO          660    i.I2C_DMAAbort      stm32f1xx_hal_i2c.o
    0x08002b2c   0x08002b2c   0x00000010   Code   RO          663    i.I2C_Flush_DR      stm32f1xx_hal_i2c.o
    0x08002b3c   0x08002b3c   0x00000158   Code   RO          664    i.I2C_ITError       stm32f1xx_hal_i2c.o
    0x08002c94   0x08002c94   0x000000da   Code   RO          666    i.I2C_MasterReceive_BTF  stm32f1xx_hal_i2c.o
    0x08002d6e   0x08002d6e   0x00000002   PAD
    0x08002d70   0x08002d70   0x000000f4   Code   RO          667    i.I2C_MasterReceive_RXNE  stm32f1xx_hal_i2c.o
    0x08002e64   0x08002e64   0x00000082   Code   RO          670    i.I2C_MasterTransmit_BTF  stm32f1xx_hal_i2c.o
    0x08002ee6   0x08002ee6   0x00000002   PAD
    0x08002ee8   0x08002ee8   0x000000b6   Code   RO          671    i.I2C_MasterTransmit_TXE  stm32f1xx_hal_i2c.o
    0x08002f9e   0x08002f9e   0x00000002   PAD
    0x08002fa0   0x08002fa0   0x00000158   Code   RO          672    i.I2C_Master_ADDR   stm32f1xx_hal_i2c.o
    0x080030f8   0x080030f8   0x0000008c   Code   RO          673    i.I2C_Master_SB     stm32f1xx_hal_i2c.o
    0x08003184   0x08003184   0x000000a8   Code   RO          674    i.I2C_MemoryTransmit_TXE_BTF  stm32f1xx_hal_i2c.o
    0x0800322c   0x0800322c   0x00000046   Code   RO          677    i.I2C_Slave_ADDR    stm32f1xx_hal_i2c.o
    0x08003272   0x08003272   0x00000002   PAD
    0x08003274   0x08003274   0x00000090   Code   RO          678    i.I2C_Slave_AF      stm32f1xx_hal_i2c.o
    0x08003304   0x08003304   0x0000015c   Code   RO          679    i.I2C_Slave_STOPF   stm32f1xx_hal_i2c.o
    0x08003460   0x08003460   0x0000003a   Code   RO         4505    i.MQTTClientInit    mqttclient.o
    0x0800349a   0x0800349a   0x00000002   PAD
    0x0800349c   0x0800349c   0x00000098   Code   RO         4506    i.MQTTConnect       mqttclient.o
    0x08003534   0x08003534   0x00000048   Code   RO         4791    i.MQTTDeserialize_ack  mqttdeserializepublish.o
    0x0800357c   0x0800357c   0x0000005a   Code   RO         4704    i.MQTTDeserialize_connack  mqttconnectclient.o
    0x080035d6   0x080035d6   0x0000008c   Code   RO         4792    i.MQTTDeserialize_publish  mqttdeserializepublish.o
    0x08003662   0x08003662   0x0000007c   Code   RO         5028    i.MQTTDeserialize_suback  mqttsubscribeclient.o
    0x080036de   0x080036de   0x00000036   Code   RO         4878    i.MQTTPacket_decode  mqttpacket.o
    0x08003714   0x08003714   0x00000014   Code   RO         4879    i.MQTTPacket_decodeBuf  mqttpacket.o
    0x08003728   0x08003728   0x0000002a   Code   RO         4880    i.MQTTPacket_encode  mqttpacket.o
    0x08003752   0x08003752   0x00000034   Code   RO         4881    i.MQTTPacket_equals  mqttpacket.o
    0x08003786   0x08003786   0x00000002   PAD
    0x08003788   0x08003788   0x00000028   Code   RO         4882    i.MQTTPacket_len    mqttpacket.o
    0x080037b0   0x080037b0   0x000000b6   Code   RO         4508    i.MQTTPublish       mqttclient.o
    0x08003866   0x08003866   0x00000048   Code   RO         4986    i.MQTTSerialize_ack  mqttserializepublish.o
    0x080038ae   0x080038ae   0x00000002   PAD
    0x080038b0   0x080038b0   0x00000118   Code   RO         4705    i.MQTTSerialize_connect  mqttconnectclient.o
    0x080039c8   0x080039c8   0x00000076   Code   RO         4706    i.MQTTSerialize_connectLength  mqttconnectclient.o
    0x08003a3e   0x08003a3e   0x00000006   Code   RO         4708    i.MQTTSerialize_pingreq  mqttconnectclient.o
    0x08003a44   0x08003a44   0x00000086   Code   RO         4989    i.MQTTSerialize_publish  mqttserializepublish.o
    0x08003aca   0x08003aca   0x0000001e   Code   RO         4990    i.MQTTSerialize_publishLength  mqttserializepublish.o
    0x08003ae8   0x08003ae8   0x0000008c   Code   RO         5029    i.MQTTSerialize_subscribe  mqttsubscribeclient.o
    0x08003b74   0x08003b74   0x0000002e   Code   RO         5030    i.MQTTSerialize_subscribeLength  mqttsubscribeclient.o
    0x08003ba2   0x08003ba2   0x00000032   Code   RO         4709    i.MQTTSerialize_zero  mqttconnectclient.o
    0x08003bd4   0x08003bd4   0x000000bc   Code   RO         4510    i.MQTTSubscribe     mqttclient.o
    0x08003c90   0x08003c90   0x00000028   Code   RO         4512    i.MQTTYield         mqttclient.o
    0x08003cb8   0x08003cb8   0x0000011c   Code   RO         4382    i.MQTT_Publish_Alert  mqtt_app.o
    0x08003dd4   0x08003dd4   0x0000000e   Code   RO         4885    i.MQTTstrlen        mqttpacket.o
    0x08003de2   0x08003de2   0x00000002   PAD
    0x08003de4   0x08003de4   0x0000007c   Code   RO          265    i.MX_GPIO_Init      gpio.o
    0x08003e60   0x08003e60   0x00000040   Code   RO          291    i.MX_I2C1_Init      i2c.o
    0x08003ea0   0x08003ea0   0x00000048   Code   RO          333    i.MX_SPI1_Init      spi.o
    0x08003ee8   0x08003ee8   0x00000068   Code   RO          375    i.MX_TIM4_Init      tim.o
    0x08003f50   0x08003f50   0x00000038   Code   RO          417    i.MX_USART1_UART_Init  usart.o
    0x08003f88   0x08003f88   0x00000002   Code   RO          462    i.MemManage_Handler  stm32f1xx_it.o
    0x08003f8a   0x08003f8a   0x00000002   Code   RO          463    i.NMI_Handler       stm32f1xx_it.o
    0x08003f8c   0x08003f8c   0x0000001c   Code   RO         4630    i.NewNetwork        mqtt_interface.o
    0x08003fa8   0x08003fa8   0x0000013c   Code   RO         4383    i.Parse_JSON_Command  mqtt_app.o
    0x080040e4   0x080040e4   0x00000002   Code   RO          464    i.PendSV_Handler    stm32f1xx_it.o
    0x080040e6   0x080040e6   0x00000002   PAD
    0x080040e8   0x080040e8   0x00000104   Code   RO         4384    i.Publish_Device_Command  mqtt_app.o
    0x080041ec   0x080041ec   0x000000e4   Code   RO         4386    i.Publish_sensor_temp_humi  mqtt_app.o
    0x080042d0   0x080042d0   0x00000034   Code   RO         2074    i.SPI_EndRxTxTransaction  stm32f1xx_hal_spi.o
    0x08004304   0x08004304   0x000000b8   Code   RO         2079    i.SPI_WaitFlagStateUntilTimeout  stm32f1xx_hal_spi.o
    0x080043bc   0x080043bc   0x00000002   Code   RO          465    i.SVC_Handler       stm32f1xx_it.o
    0x080043be   0x080043be   0x00000002   PAD
    0x080043c0   0x080043c0   0x0000018c   Code   RO         4387    i.Send_All_Device_Status  mqtt_app.o
    0x0800454c   0x0800454c   0x00000014   Code   RO         4388    i.Send_Lamp_Command  mqtt_app.o
    0x08004560   0x08004560   0x00000010   Code   RO         4389    i.Send_fun_Command  mqtt_app.o
    0x08004570   0x08004570   0x00000014   Code   RO         4390    i.Send_spray_Command  mqtt_app.o
    0x08004584   0x08004584   0x00000040   Code   RO         5820    i.Sensor_Read_CO2   sensor.o
    0x080045c4   0x080045c4   0x00000054   Code   RO         5821    i.Sensor_Read_TempHumi  sensor.o
    0x08004618   0x08004618   0x000000c8   Code   RO         5822    i.Sensor_task       sensor.o
    0x080046e0   0x080046e0   0x00000020   Code   RO         4102    i.Spi1_read_write_byte  bsp_w5500.o
    0x08004700   0x08004700   0x00000004   Code   RO          466    i.SysTick_Handler   stm32f1xx_it.o
    0x08004704   0x08004704   0x0000005e   Code   RO           14    i.SystemClock_Config  main.o
    0x08004762   0x08004762   0x00000002   Code   RO         3684    i.SystemInit        system_stm32f1xx.o
    0x08004764   0x08004764   0x0000000c   Code   RO          467    i.TIM4_IRQHandler   stm32f1xx_it.o
    0x08004770   0x08004770   0x0000009c   Code   RO         2442    i.TIM_Base_SetConfig  stm32f1xx_hal_tim.o
    0x0800480c   0x0800480c   0x00000014   Code   RO         2453    i.TIM_ETR_SetConfig  stm32f1xx_hal_tim.o
    0x08004820   0x08004820   0x00000010   Code   RO         2454    i.TIM_ITRx_SetConfig  stm32f1xx_hal_tim.o
    0x08004830   0x08004830   0x00000022   Code   RO         2460    i.TIM_TI1_ConfigInputStage  stm32f1xx_hal_tim.o
    0x08004852   0x08004852   0x00000024   Code   RO         2462    i.TIM_TI2_ConfigInputStage  stm32f1xx_hal_tim.o
    0x08004876   0x08004876   0x0000001a   Code   RO         4631    i.TimerCountdown    mqtt_interface.o
    0x08004890   0x08004890   0x00000010   Code   RO         4632    i.TimerCountdownMS  mqtt_interface.o
    0x080048a0   0x080048a0   0x00000006   Code   RO         4633    i.TimerInit         mqtt_interface.o
    0x080048a6   0x080048a6   0x00000016   Code   RO         4634    i.TimerIsExpired    mqtt_interface.o
    0x080048bc   0x080048bc   0x00000016   Code   RO         4635    i.TimerLeftMS       mqtt_interface.o
    0x080048d2   0x080048d2   0x0000004e   Code   RO         3373    i.UART_EndRxTransfer  stm32f1xx_hal_uart.o
    0x08004920   0x08004920   0x000000b8   Code   RO         3376    i.UART_SetConfig    stm32f1xx_hal_uart.o
    0x080049d8   0x080049d8   0x00000072   Code   RO         3379    i.UART_WaitOnFlagUntilTimeout  stm32f1xx_hal_uart.o
    0x08004a4a   0x08004a4a   0x00000002   Code   RO          468    i.UsageFault_Handler  stm32f1xx_it.o
    0x08004a4c   0x08004a4c   0x00000058   Code   RO         4180    i.WIZCHIP_READ      w5500.o
    0x08004aa4   0x08004aa4   0x00000074   Code   RO         4181    i.WIZCHIP_READ_BUF  w5500.o
    0x08004b18   0x08004b18   0x00000060   Code   RO         4182    i.WIZCHIP_WRITE     w5500.o
    0x08004b78   0x08004b78   0x00000070   Code   RO         4183    i.WIZCHIP_WRITE_BUF  w5500.o
    0x08004be8   0x08004be8   0x00000020   Code   RO         6153    i.__0printf         mc_w.l(printfa.o)
    0x08004c08   0x08004c08   0x00000028   Code   RO         6155    i.__0sprintf        mc_w.l(printfa.o)
    0x08004c30   0x08004c30   0x00000020   Code   RO         1538    i.__NVIC_SetPriority  stm32f1xx_hal_cortex.o
    0x08004c50   0x08004c50   0x0000005c   Code   RO         6185    i.__free$realloc    mc_w.l(mallocr.o)
    0x08004cac   0x08004cac   0x00000050   Code   RO         6186    i.__malloc$realloc  mc_w.l(mallocr.o)
    0x08004cfc   0x08004cfc   0x0000000e   Code   RO         6327    i.__scatterload_copy  mc_w.l(handlers.o)
    0x08004d0a   0x08004d0a   0x00000002   Code   RO         6328    i.__scatterload_null  mc_w.l(handlers.o)
    0x08004d0c   0x08004d0c   0x0000000e   Code   RO         6329    i.__scatterload_zeroinit  mc_w.l(handlers.o)
    0x08004d1a   0x08004d1a   0x00000002   PAD
    0x08004d1c   0x08004d1c   0x00000184   Code   RO         6160    i._fp_digits        mc_w.l(printfa.o)
    0x08004ea0   0x08004ea0   0x0000000e   Code   RO         6213    i._is_digit         mc_w.l(scanf_fp.o)
    0x08004eae   0x08004eae   0x00000002   PAD
    0x08004eb0   0x08004eb0   0x000006b4   Code   RO         6161    i._printf_core      mc_w.l(printfa.o)
    0x08005564   0x08005564   0x00000024   Code   RO         6162    i._printf_post_padding  mc_w.l(printfa.o)
    0x08005588   0x08005588   0x0000002e   Code   RO         6163    i._printf_pre_padding  mc_w.l(printfa.o)
    0x080055b6   0x080055b6   0x0000000a   Code   RO         6165    i._sputc            mc_w.l(printfa.o)
    0x080055c0   0x080055c0   0x0000002a   Code   RO         5112    i.add_item_to_array  cjson.o
    0x080055ea   0x080055ea   0x0000005a   Code   RO         5113    i.add_item_to_object  cjson.o
    0x08005644   0x08005644   0x00000024   Code   RO         4886    i.bufchar           mqttpacket.o
    0x08005668   0x08005668   0x00000030   Code   RO         5114    i.buffer_skip_whitespace  cjson.o
    0x08005698   0x08005698   0x00000030   Code   RO         5116    i.cJSON_AddBoolToObject  cjson.o
    0x080056c8   0x080056c8   0x00000034   Code   RO         5124    i.cJSON_AddNumberToObject  cjson.o
    0x080056fc   0x080056fc   0x00000030   Code   RO         5127    i.cJSON_AddStringToObject  cjson.o
    0x0800572c   0x0800572c   0x00000020   Code   RO         5132    i.cJSON_CreateBool  cjson.o
    0x0800574c   0x0800574c   0x00000060   Code   RO         5138    i.cJSON_CreateNumber  cjson.o
    0x080057ac   0x080057ac   0x00000018   Code   RO         5139    i.cJSON_CreateObject  cjson.o
    0x080057c4   0x080057c4   0x00000030   Code   RO         5142    i.cJSON_CreateString  cjson.o
    0x080057f4   0x080057f4   0x00000050   Code   RO         5146    i.cJSON_Delete      cjson.o
    0x08005844   0x08005844   0x0000000c   Code   RO         5156    i.cJSON_GetArrayItem  cjson.o
    0x08005850   0x08005850   0x00000006   Code   RO         5160    i.cJSON_GetObjectItem  cjson.o
    0x08005856   0x08005856   0x00000012   Code   RO         5166    i.cJSON_IsArray     cjson.o
    0x08005868   0x08005868   0x0000000e   Code   RO         5167    i.cJSON_IsBool      cjson.o
    0x08005876   0x08005876   0x00000012   Code   RO         5171    i.cJSON_IsNumber    cjson.o
    0x08005888   0x08005888   0x00000016   Code   RO         5177    i.cJSON_New_Item    cjson.o
    0x0800589e   0x0800589e   0x00000008   Code   RO         5178    i.cJSON_Parse       cjson.o
    0x080058a6   0x080058a6   0x00000002   PAD
    0x080058a8   0x080058a8   0x000000dc   Code   RO         5180    i.cJSON_ParseWithLengthOpts  cjson.o
    0x08005984   0x08005984   0x00000022   Code   RO         5181    i.cJSON_ParseWithOpts  cjson.o
    0x080059a6   0x080059a6   0x00000002   PAD
    0x080059a8   0x080059a8   0x0000000c   Code   RO         5185    i.cJSON_PrintUnformatted  cjson.o
    0x080059b4   0x080059b4   0x0000000c   Code   RO         5193    i.cJSON_free        cjson.o
    0x080059c0   0x080059c0   0x00000028   Code   RO         5195    i.cJSON_strdup      cjson.o
    0x080059e8   0x080059e8   0x00000074   Code   RO         3975    i.close             socket.o
    0x08005a5c   0x08005a5c   0x00000058   Code   RO         5196    i.compare_double    cjson.o
    0x08005ab4   0x08005ab4   0x00000120   Code   RO         3976    i.connect_IO_6      socket.o
    0x08005bd4   0x08005bd4   0x00000006   Code   RO         3977    i.connect_W5x00     socket.o
    0x08005bda   0x08005bda   0x00000002   PAD
    0x08005bdc   0x08005bdc   0x000000fc   Code   RO         3719    i.ctlwizchip        wizchip_conf.o
    0x08005cd8   0x08005cd8   0x000000fe   Code   RO         4513    i.cycle             mqttclient.o
    0x08005dd6   0x08005dd6   0x00000002   PAD
    0x08005dd8   0x08005dd8   0x000000ae   Code   RO         4514    i.deliverMessage    mqttclient.o
    0x08005e86   0x08005e86   0x00000002   PAD
    0x08005e88   0x08005e88   0x00000098   Code   RO         3980    i.disconnect        socket.o
    0x08005f20   0x08005f20   0x0000008a   Code   RO         5198    i.ensure            cjson.o
    0x08005faa   0x08005faa   0x00000002   PAD
    0x08005fac   0x08005fac   0x00000018   Code   RO           15    i.fputc             main.o
    0x08005fc4   0x08005fc4   0x00000016   Code   RO         4515    i.getNextPacketId   mqttclient.o
    0x08005fda   0x08005fda   0x0000004c   Code   RO         4184    i.getSn_RX_RSR      w5500.o
    0x08006026   0x08006026   0x0000004c   Code   RO         4185    i.getSn_TX_FSR      w5500.o
    0x08006072   0x08006072   0x00000016   Code   RO         5199    i.get_array_item    cjson.o
    0x08006088   0x08006088   0x0000007a   Code   RO         5200    i.get_object_item   cjson.o
    0x08006102   0x08006102   0x00000002   PAD
    0x08006104   0x08006104   0x00000050   Code   RO         6187    i.internal_alloc    mc_w.l(mallocr.o)
    0x08006154   0x08006154   0x00000050   Code   RO         4516    i.keepalive         mqttclient.o
    0x080061a4   0x080061a4   0x000000cc   Code   RO         5749    i.key_control       control.o
    0x08006270   0x08006270   0x000000a8   Code   RO         5750    i.key_scan          control.o
    0x08006318   0x08006318   0x00000188   Code   RO           19    i.main              main.o
    0x080064a0   0x080064a0   0x00000104   Code   RO         4391    i.messageArrived    mqtt_app.o
    0x080065a4   0x080065a4   0x00000210   Code   RO         4392    i.mqtt_init         mqtt_app.o
    0x080067b4   0x080067b4   0x000000c0   Code   RO         4393    i.mqtt_loop         mqtt_app.o
    0x08006874   0x08006874   0x0000001c   Code   RO         4103    i.network_init      bsp_w5500.o
    0x08006890   0x08006890   0x000000d0   Code   RO         5202    i.parse_array       cjson.o
    0x08006960   0x08006960   0x00000040   Code   RO         5203    i.parse_hex4        cjson.o
    0x080069a0   0x080069a0   0x0000012c   Code   RO         5204    i.parse_number      cjson.o
    0x08006acc   0x08006acc   0x00000110   Code   RO         5205    i.parse_object      cjson.o
    0x08006bdc   0x08006bdc   0x0000010c   Code   RO         5206    i.parse_string      cjson.o
    0x08006ce8   0x08006ce8   0x000000fc   Code   RO         5207    i.parse_value       cjson.o
    0x08006de4   0x08006de4   0x0000009a   Code   RO         5208    i.print             cjson.o
    0x08006e7e   0x08006e7e   0x0000009e   Code   RO         5209    i.print_array       cjson.o
    0x08006f1c   0x08006f1c   0x00000110   Code   RO         5210    i.print_number      cjson.o
    0x0800702c   0x0800702c   0x00000148   Code   RO         5211    i.print_object      cjson.o
    0x08007174   0x08007174   0x00000110   Code   RO         5212    i.print_string_ptr  cjson.o
    0x08007284   0x08007284   0x000000d0   Code   RO         5213    i.print_value       cjson.o
    0x08007354   0x08007354   0x0000000c   Code   RO         4888    i.readChar          mqttpacket.o
    0x08007360   0x08007360   0x00000012   Code   RO         4889    i.readInt           mqttpacket.o
    0x08007372   0x08007372   0x00000034   Code   RO         4890    i.readMQTTLenString  mqttpacket.o
    0x080073a6   0x080073a6   0x000000a0   Code   RO         4517    i.readPacket        mqttclient.o
    0x08007446   0x08007446   0x00000002   PAD
    0x08007448   0x08007448   0x0000006c   Code   RO         6188    i.realloc           mc_w.l(mallocr.o)
    0x080074b4   0x080074b4   0x000000e4   Code   RO         3983    i.recv              socket.o
    0x08007598   0x08007598   0x00000024   Code   RO         3722    i.reg_wizchip_cris_cbfunc  wizchip_conf.o
    0x080075bc   0x080075bc   0x00000024   Code   RO         3723    i.reg_wizchip_cs_cbfunc  wizchip_conf.o
    0x080075e0   0x080075e0   0x0000002c   Code   RO         3725    i.reg_wizchip_spi_cbfunc  wizchip_conf.o
    0x0800760c   0x0800760c   0x00000160   Code   RO         3987    i.send              socket.o
    0x0800776c   0x0800776c   0x00000054   Code   RO         4518    i.sendPacket        mqttclient.o
    0x080077c0   0x080077c0   0x00000130   Code   RO         3992    i.socket            socket.o
    0x080078f0   0x080078f0   0x0000001c   Code   RO         5892    i.strtod            m_ws.l(strtod.o)
    0x0800790c   0x0800790c   0x0000001c   Code   RO         5215    i.update_offset     cjson.o
    0x08007928   0x08007928   0x000000d2   Code   RO         5216    i.utf16_literal_to_utf8  cjson.o
    0x080079fa   0x080079fa   0x00000002   PAD
    0x080079fc   0x080079fc   0x00000118   Code   RO         4104    i.w5500_dump        bsp_w5500.o
    0x08007b14   0x08007b14   0x0000005c   Code   RO         4105    i.w5500_init        bsp_w5500.o
    0x08007b70   0x08007b70   0x00000006   Code   RO         4636    i.w5x00_disconnect  mqtt_interface.o
    0x08007b76   0x08007b76   0x00000062   Code   RO         4637    i.w5x00_read        mqtt_interface.o
    0x08007bd8   0x08007bd8   0x00000042   Code   RO         4638    i.w5x00_write       mqtt_interface.o
    0x08007c1a   0x08007c1a   0x0000002a   Code   RO         4519    i.waitfor           mqttclient.o
    0x08007c44   0x08007c44   0x00000018   Code   RO         4106    i.wiz_cris_enter    bsp_w5500.o
    0x08007c5c   0x08007c5c   0x0000001c   Code   RO         4107    i.wiz_cris_exit     bsp_w5500.o
    0x08007c78   0x08007c78   0x00000060   Code   RO         4186    i.wiz_recv_data     w5500.o
    0x08007cd8   0x08007cd8   0x00000060   Code   RO         4188    i.wiz_send_data     w5500.o
    0x08007d38   0x08007d38   0x00000006   Code   RO         4108    i.wiz_spi_readbyte  bsp_w5500.o
    0x08007d3e   0x08007d3e   0x00000004   Code   RO         4109    i.wiz_spi_writebyte  bsp_w5500.o
    0x08007d42   0x08007d42   0x00000004   Code   RO         3728    i.wizchip_bus_readdata  wizchip_conf.o
    0x08007d46   0x08007d46   0x00000004   Code   RO         3730    i.wizchip_bus_writedata  wizchip_conf.o
    0x08007d4a   0x08007d4a   0x00000002   PAD
    0x08007d4c   0x08007d4c   0x0000003a   Code   RO         3731    i.wizchip_clrinterrupt  wizchip_conf.o
    0x08007d86   0x08007d86   0x00000002   Code   RO         3732    i.wizchip_cris_enter  wizchip_conf.o
    0x08007d88   0x08007d88   0x00000002   Code   RO         3733    i.wizchip_cris_exit  wizchip_conf.o
    0x08007d8a   0x08007d8a   0x00000002   Code   RO         3734    i.wizchip_cs_deselect  wizchip_conf.o
    0x08007d8c   0x08007d8c   0x00000002   Code   RO         3735    i.wizchip_cs_select  wizchip_conf.o
    0x08007d8e   0x08007d8e   0x0000001e   Code   RO         3736    i.wizchip_getinterrupt  wizchip_conf.o
    0x08007dac   0x08007dac   0x0000001c   Code   RO         3737    i.wizchip_getinterruptmask  wizchip_conf.o
    0x08007dc8   0x08007dc8   0x00000058   Code   RO         3738    i.wizchip_getnetinfo  wizchip_conf.o
    0x08007e20   0x08007e20   0x0000007a   Code   RO         3741    i.wizchip_init      wizchip_conf.o
    0x08007e9a   0x08007e9a   0x0000001c   Code   RO         3744    i.wizchip_setinterruptmask  wizchip_conf.o
    0x08007eb6   0x08007eb6   0x00000002   PAD
    0x08007eb8   0x08007eb8   0x00000058   Code   RO         3745    i.wizchip_setnetinfo  wizchip_conf.o
    0x08007f10   0x08007f10   0x00000004   Code   RO         3749    i.wizchip_spi_readbyte  wizchip_conf.o
    0x08007f14   0x08007f14   0x00000002   Code   RO         3751    i.wizchip_spi_writebyte  wizchip_conf.o
    0x08007f16   0x08007f16   0x00000074   Code   RO         3752    i.wizchip_sw_reset  wizchip_conf.o
    0x08007f8a   0x08007f8a   0x0000004e   Code   RO         3753    i.wizphy_getphyconf  wizchip_conf.o
    0x08007fd8   0x08007fd8   0x00000016   Code   RO         3754    i.wizphy_getphylink  wizchip_conf.o
    0x08007fee   0x08007fee   0x0000001a   Code   RO         3755    i.wizphy_getphypmode  wizchip_conf.o
    0x08008008   0x08008008   0x0000001a   Code   RO         3756    i.wizphy_getphystat  wizchip_conf.o
    0x08008022   0x08008022   0x0000002a   Code   RO         3757    i.wizphy_reset      wizchip_conf.o
    0x0800804c   0x0800804c   0x0000004a   Code   RO         3758    i.wizphy_setphyconf  wizchip_conf.o
    0x08008096   0x08008096   0x00000050   Code   RO         3759    i.wizphy_setphypmode  wizchip_conf.o
    0x080080e6   0x080080e6   0x00000028   Code   RO         4891    i.writeCString      mqttpacket.o
    0x0800810e   0x0800810e   0x0000000c   Code   RO         4892    i.writeChar         mqttpacket.o
    0x0800811a   0x0800811a   0x0000001e   Code   RO         4893    i.writeInt          mqttpacket.o
    0x08008138   0x08008138   0x00000036   Code   RO         4894    i.writeMQTTString   mqttpacket.o
    0x0800816e   0x0800816e   0x00000012   Data   RO         1236    .constdata          stm32f1xx_hal_rcc.o
    0x08008180   0x08008180   0x00000010   Data   RO         3685    .constdata          system_stm32f1xx.o
    0x08008190   0x08008190   0x00000008   Data   RO         3686    .constdata          system_stm32f1xx.o
    0x08008198   0x08008198   0x00000017   Data   RO         4110    .constdata          bsp_w5500.o
    0x080081af   0x080081af   0x00000001   PAD
    0x080081b0   0x080081b0   0x00000058   Data   RO         4395    .constdata          mqtt_app.o
    0x08008208   0x08008208   0x00000058   Data   RO         4520    .constdata          mqttclient.o
    0x08008260   0x08008260   0x00000040   Data   RO         6323    .constdata          mc_w.l(ctype_c.o)
    0x080082a0   0x080082a0   0x00000047   Data   RO         4111    .conststring        bsp_w5500.o
    0x080082e7   0x080082e7   0x00000001   PAD
    0x080082e8   0x080082e8   0x00000066   Data   RO         4396    .conststring        mqtt_app.o
    0x0800834e   0x0800834e   0x00000002   PAD
    0x08008350   0x08008350   0x00000020   Data   RO         6325    Region$$Table       anon$$obj.o


    Execution Region RW_IRAM1 (Exec base: 0x20000000, Load base: 0x08008370, Size: 0x00003878, Max: 0x00010000, ABSOLUTE)

    Exec Addr    Load Addr    Size         Type   Attr      Idx    E Section Name        Object

    0x20000000   0x08008370   0x0000000c   Data   RW         1073    .data               stm32f1xx_hal.o
    0x2000000c   0x0800837c   0x00000004   Data   RW         3687    .data               system_stm32f1xx.o
    0x20000010   0x08008380   0x00000034   Data   RW         3760    .data               wizchip_conf.o
    0x20000044   0x080083b4   0x0000000e   Data   RW         3994    .data               socket.o
    0x20000052   0x080083c2   0x00000002   PAD
    0x20000054   0x080083c4   0x00000008   Data   RW         4112    .data               bsp_w5500.o
    0x2000005c   0x080083cc   0x00000018   Data   RW         4397    .data               mqtt_app.o
    0x20000074   0x080083e4   0x00000004   Data   RW         4895    .data               mqttpacket.o
    0x20000078   0x080083e8   0x00000014   Data   RW         5218    .data               cjson.o
    0x2000008c   0x080083fc   0x0000000c   Data   RW         5751    .data               control.o
    0x20000098   0x08008408   0x00000018   Data   RW         5823    .data               sensor.o
    0x200000b0   0x08008420   0x00000004   Data   RW         6275    .data               mc_w.l(stdout.o)
    0x200000b4   0x08008424   0x00000004   Data   RW         6284    .data               mc_w.l(mvars.o)
    0x200000b8   0x08008428   0x00000004   Data   RW         6285    .data               mc_w.l(mvars.o)
    0x200000bc        -       0x00000054   Zero   RW          292    .bss                i2c.o
    0x20000110        -       0x00000058   Zero   RW          334    .bss                spi.o
    0x20000168        -       0x00000048   Zero   RW          376    .bss                tim.o
    0x200001b0        -       0x00000048   Zero   RW          418    .bss                usart.o
    0x200001f8        -       0x00000010   Zero   RW         3993    .bss                socket.o
    0x20000208        -       0x0000126c   Zero   RW         4394    .bss                mqtt_app.o
    0x20001474   0x0800842c   0x00000004   PAD
    0x20001478        -       0x00002000   Zero   RW            2    HEAP                startup_stm32f103xe.o
    0x20003478        -       0x00000400   Zero   RW            1    STACK               startup_stm32f103xe.o


==============================================================================

Image component sizes


      Code (inc. data)   RO Data    RW Data    ZI Data      Debug   Object Name

       526        152         94          8          0       8205   bsp_w5500.o
      4388        196          0         20          0      39094   cjson.o
       564        238          0         12          0       4303   control.o
       124          8          0          0          0        839   gpio.o
       188         26          0          0         84       1485   i2c.o
       514        246          0          0          0     510389   main.o
      2520       1122        190         24       4716      13077   mqtt_app.o
       336         12          0          0          0       6947   mqtt_interface.o
      1436         18         88          0          0      15868   mqttclient.o
       544         18          0          0          0       7001   mqttconnectclient.o
       212          0          0          0          0       2436   mqttdeserializepublish.o
       476         22          0          4          0       9888   mqttpacket.o
       236          0          0          0          0       3294   mqttserializepublish.o
       310          0          0          0          0       3499   mqttsubscribeclient.o
       476        196          0         24          0       2739   sensor.o
      1446         38          0         14         16      10047   socket.o
       184         24          0          0         88       1493   spi.o
        36          8        304          0       9216        764   startup_stm32f103xe.o
       164         28          0         12          0       6189   stm32f1xx_hal.o
       198         14          0          0          0      28687   stm32f1xx_hal_cortex.o
       310          8          0          0          0       1602   stm32f1xx_hal_dma.o
       524         42          0          0          0       3375   stm32f1xx_hal_gpio.o
      3704         56          0          0          0      21653   stm32f1xx_hal_i2c.o
        60          8          0          0          0        790   stm32f1xx_hal_msp.o
      1240         84         18          0          0       4872   stm32f1xx_hal_rcc.o
       910          4          0          0          0       4465   stm32f1xx_hal_spi.o
       992         42          0          0          0       9333   stm32f1xx_hal_tim.o
       128         20          0          0          0       2241   stm32f1xx_hal_tim_ex.o
       636          6          0          0          0       4392   stm32f1xx_hal_uart.o
        56         18          0          0          0       4690   stm32f1xx_it.o
         2          0         24          4          0        999   system_stm32f1xx.o
       164         20          0          0         72       1502   tim.o
       168         20          0          0         72       1518   usart.o
       756         18          0          0          0       5256   w5500.o
      1296         80          0         52          0      18172   wizchip_conf.o

    ----------------------------------------------------------------------
     25890       2792        754        176      14268     761104   Object Totals
         0          0         32          0          0          0   (incl. Generated)
        66          0          4          2          4          0   (incl. Padding)

    ----------------------------------------------------------------------

      Code (inc. data)   RO Data    RW Data    ZI Data      Debug   Library Member Name

        28          0          0          0          0         80   strtod.o
        56          8          0          0          0         84   __0sscanf.o
       816          6          0          0          0        112   _scanf.o
        64          0          0          0          0         84   _sgetc.o
        40          6         64          0          0         68   ctype_c.o
         0          0          0          0          0          0   entry.o
         0          0          0          0          0          0   entry10a.o
         0          0          0          0          0          0   entry11a.o
         4          0          0          0          0          0   entry12b.o
         8          4          0          0          0          0   entry2.o
         4          0          0          0          0          0   entry5.o
         0          0          0          0          0          0   entry7b.o
         0          0          0          0          0          0   entry8b.o
         8          4          0          0          0          0   entry9a.o
        30          0          0          0          0          0   handlers.o
        36          8          0          0          0         68   init.o
        10          0          0          0          0         68   isspace_c.o
         0          0          0          0          0          0   iusefp.o
        30          0          0          0          0         68   llshl.o
        36          0          0          0          0         68   llsshr.o
        32          0          0          0          0         68   llushr.o
       360         30          0          0          0        356   mallocr.o
        36          0          0          0          0         68   memcpya.o
        36          0          0          0          0        108   memseta.o
         0          0          0          8          0          0   mvars.o
      2268         96          0          0          0        616   printfa.o
        40          8          0          0          0         84   scanf_char.o
       878         12          0          0          0        216   scanf_fp.o
         0          0          0          4          0          0   stdout.o
        28          0          0          0          0         76   strcmp.o
        18          0          0          0          0         68   strcpy.o
        14          0          0          0          0         68   strlen.o
        30          0          0          0          0         80   strncmp.o
        24          0          0          0          0         76   strncpy.o
       156         12          0          0          0        120   strtod.o
        12          0          0          0          0         68   tolower.o
        44          0          0          0          0         80   uidiv.o
        98          0          0          0          0         92   uldiv.o
        48          0          0          0          0         68   cdcmple.o
        48          0          0          0          0         68   cdrcmple.o
        56          0          0          0          0         88   d2f.o
       334          0          0          0          0        148   dadd.o
       222          0          0          0          0        100   ddiv.o
       186          0          0          0          0        176   depilogue.o
        62          0          0          0          0         80   dfixi.o
        48          0          0          0          0         68   dfixul.o
        34          0          0          0          0         76   dflti.o
        26          0          0          0          0         76   dfltui.o
        24          0          0          0          0         76   dfltul.o
       228          0          0          0          0         96   dmul.o
        46          0          0          0          0         80   dscalb.o
        38          0          0          0          0         68   f2d.o
       176          0          0          0          0        140   fadd.o
       110          0          0          0          0        168   fepilogue.o

    ----------------------------------------------------------------------
      6940        194         64         12          0       4520   Library Totals
        10          0          0          0          0          0   (incl. Padding)

    ----------------------------------------------------------------------

      Code (inc. data)   RO Data    RW Data    ZI Data      Debug   Library Name

        28          0          0          0          0         80   m_ws.l
      5216        194         64         12          0       2864   mc_w.l
      1686          0          0          0          0       1576   mf_w.l

    ----------------------------------------------------------------------
      6940        194         64         12          0       4520   Library Totals

    ----------------------------------------------------------------------

==============================================================================


      Code (inc. data)   RO Data    RW Data    ZI Data      Debug   

     32830       2986        818        188      14268     749812   Grand Totals
     32830       2986        818        188      14268     749812   ELF Image Totals
     32830       2986        818        188          0          0   ROM Totals

==============================================================================

    Total RO  Size (Code + RO Data)                33648 (  32.86kB)
    Total RW  Size (RW Data + ZI Data)             14456 (  14.12kB)
    Total ROM Size (Code + RO Data + RW Data)      33836 (  33.04kB)

==============================================================================

